Component: ARM Compiler 6.10.1 Tool: armlink [5d142800]

==============================================================================

Section Cross References

    startup_stm32f411xe.o(RESET) refers to startup_stm32f411xe.o(STACK) for __initial_sp
    startup_stm32f411xe.o(RESET) refers to startup_stm32f411xe.o(.text) for Reset_Handler
    startup_stm32f411xe.o(RESET) refers to stm32f4xx_it.o(.text.NMI_Handler) for NMI_Handler
    startup_stm32f411xe.o(RESET) refers to stm32f4xx_it.o(.text.HardFault_Handler) for HardFault_Handler
    startup_stm32f411xe.o(RESET) refers to stm32f4xx_it.o(.text.MemManage_Handler) for MemManage_Handler
    startup_stm32f411xe.o(RESET) refers to stm32f4xx_it.o(.text.BusFault_Handler) for BusFault_Handler
    startup_stm32f411xe.o(RESET) refers to stm32f4xx_it.o(.text.UsageFault_Handler) for UsageFault_Handler
    startup_stm32f411xe.o(RESET) refers to stm32f4xx_it.o(.text.SVC_Handler) for SVC_Handler
    startup_stm32f411xe.o(RESET) refers to stm32f4xx_it.o(.text.DebugMon_Handler) for DebugMon_Handler
    startup_stm32f411xe.o(RESET) refers to stm32f4xx_it.o(.text.PendSV_Handler) for PendSV_Handler
    startup_stm32f411xe.o(RESET) refers to stm32f4xx_it.o(.text.SysTick_Handler) for SysTick_Handler
    startup_stm32f411xe.o(RESET) refers to stm32f4xx_it.o(.text.EXTI2_IRQHandler) for EXTI2_IRQHandler
    startup_stm32f411xe.o(RESET) refers to stm32f4xx_it.o(.text.RTC_Alarm_IRQHandler) for RTC_Alarm_IRQHandler
    startup_stm32f411xe.o(RESET) refers to stm32f4xx_it.o(.text.DMA2_Stream0_IRQHandler) for DMA2_Stream0_IRQHandler
    startup_stm32f411xe.o(.text) refers to system_stm32f4xx.o(.text.SystemInit) for SystemInit
    startup_stm32f411xe.o(.text) refers to entry.o(.ARM.Collect$$$$00000000) for __main
    main.o(.text.main) refers to stm32f4xx_hal.o(.text.HAL_Init) for HAL_Init
    main.o(.text.main) refers to main.o(.text.SystemClock_Config) for SystemClock_Config
    main.o(.text.main) refers to main.o(.text.MX_GPIO_Init) for MX_GPIO_Init
    main.o(.text.main) refers to main.o(.text.MX_DMA_Init) for MX_DMA_Init
    main.o(.text.main) refers to main.o(.text.MX_ADC1_Init) for MX_ADC1_Init
    main.o(.text.main) refers to main.o(.text.MX_SPI1_Init) for MX_SPI1_Init
    main.o(.text.main) refers to main.o(.text.MX_SPI2_Init) for MX_SPI2_Init
    main.o(.text.main) refers to main.o(.text.MX_TIM2_Init) for MX_TIM2_Init
    main.o(.text.main) refers to main.o(.text.MX_RTC_Init) for MX_RTC_Init
    main.o(.text.main) refers to main.o(.text.MX_TIM1_Init) for MX_TIM1_Init
    main.o(.text.main) refers to init.o(.text.initDevice) for initDevice
    main.o(.text.main) refers to memseta.o(.text) for __aeabi_memclr
    main.o(.text.main) refers to main.o(.rodata.str1.1) for .L.str
    main.o(.text.main) refers to printfa.o(i.__0snprintf) for snprintf
    main.o(.text.main) refers to popupwindow.o(.text.notification) for notification
    main.o(.ARM.exidx.text.main) refers to main.o(.text.main) for [Anonymous Symbol]
    main.o(.text.SystemClock_Config) refers to memseta.o(.text) for __aeabi_memclr4
    main.o(.text.SystemClock_Config) refers to stm32f4xx_hal_rcc.o(.text.HAL_RCC_OscConfig) for HAL_RCC_OscConfig
    main.o(.text.SystemClock_Config) refers to main.o(.text.Error_Handler) for Error_Handler
    main.o(.text.SystemClock_Config) refers to stm32f4xx_hal_rcc.o(.text.HAL_RCC_ClockConfig) for HAL_RCC_ClockConfig
    main.o(.text.SystemClock_Config) refers to stm32f4xx_hal_rcc_ex.o(.text.HAL_RCCEx_PeriphCLKConfig) for HAL_RCCEx_PeriphCLKConfig
    main.o(.ARM.exidx.text.SystemClock_Config) refers to main.o(.text.SystemClock_Config) for [Anonymous Symbol]
    main.o(.text.MX_GPIO_Init) refers to stm32f4xx_hal_gpio.o(.text.HAL_GPIO_WritePin) for HAL_GPIO_WritePin
    main.o(.text.MX_GPIO_Init) refers to stm32f4xx_hal_gpio.o(.text.HAL_GPIO_Init) for HAL_GPIO_Init
    main.o(.text.MX_GPIO_Init) refers to stm32f4xx_hal_cortex.o(.text.HAL_NVIC_SetPriority) for HAL_NVIC_SetPriority
    main.o(.text.MX_GPIO_Init) refers to stm32f4xx_hal_cortex.o(.text.HAL_NVIC_EnableIRQ) for HAL_NVIC_EnableIRQ
    main.o(.ARM.exidx.text.MX_GPIO_Init) refers to main.o(.text.MX_GPIO_Init) for [Anonymous Symbol]
    main.o(.text.MX_DMA_Init) refers to stm32f4xx_hal_cortex.o(.text.HAL_NVIC_SetPriority) for HAL_NVIC_SetPriority
    main.o(.text.MX_DMA_Init) refers to stm32f4xx_hal_cortex.o(.text.HAL_NVIC_EnableIRQ) for HAL_NVIC_EnableIRQ
    main.o(.ARM.exidx.text.MX_DMA_Init) refers to main.o(.text.MX_DMA_Init) for [Anonymous Symbol]
    main.o(.text.MX_ADC1_Init) refers to main.o(.bss.hadc1) for hadc1
    main.o(.text.MX_ADC1_Init) refers to stm32f4xx_hal_adc.o(.text.HAL_ADC_Init) for HAL_ADC_Init
    main.o(.text.MX_ADC1_Init) refers to main.o(.text.Error_Handler) for Error_Handler
    main.o(.text.MX_ADC1_Init) refers to stm32f4xx_hal_adc.o(.text.HAL_ADC_ConfigChannel) for HAL_ADC_ConfigChannel
    main.o(.ARM.exidx.text.MX_ADC1_Init) refers to main.o(.text.MX_ADC1_Init) for [Anonymous Symbol]
[...]
    Removing menu_main.o(.bss.menuMain.flagStatusEngine), (1 bytes).
    Removing menu_main.o(.bss.menuMain.flagCharge), (1 bytes).
    Removing menu_main.o(.bss.menuMain.time_update), (4 bytes).
    Removing menu_main.o(.bss.switchAvrAutomatic.flag_block), (1 bytes).
    Removing menu_main.o(.bss.switchAvrAutomatic.flag_status_block), (1 bytes).
    Removing menu_main.o(.bss.switchAvrAutomatic.power_grid_mode), (1 bytes).
    Removing menu_main.o(.data.switchAvrAutomatic.yPoint), (1 bytes).
    Removing menu_servise.o(.text), (0 bytes).
    Removing menu_servise.o(.text.serviseTouch), (604 bytes).
    Removing menu_servise.o(.ARM.exidx.text.serviseTouch), (8 bytes).
    Removing menu_servise.o(.bss.serviseTouch.flagExit), (1 bytes).
    Removing menu_servise.o(.bss.serviseTouch.flagFirst), (1 bytes).
    Removing menu_servise.o(.rodata.str1.1), (27 bytes).
    Removing touch.o(.text), (0 bytes).
    Removing touch.o(.ARM.exidx.text.getTouch), (8 bytes).
    Removing settdatatime.o(.text), (0 bytes).
    Removing settdatatime.o(.text.setTime), (3104 bytes).
    Removing settdatatime.o(.ARM.exidx.text.setTime), (8 bytes).
    Removing settdatatime.o(.text.setData), (4476 bytes).
    Removing settdatatime.o(.ARM.exidx.text.setData), (8 bytes).
    Removing settdatatime.o(.bss.setTime.flagFirst), (1 bytes).
    Removing settdatatime.o(.bss.setTime.flagSave), (1 bytes).
    Removing settdatatime.o(.bss.setTime.flagExit), (1 bytes).
    Removing settdatatime.o(.bss.setTime.Hours), (1 bytes).
    Removing settdatatime.o(.bss.setTime.Minutes), (1 bytes).
    Removing settdatatime.o(.bss.setTime.Seconds), (1 bytes).
    Removing settdatatime.o(.rodata.str1.1), (352 bytes).
    Removing settdatatime.o(.bss.setData.flagFirst), (1 bytes).
    Removing settdatatime.o(.bss.setData.flagSave), (1 bytes).
    Removing settdatatime.o(.bss.setData.flagExit), (1 bytes).
    Removing settdatatime.o(.bss.setData.WeekDay), (1 bytes).
    Removing settdatatime.o(.bss.setData.Month), (1 bytes).
    Removing settdatatime.o(.bss.setData.Date), (1 bytes).
    Removing settdatatime.o(.bss.setData.Year), (1 bytes).
    Removing menu_second.o(.text), (0 bytes).
    Removing menu_second.o(.text.secondMain), (1102 bytes).
    Removing menu_second.o(.ARM.exidx.text.secondMain), (8 bytes).
    Removing menu_second.o(.text.engineHoursGet), (90 bytes).
    Removing menu_second.o(.ARM.exidx.text.engineHoursGet), (8 bytes).
    Removing menu_second.o(.text.serviseWorkGet), (144 bytes).
    Removing menu_second.o(.ARM.exidx.text.serviseWorkGet), (8 bytes).
    Removing menu_second.o(.bss.secondMain.time_update), (4 bytes).
    Removing menu_second.o(.rodata.str1.1), (339 bytes).
    Removing menu_warn_err.o(.text), (0 bytes).
    Removing menu_warn_err.o(.text.menuGetErrors), (2090 bytes).
    Removing menu_warn_err.o(.ARM.exidx.text.menuGetErrors), (8 bytes).
    Removing menu_warn_err.o(.text.menuGetWarnings), (1320 bytes).
    Removing menu_warn_err.o(.ARM.exidx.text.menuGetWarnings), (8 bytes).
    Removing menu_warn_err.o(.bss.menuGetErrors.flag_clear), (1 bytes).
    Removing menu_warn_err.o(.rodata.str1.1), (768 bytes).
    Removing menu_warn_err.o(.bss.menuGetErrors.time_update), (4 bytes).
    Removing menu_warn_err.o(.bss.menuGetWarnings.flag_clear), (1 bytes).
    Removing menu_warn_err.o(.bss.menuGetWarnings.time_update), (4 bytes).
    Removing popupwindow.o(.text), (0 bytes).
    Removing popupwindow.o(.text.confirmClick), (630 bytes).
    Removing popupwindow.o(.ARM.exidx.text.confirmClick), (8 bytes).
    Removing popupwindow.o(.ARM.exidx.text.lineAlignment), (8 bytes).
    Removing popupwindow.o(.ARM.exidx.text.notification), (8 bytes).
    Removing popupwindow.o(.bss.confirmClick.flag_block), (1 bytes).
    Removing popupwindow.o(.rodata..LlineAlignment.spase), (1 bytes).
    Removing f2d.o(.text), (38 bytes).

1140 unused section(s) (total 201882 bytes) removed from the image.

==============================================================================

Image Symbol Table

    Local Symbols

    Symbol Name                              Value     Ov Type        Size  Object(Section)

    ../clib/microlib/division.c              0x00000000   Number         0  uidiv.o ABSOLUTE
    ../clib/microlib/division.c              0x00000000   Number         0  uldiv.o ABSOLUTE
    ../clib/microlib/init/entry.s            0x00000000   Number         0  entry10b.o ABSOLUTE
    ../clib/microlib/init/entry.s            0x00000000   Number         0  entry7b.o ABSOLUTE
    ../clib/microlib/init/entry.s            0x00000000   Number         0  entry7a.o ABSOLUTE
    ../clib/microlib/init/entry.s            0x00000000   Number         0  entry5.o ABSOLUTE
    ../clib/microlib/init/entry.s            0x00000000   Number         0  entry2.o ABSOLUTE
    ../clib/microlib/init/entry.s            0x00000000   Number         0  entry11a.o ABSOLUTE
    ../clib/microlib/init/entry.s            0x00000000   Number         0  entry11b.o ABSOLUTE
    ../clib/microlib/init/entry.s            0x00000000   Number         0  entry8a.o ABSOLUTE
    ../clib/microlib/init/entry.s            0x00000000   Number         0  entry10a.o ABSOLUTE
    ../clib/microlib/init/entry.s            0x00000000   Number         0  entry.o ABSOLUTE
    ../clib/microlib/init/entry.s            0x00000000   Number         0  entry9b.o ABSOLUTE
    ../clib/microlib/init/entry.s            0x00000000   Number         0  entry9a.o ABSOLUTE
    ../clib/microlib/init/entry.s            0x00000000   Number         0  entry8b.o ABSOLUTE
    ../clib/microlib/longlong.c              0x00000000   Number         0  llsshr.o ABSOLUTE
    ../clib/microlib/longlong.c              0x00000000   Number         0  llushr.o ABSOLUTE
    ../clib/microlib/longlong.c              0x00000000   Number         0  llshl.o ABSOLUTE
    ../clib/microlib/printf/printf.c         0x00000000   Number         0  printfa.o ABSOLUTE
    ../clib/microlib/stdio/fputc.c           0x00000000   Number         0  fputc_h.o ABSOLUTE
    ../clib/microlib/stdio/fputc.c           0x00000000   Number         0  fputc.o ABSOLUTE
    ../clib/microlib/stdio/semi.s            0x00000000   Number         0  semi.o ABSOLUTE
    ../clib/microlib/stdio/streams.c         0x00000000   Number         0  stdout.o ABSOLUTE
    ../clib/microlib/stdlib/abs.c            0x00000000   Number         0  siabs.o ABSOLUTE
    ../clib/microlib/stdlib/abs.c            0x00000000   Number         0  ilabs.o ABSOLUTE
    ../clib/microlib/string/memset.c         0x00000000   Number         0  memseta.o ABSOLUTE
    ../clib/microlib/string/strlen.c         0x00000000   Number         0  strlen.o ABSOLUTE
    ../clib/microlib/string/strncpy.c        0x00000000   Number         0  strncpy.o ABSOLUTE
    ../clib/microlib/stubs.s                 0x00000000   Number         0  iusesemip.o ABSOLUTE
    ../clib/microlib/stubs.s                 0x00000000   Number         0  iusefp.o ABSOLUTE
    ../fplib/microlib/f2d.c                  0x00000000   Number         0  f2d.o ABSOLUTE
    ../fplib/microlib/fpadd.c                0x00000000   Number         0  dadd.o ABSOLUTE
    ../fplib/microlib/fpdiv.c                0x00000000   Number         0  ddiv.o ABSOLUTE
    ../fplib/microlib/fpepilogue.c           0x00000000   Number         0  depilogue.o ABSOLUTE
    ../fplib/microlib/fpfix.c                0x00000000   Number         0  dfixul.o ABSOLUTE
    ../fplib/microlib/fpmul.c                0x00000000   Number         0  dmul.o ABSOLUTE
    ILI9341_GFX.c                            0x00000000   Number         0  ili9341_gfx.o ABSOLUTE
    cdrcmple.s                               0x00000000   Number         0  cdrcmple.o ABSOLUTE
    dc.s                                     0x00000000   Number         0  dc.o ABSOLUTE
    fonts.c                                  0x00000000   Number         0  fonts.o ABSOLUTE
    handlers.s                               0x00000000   Number         0  handlers.o ABSOLUTE
    img.c                                    0x00000000   Number         0  img.o ABSOLUTE
    init.c                                   0x00000000   Number         0  init.o ABSOLUTE
    init.s                                   0x00000000   Number         0  init.o ABSOLUTE
    main.c                                   0x00000000   Number         0  main.o ABSOLUTE
    menu_main.c                              0x00000000   Number         0  menu_main.o ABSOLUTE
    menu_second.c                            0x00000000   Number         0  menu_second.o ABSOLUTE
    menu_servise.c                           0x00000000   Number         0  menu_servise.o ABSOLUTE
    menu_warn_err.c                          0x00000000   Number         0  menu_warn_err.o ABSOLUTE
    popUpWindow.c                            0x00000000   Number         0  popupwindow.o ABSOLUTE
    settDataTime.c                           0x00000000   Number         0  settdatatime.o ABSOLUTE
    startup_stm32f411xe.s                    0x00000000   Number         0  startup_stm32f411xe.o ABSOLUTE
    stm32f4xx_hal.c                          0x00000000   Number         0  stm32f4xx_hal.o ABSOLUTE
    stm32f4xx_hal_adc.c                      0x00000000   Number         0  stm32f4xx_hal_adc.o ABSOLUTE
    stm32f4xx_hal_adc_ex.c                   0x00000000   Number         0  stm32f4xx_hal_adc_ex.o ABSOLUTE
    stm32f4xx_hal_cortex.c                   0x00000000   Number         0  stm32f4xx_hal_cortex.o ABSOLUTE
    stm32f4xx_hal_dma.c                      0x00000000   Number         0  stm32f4xx_hal_dma.o ABSOLUTE
    stm32f4xx_hal_dma_ex.c                   0x00000000   Number         0  stm32f4xx_hal_dma_ex.o ABSOLUTE
    stm32f4xx_hal_exti.c                     0x00000000   Number         0  stm32f4xx_hal_exti.o ABSOLUTE
    stm32f4xx_hal_flash.c                    0x00000000   Number         0  stm32f4xx_hal_flash.o ABSOLUTE
    stm32f4xx_hal_flash_ex.c                 0x00000000   Number         0  stm32f4xx_hal_flash_ex.o ABSOLUTE
    stm32f4xx_hal_flash_ramfunc.c            0x00000000   Number         0  stm32f4xx_hal_flash_ramfunc.o ABSOLUTE
    stm32f4xx_hal_gpio.c                     0x00000000   Number         0  stm32f4xx_hal_gpio.o ABSOLUTE
    stm32f4xx_hal_msp.c                      0x00000000   Number         0  stm32f4xx_hal_msp.o ABSOLUTE
    stm32f4xx_hal_pwr.c                      0x00000000   Number         0  stm32f4xx_hal_pwr.o ABSOLUTE
    stm32f4xx_hal_pwr_ex.c                   0x00000000   Number         0  stm32f4xx_hal_pwr_ex.o ABSOLUTE
    stm32f4xx_hal_rcc.c                      0x00000000   Number         0  stm32f4xx_hal_rcc.o ABSOLUTE
    stm32f4xx_hal_rcc_ex.c                   0x00000000   Number         0  stm32f4xx_hal_rcc_ex.o ABSOLUTE
    stm32f4xx_hal_rtc.c                      0x00000000   Number         0  stm32f4xx_hal_rtc.o ABSOLUTE
    stm32f4xx_hal_rtc_ex.c                   0x00000000   Number         0  stm32f4xx_hal_rtc_ex.o ABSOLUTE
    stm32f4xx_hal_spi.c                      0x00000000   Number         0  stm32f4xx_hal_spi.o ABSOLUTE
    stm32f4xx_hal_tim.c                      0x00000000   Number         0  stm32f4xx_hal_tim.o ABSOLUTE
    stm32f4xx_hal_tim_ex.c                   0x00000000   Number         0  stm32f4xx_hal_tim_ex.o ABSOLUTE
    stm32f4xx_it.c                           0x00000000   Number         0  stm32f4xx_it.o ABSOLUTE
    stm32f4xx_ll_adc.c                       0x00000000   Number         0  stm32f4xx_ll_adc.o ABSOLUTE
    system_stm32f4xx.c                       0x00000000   Number         0  system_stm32f4xx.o ABSOLUTE
    touch.c                                  0x00000000   Number         0  touch.o ABSOLUTE
    warn_err.c                               0x00000000   Number         0  warn_err.o ABSOLUTE
    work.c                                   0x00000000   Number         0  work.o ABSOLUTE
    xpt2046_touch.c                          0x00000000   Number         0  xpt2046_touch.o ABSOLUTE
    RESET                                    0x08000000   Section      408  startup_stm32f411xe.o(RESET)
    .ARM.Collect$$$$00000000                 0x08000198   Section        0  entry.o(.ARM.Collect$$$$00000000)
    .ARM.Collect$$$$00000001                 0x08000198   Section        4  entry2.o(.ARM.Collect$$$$00000001)
    .ARM.Collect$$$$00000004                 0x0800019c   Section        4  entry5.o(.ARM.Collect$$$$00000004)
    .ARM.Collect$$$$00000008                 0x080001a0   Section        0  entry7b.o(.ARM.Collect$$$$00000008)
    .ARM.Collect$$$$0000000A                 0x080001a0   Section        0  entry8b.o(.ARM.Collect$$$$0000000A)
    .ARM.Collect$$$$0000000B                 0x080001a0   Section        8  entry9a.o(.ARM.Collect$$$$0000000B)
    .ARM.Collect$$$$0000000D                 0x080001a8   Section        0  entry10a.o(.ARM.Collect$$$$0000000D)
    .ARM.Collect$$$$0000000F                 0x080001a8   Section        0  entry11a.o(.ARM.Collect$$$$0000000F)
    .ARM.Collect$$$$00002712                 0x080001a8   Section        4  entry2.o(.ARM.Collect$$$$00002712)
    __lit__00000000                          0x080001a8   Data           4  entry2.o(.ARM.Collect$$$$00002712)
    .text                                    0x080001ac   Section       36  startup_stm32f411xe.o(.text)
    $v0                                      0x080001ac   Number         0  startup_stm32f411xe.o(.text)
    .text                                    0x080001d0   Section        0  uldiv.o(.text)
    .text                                    0x08000232   Section        0  memseta.o(.text)
    .text                                    0x08000256   Section        0  strncpy.o(.text)
    .text                                    0x0800026e   Section        0  uidiv.o(.text)
    .text                                    0x0800029a   Section        0  llshl.o(.text)
    .text                                    0x080002b8   Section        0  llushr.o(.text)
    .text                                    0x080002d8   Section        0  dadd.o(.text)
    .text                                    0x080002d8   Section        0  iusefp.o(.text)
    .text                                    0x08000426   Section        0  dmul.o(.text)
    .text                                    0x0800050a   Section        0  ddiv.o(.text)
    .text                                    0x080005e8   Section        0  dfixul.o(.text)
    .text                                    0x08000618   Section       48  cdrcmple.o(.text)
    .text                                    0x08000648   Section       36  init.o(.text)
    .text                                    0x0800066c   Section        0  llsshr.o(.text)
    .text                                    0x08000690   Section        0  depilogue.o(.text)
    [Anonymous Symbol]                       0x0800074c   Section        0  stm32f4xx_hal_adc.o(.text.ADC_DMAConvCplt)
    ADC_DMAConvCplt                          0x0800074d   Thumb Code   190  stm32f4xx_hal_adc.o(.text.ADC_DMAConvCplt)
    [Anonymous Symbol]                       0x0800080c   Section        0  stm32f4xx_hal_adc.o(.text.ADC_DMAError)
    ADC_DMAError                             0x0800080d   Thumb Code    42  stm32f4xx_hal_adc.o(.text.ADC_DMAError)
    [Anonymous Symbol]                       0x08000838   Section        0  stm32f4xx_hal_adc.o(.text.ADC_DMAHalfConvCplt)
    ADC_DMAHalfConvCplt                      0x08000839   Thumb Code    26  stm32f4xx_hal_adc.o(.text.ADC_DMAHalfConvCplt)
    [Anonymous Symbol]                       0x08000854   Section        0  stm32f4xx_hal_adc.o(.text.ADC_Init)
    ADC_Init                                 0x08000855   Thumb Code   400  stm32f4xx_hal_adc.o(.text.ADC_Init)
    [Anonymous Symbol]                       0x080009e4   Section        0  stm32f4xx_it.o(.text.BusFault_Handler)
    [Anonymous Symbol]                       0x080009e8   Section        0  stm32f4xx_it.o(.text.DMA2_Stream0_IRQHandler)
    [Anonymous Symbol]                       0x080009f8   Section        0  stm32f4xx_hal_dma.o(.text.DMA_CalcBaseAndBitshift)
    DMA_CalcBaseAndBitshift                  0x080009f9   Thumb Code    92  stm32f4xx_hal_dma.o(.text.DMA_CalcBaseAndBitshift)
    [Anonymous Symbol]                       0x08000a54   Section        0  stm32f4xx_hal_dma.o(.text.DMA_CheckFifoParam)
    DMA_CheckFifoParam                       0x08000a55   Thumb Code   246  stm32f4xx_hal_dma.o(.text.DMA_CheckFifoParam)
    [Anonymous Symbol]                       0x08000b4c   Section        0  stm32f4xx_hal_dma.o(.text.DMA_SetConfig)
    DMA_SetConfig                            0x08000b4d   Thumb Code   102  stm32f4xx_hal_dma.o(.text.DMA_SetConfig)
    [Anonymous Symbol]                       0x08000bb4   Section        0  stm32f4xx_it.o(.text.DebugMon_Handler)
    [Anonymous Symbol]                       0x08000bb8   Section        0  stm32f4xx_it.o(.text.EXTI2_IRQHandler)
    [Anonymous Symbol]                       0x08000bc4   Section        0  main.o(.text.Error_Handler)
    [Anonymous Symbol]                       0x08000bd4   Section        0  stm32f4xx_hal_adc.o(.text.HAL_ADC_ConfigChannel)
    [Anonymous Symbol]                       0x08000e1c   Section        0  main.o(.text.HAL_ADC_ConvCpltCallback)
    [Anonymous Symbol]                       0x08000e4c   Section        0  stm32f4xx_hal_adc.o(.text.HAL_ADC_ConvHalfCpltCallback)
    [Anonymous Symbol]                       0x08000e58   Section        0  stm32f4xx_hal_adc.o(.text.HAL_ADC_ErrorCallback)
    [Anonymous Symbol]                       0x08000e64   Section        0  stm32f4xx_hal_adc.o(.text.HAL_ADC_Init)
    [Anonymous Symbol]                       0x08000f18   Section        0  stm32f4xx_hal_msp.o(.text.HAL_ADC_MspInit)
    [Anonymous Symbol]                       0x08001004   Section        0  stm32f4xx_hal_adc.o(.text.HAL_ADC_Start_DMA)
    [Anonymous Symbol]                       0x08001208   Section        0  stm32f4xx_hal_adc.o(.text.HAL_ADC_Stop_DMA)
    [Anonymous Symbol]                       0x080012d0   Section        0  stm32f4xx_hal_dma.o(.text.HAL_DMA_Abort)
    [Anonymous Symbol]                       0x080013cc   Section        0  stm32f4xx_hal_dma.o(.text.HAL_DMA_IRQHandler)
    [Anonymous Symbol]                       0x08001724   Section        0  stm32f4xx_hal_dma.o(.text.HAL_DMA_Init)
    [Anonymous Symbol]                       0x080018a8   Section        0  stm32f4xx_hal_dma.o(.text.HAL_DMA_Start_IT)
    [Anonymous Symbol]                       0x08001984   Section        0  stm32f4xx_hal.o(.text.HAL_Delay)
    [Anonymous Symbol]                       0x080019d4   Section        0  stm32f4xx_hal_gpio.o(.text.HAL_GPIO_DeInit)
    [Anonymous Symbol]                       0x08001bc8   Section        0  main.o(.text.HAL_GPIO_EXTI_Callback)
    [Anonymous Symbol]                       0x08001c1c   Section        0  stm32f4xx_hal_gpio.o(.text.HAL_GPIO_EXTI_IRQHandler)
    [Anonymous Symbol]                       0x08001c58   Section        0  stm32f4xx_hal_gpio.o(.text.HAL_GPIO_Init)
    [Anonymous Symbol]                       0x08001fd4   Section        0  stm32f4xx_hal_gpio.o(.text.HAL_GPIO_ReadPin)
    [Anonymous Symbol]                       0x0800200c   Section        0  stm32f4xx_hal_gpio.o(.text.HAL_GPIO_WritePin)
    [Anonymous Symbol]                       0x08002050   Section        0  stm32f4xx_hal.o(.text.HAL_GetTick)
    [Anonymous Symbol]                       0x0800205c   Section        0  stm32f4xx_hal.o(.text.HAL_IncTick)
    [Anonymous Symbol]                       0x08002078   Section        0  stm32f4xx_hal.o(.text.HAL_Init)
    [Anonymous Symbol]                       0x080020b8   Section        0  stm32f4xx_hal.o(.text.HAL_InitTick)
    [Anonymous Symbol]                       0x08002130   Section        0  stm32f4xx_hal_msp.o(.text.HAL_MspInit)
    [Anonymous Symbol]                       0x08002180   Section        0  stm32f4xx_hal_cortex.o(.text.HAL_NVIC_EnableIRQ)
    [Anonymous Symbol]                       0x08002198   Section        0  stm32f4xx_hal_cortex.o(.text.HAL_NVIC_SetPriority)
    [Anonymous Symbol]                       0x080021e0   Section        0  stm32f4xx_hal_cortex.o(.text.HAL_NVIC_SetPriorityGrouping)
    [Anonymous Symbol]                       0x080021f4   Section        0  stm32f4xx_hal_rcc_ex.o(.text.HAL_RCCEx_PeriphCLKConfig)
    [Anonymous Symbol]                       0x0800246c   Section        0  stm32f4xx_hal_rcc.o(.text.HAL_RCC_ClockConfig)
    [Anonymous Symbol]                       0x080026e4   Section        0  stm32f4xx_hal_rcc.o(.text.HAL_RCC_GetSysClockFreq)
    [Anonymous Symbol]                       0x080027cc   Section        0  stm32f4xx_hal_rcc.o(.text.HAL_RCC_OscConfig)
    [Anonymous Symbol]                       0x08002ecc   Section        0  stm32f4xx_hal_rtc_ex.o(.text.HAL_RTCEx_AlarmBEventCallback)
    [Anonymous Symbol]                       0x08002ed8   Section        0  main.o(.text.HAL_RTC_AlarmAEventCallback)
    [Anonymous Symbol]                       0x08002ee4   Section        0  stm32f4xx_hal_rtc.o(.text.HAL_RTC_AlarmIRQHandler)
    [Anonymous Symbol]                       0x08002fa0   Section        0  stm32f4xx_hal_rtc.o(.text.HAL_RTC_GetDate)
    [Anonymous Symbol]                       0x08003038   Section        0  stm32f4xx_hal_rtc.o(.text.HAL_RTC_Init)
    [Anonymous Symbol]                       0x08003164   Section        0  stm32f4xx_hal_msp.o(.text.HAL_RTC_MspInit)
    [Anonymous Symbol]                       0x080031a8   Section        0  stm32f4xx_hal_rtc.o(.text.HAL_RTC_SetAlarm_IT)
    [Anonymous Symbol]                       0x08003490   Section        0  stm32f4xx_hal_rtc.o(.text.HAL_RTC_SetDate)
    [Anonymous Symbol]                       0x08003630   Section        0  stm32f4xx_hal_rtc.o(.text.HAL_RTC_SetTime)
    [Anonymous Symbol]                       0x080037fc   Section        0  stm32f4xx_hal_rtc.o(.text.HAL_RTC_WaitForSynchro)
    [Anonymous Symbol]                       0x0800385c   Section        0  stm32f4xx_hal_spi.o(.text.HAL_SPI_DeInit)
    [Anonymous Symbol]                       0x080038b8   Section        0  stm32f4xx_hal_spi.o(.text.HAL_SPI_Init)
    [Anonymous Symbol]                       0x080039c0   Section        0  stm32f4xx_hal_msp.o(.text.HAL_SPI_MspDeInit)
    [Anonymous Symbol]                       0x08003a34   Section        0  stm32f4xx_hal_msp.o(.text.HAL_SPI_MspInit)
    [Anonymous Symbol]                       0x08003b4c   Section        0  stm32f4xx_hal_spi.o(.text.HAL_SPI_Transmit)
    [Anonymous Symbol]                       0x08003e0c   Section        0  stm32f4xx_hal_spi.o(.text.HAL_SPI_TransmitReceive)
    [Anonymous Symbol]                       0x080041c0   Section        0  stm32f4xx_hal_cortex.o(.text.HAL_SYSTICK_Config)
    [Anonymous Symbol]                       0x080041d4   Section        0  stm32f4xx_hal_tim_ex.o(.text.HAL_TIMEx_ConfigBreakDeadTime)
    [Anonymous Symbol]                       0x08004290   Section        0  stm32f4xx_hal_tim_ex.o(.text.HAL_TIMEx_MasterConfigSynchronization)
    [Anonymous Symbol]                       0x08004398   Section        0  stm32f4xx_hal_msp.o(.text.HAL_TIM_MspPostInit)
    [Anonymous Symbol]                       0x0800445c   Section        0  stm32f4xx_hal_tim.o(.text.HAL_TIM_PWM_ConfigChannel)
    [Anonymous Symbol]                       0x080045bc   Section        0  stm32f4xx_hal_tim.o(.text.HAL_TIM_PWM_Init)
    [Anonymous Symbol]                       0x08004668   Section        0  stm32f4xx_hal_msp.o(.text.HAL_TIM_PWM_MspInit)
    [Anonymous Symbol]                       0x080046e0   Section        0  stm32f4xx_hal_tim.o(.text.HAL_TIM_PWM_Start)
    [Anonymous Symbol]                       0x08004870   Section        0  stm32f4xx_it.o(.text.HardFault_Handler)
    [Anonymous Symbol]                       0x08004874   Section        0  ili9341_gfx.o(.text.ILI9341_Draw_Char)
    [Anonymous Symbol]                       0x08004a4c   Section        0  ili9341_gfx.o(.text.ILI9341_Draw_Colour_Burst)
    [Anonymous Symbol]                       0x08004b1c   Section        0  ili9341_gfx.o(.text.ILI9341_Draw_Filled_Rectangle_Coord)
    [Anonymous Symbol]                       0x08004c3c   Section        0  ili9341_gfx.o(.text.ILI9341_Draw_Pixel)
    [Anonymous Symbol]                       0x08004f74   Section        0  ili9341_gfx.o(.text.ILI9341_Draw_Rectangle)
    [Anonymous Symbol]                       0x08005070   Section        0  ili9341_gfx.o(.text.ILI9341_Fill_Screen)
    [Anonymous Symbol]                       0x080050c0   Section        0  ili9341_gfx.o(.text.ILI9341_Init)
    [Anonymous Symbol]                       0x08005304   Section        0  ili9341_gfx.o(.text.ILI9341_Reset)
    [Anonymous Symbol]                       0x08005348   Section        0  ili9341_gfx.o(.text.ILI9341_Set_Address)
    [Anonymous Symbol]                       0x080055e0   Section        0  ili9341_gfx.o(.text.ILI9341_Set_Rotation)
    [Anonymous Symbol]                       0x08005714   Section        0  xpt2046_touch.o(.text.ILI9341_TouchGetCoordinates)
    [Anonymous Symbol]                       0x080058c0   Section        0  ili9341_gfx.o(.text.ILI9341_WriteChar)
    ILI9341_WriteChar                        0x080058c1   Thumb Code   240  ili9341_gfx.o(.text.ILI9341_WriteChar)
    [Anonymous Symbol]                       0x080059b0   Section        0  ili9341_gfx.o(.text.ILI9341_WriteString)
    [Anonymous Symbol]                       0x08005b80   Section        0  ili9341_gfx.o(.text.ILI9341_WriteStringLen)
    [Anonymous Symbol]                       0x08005c58   Section        0  ili9341_gfx.o(.text.ILI9341_Write_Command)
    [Anonymous Symbol]                       0x08005cd8   Section        0  ili9341_gfx.o(.text.ILI9341_Write_Data)
    [Anonymous Symbol]                       0x08005d54   Section        0  main.o(.text.MX_ADC1_Init)
    MX_ADC1_Init                             0x08005d55   Thumb Code   310  main.o(.text.MX_ADC1_Init)
    [Anonymous Symbol]                       0x08005e8c   Section        0  main.o(.text.MX_DMA_Init)
    MX_DMA_Init                              0x08005e8d   Thumb Code    64  main.o(.text.MX_DMA_Init)
    [Anonymous Symbol]                       0x08005ecc   Section        0  main.o(.text.MX_GPIO_Init)
    MX_GPIO_Init                             0x08005ecd   Thumb Code   376  main.o(.text.MX_GPIO_Init)
    [Anonymous Symbol]                       0x08006044   Section        0  main.o(.text.MX_RTC_Init)
    MX_RTC_Init                              0x08006045   Thumb Code   342  main.o(.text.MX_RTC_Init)
    [Anonymous Symbol]                       0x0800619c   Section        0  main.o(.text.MX_SPI1_Init)
    MX_SPI1_Init                             0x0800619d   Thumb Code    72  main.o(.text.MX_SPI1_Init)
    [Anonymous Symbol]                       0x080061e4   Section        0  main.o(.text.MX_SPI2_Init)
    MX_SPI2_Init                             0x080061e5   Thumb Code    72  main.o(.text.MX_SPI2_Init)
    [Anonymous Symbol]                       0x0800622c   Section        0  main.o(.text.MX_TIM1_Init)
    MX_TIM1_Init                             0x0800622d   Thumb Code   228  main.o(.text.MX_TIM1_Init)
    [Anonymous Symbol]                       0x08006310   Section        0  main.o(.text.MX_TIM2_Init)
    MX_TIM2_Init                             0x08006311   Thumb Code   168  main.o(.text.MX_TIM2_Init)
    [Anonymous Symbol]                       0x080063b8   Section        0  stm32f4xx_it.o(.text.MemManage_Handler)
    [Anonymous Symbol]                       0x080063bc   Section        0  stm32f4xx_it.o(.text.NMI_Handler)
    [Anonymous Symbol]                       0x080063c0   Section        0  stm32f4xx_hal_cortex.o(.text.NVIC_EncodePriority)
    NVIC_EncodePriority                      0x080063c1   Thumb Code   128  stm32f4xx_hal_cortex.o(.text.NVIC_EncodePriority)
    [Anonymous Symbol]                       0x08006440   Section        0  stm32f4xx_it.o(.text.PendSV_Handler)
    [Anonymous Symbol]                       0x08006444   Section        0  stm32f4xx_it.o(.text.RTC_Alarm_IRQHandler)
    [Anonymous Symbol]                       0x08006454   Section        0  stm32f4xx_hal_rtc.o(.text.RTC_Bcd2ToByte)
    [Anonymous Symbol]                       0x08006484   Section        0  stm32f4xx_hal_rtc.o(.text.RTC_ByteToBcd2)
    [Anonymous Symbol]                       0x080064c4   Section        0  stm32f4xx_hal_rtc.o(.text.RTC_EnterInitMode)
    [Anonymous Symbol]                       0x08006530   Section        0  stm32f4xx_hal_spi.o(.text.SPI_EndRxTxTransaction)
    SPI_EndRxTxTransaction                   0x08006531   Thumb Code   192  stm32f4xx_hal_spi.o(.text.SPI_EndRxTxTransaction)
    [Anonymous Symbol]                       0x080065f0   Section        0  stm32f4xx_hal_spi.o(.text.SPI_WaitFlagStateUntilTimeout)
    SPI_WaitFlagStateUntilTimeout            0x080065f1   Thumb Code   326  stm32f4xx_hal_spi.o(.text.SPI_WaitFlagStateUntilTimeout)
    [Anonymous Symbol]                       0x08006738   Section        0  stm32f4xx_it.o(.text.SVC_Handler)
    [Anonymous Symbol]                       0x0800673c   Section        0  stm32f4xx_hal_cortex.o(.text.SysTick_Config)
    SysTick_Config                           0x0800673d   Thumb Code    90  stm32f4xx_hal_cortex.o(.text.SysTick_Config)
    [Anonymous Symbol]                       0x08006798   Section        0  stm32f4xx_it.o(.text.SysTick_Handler)
    [Anonymous Symbol]                       0x080067a0   Section        0  main.o(.text.SystemClock_Config)
    [Anonymous Symbol]                       0x0800688c   Section        0  system_stm32f4xx.o(.text.SystemInit)
    [Anonymous Symbol]                       0x080068a0   Section        0  stm32f4xx_hal_tim.o(.text.TIM_Base_SetConfig)
    [Anonymous Symbol]                       0x080069e4   Section        0  stm32f4xx_hal_tim.o(.text.TIM_CCxChannelCmd)
    [Anonymous Symbol]                       0x08006a30   Section        0  stm32f4xx_hal_tim.o(.text.TIM_OC1_SetConfig)
    TIM_OC1_SetConfig                        0x08006a31   Thumb Code   210  stm32f4xx_hal_tim.o(.text.TIM_OC1_SetConfig)
    [Anonymous Symbol]                       0x08006b04   Section        0  stm32f4xx_hal_tim.o(.text.TIM_OC2_SetConfig)
    [Anonymous Symbol]                       0x08006be0   Section        0  stm32f4xx_hal_tim.o(.text.TIM_OC3_SetConfig)
    TIM_OC3_SetConfig                        0x08006be1   Thumb Code   218  stm32f4xx_hal_tim.o(.text.TIM_OC3_SetConfig)
    [Anonymous Symbol]                       0x08006cbc   Section        0  stm32f4xx_hal_tim.o(.text.TIM_OC4_SetConfig)
    TIM_OC4_SetConfig                        0x08006cbd   Thumb Code   156  stm32f4xx_hal_tim.o(.text.TIM_OC4_SetConfig)
    [Anonymous Symbol]                       0x08006d58   Section        0  stm32f4xx_it.o(.text.UsageFault_Handler)
    [Anonymous Symbol]                       0x08006d5c   Section        0  stm32f4xx_hal_cortex.o(.text.__NVIC_EnableIRQ)
    __NVIC_EnableIRQ                         0x08006d5d   Thumb Code    54  stm32f4xx_hal_cortex.o(.text.__NVIC_EnableIRQ)
    [Anonymous Symbol]                       0x08006d94   Section        0  stm32f4xx_hal_cortex.o(.text.__NVIC_GetPriorityGrouping)
    __NVIC_GetPriorityGrouping               0x08006d95   Thumb Code    16  stm32f4xx_hal_cortex.o(.text.__NVIC_GetPriorityGrouping)
    [Anonymous Symbol]                       0x08006da4   Section        0  stm32f4xx_hal_cortex.o(.text.__NVIC_SetPriority)
    __NVIC_SetPriority                       0x08006da5   Thumb Code    74  stm32f4xx_hal_cortex.o(.text.__NVIC_SetPriority)
    [Anonymous Symbol]                       0x08006df0   Section        0  stm32f4xx_hal_cortex.o(.text.__NVIC_SetPriorityGrouping)
    __NVIC_SetPriorityGrouping               0x08006df1   Thumb Code    64  stm32f4xx_hal_cortex.o(.text.__NVIC_SetPriorityGrouping)
    [Anonymous Symbol]                       0x08006e30   Section        0  touch.o(.text.getTouch)
    [Anonymous Symbol]                       0x08006fa8   Section        0  init.o(.text.initDevice)
    [Anonymous Symbol]                       0x08007038   Section        0  init.o(.text.initTFT)
    [Anonymous Symbol]                       0x0800709c   Section        0  init.o(.text.ledTFTInit)
    [Anonymous Symbol]                       0x080070c8   Section        0  popupwindow.o(.text.lineAlignment)
    [Anonymous Symbol]                       0x080071d0   Section        0  main.o(.text.main)
    [Anonymous Symbol]                       0x08007260   Section        0  menu_main.o(.text.menuChangeState)
    [Anonymous Symbol]                       0x080073a4   Section        0  popupwindow.o(.text.notification)
    [Anonymous Symbol]                       0x08007604   Section        0  init.o(.text.outputInit)
    [Anonymous Symbol]                       0x08007698   Section        0  warn_err.o(.text.resetErrors)
    [Anonymous Symbol]                       0x080076e4   Section        0  warn_err.o(.text.resetWarning)
    i.__0snprintf                            0x08007730   Section        0  printfa.o(i.__0snprintf)
    i.__scatterload_copy                     0x08007760   Section       14  handlers.o(i.__scatterload_copy)
    i.__scatterload_null                     0x0800776e   Section        2  handlers.o(i.__scatterload_null)
    i.__scatterload_zeroinit                 0x08007770   Section       14  handlers.o(i.__scatterload_zeroinit)
    i._fp_digits                             0x08007780   Section        0  printfa.o(i._fp_digits)
    _fp_digits                               0x08007781   Thumb Code   366  printfa.o(i._fp_digits)
    i._printf_core                           0x08007904   Section        0  printfa.o(i._printf_core)
    _printf_core                             0x08007905   Thumb Code  1744  printfa.o(i._printf_core)
    i._printf_post_padding                   0x08007fe0   Section        0  printfa.o(i._printf_post_padding)
    _printf_post_padding                     0x08007fe1   Thumb Code    36  printfa.o(i._printf_post_padding)
    i._printf_pre_padding                    0x08008004   Section        0  printfa.o(i._printf_pre_padding)
    _printf_pre_padding                      0x08008005   Thumb Code    46  printfa.o(i._printf_pre_padding)
    i._snputc                                0x08008032   Section        0  printfa.o(i._snputc)
    _snputc                                  0x08008033   Thumb Code    22  printfa.o(i._snputc)
    [Anonymous Symbol]                       0x08008058   Section        0  stm32f4xx_hal_dma.o(.rodata.DMA_CalcBaseAndBitshift.flagBitshiftOffset)
    DMA_CalcBaseAndBitshift.flagBitshiftOffset 0x08008058   Data           8  stm32f4xx_hal_dma.o(.rodata.DMA_CalcBaseAndBitshift.flagBitshiftOffset)
    [Anonymous Symbol]                       0x0800ba20   Section        0  xpt2046_touch.o(.rodata.cmd_read_x)
    cmd_read_x                               0x0800ba20   Data           1  xpt2046_touch.o(.rodata.cmd_read_x)
    [Anonymous Symbol]                       0x0800ba21   Section        0  xpt2046_touch.o(.rodata.cmd_read_y)
    cmd_read_y                               0x0800ba21   Data           1  xpt2046_touch.o(.rodata.cmd_read_y)
    [Anonymous Symbol]                       0x0800ba22   Section        0  main.o(.rodata.str1.1)
    .L.str.1                                 0x0800ba22   Data          72  main.o(.rodata.str1.1)
    .L.str                                   0x0800ba6a   Data          17  main.o(.rodata.str1.1)
    [Anonymous Symbol]                       0x0800ba7b   Section        0  popupwindow.o(.rodata.str1.1)
    .L.str                                   0x0800ba7b   Data           5  popupwindow.o(.rodata.str1.1)
    .L.str.2                                 0x0800ba7b   Data           3  popupwindow.o(.rodata.str1.1)
    .L.str.3                                 0x0800ba7e   Data           5  popupwindow.o(.rodata.str1.1)
    .L.str.1                                 0x0800ba80   Data           7  popupwindow.o(.rodata.str1.1)
    [Anonymous Symbol]                       0x0800ba83   Section        0  xpt2046_touch.o(.rodata.zeroes_tx)
    zeroes_tx                                0x0800ba83   Data           2  xpt2046_touch.o(.rodata.zeroes_tx)
    [Anonymous Symbol]                       0x200000b0   Section        0  touch.o(.bss.getTouch.time_press)
    getTouch.time_press                      0x200000b0   Data           4  touch.o(.bss.getTouch.time_press)
    [Anonymous Symbol]                       0x200002bc   Section        0  popupwindow.o(.bss.notification.flag_block)
    notification.flag_block                  0x200002bc   Data           1  popupwindow.o(.bss.notification.flag_block)
    [Anonymous Symbol]                       0x200002bd   Section        0  popupwindow.o(.bss.notification.menuReturn)
    notification.menuReturn                  0x200002bd   Data           1  popupwindow.o(.bss.notification.menuReturn)
    STACK                                    0x200002c8   Section     1024  startup_stm32f411xe.o(STACK)

    Global Symbols

    Symbol Name                              Value     Ov Type        Size  Object(Section)

    BuildAttributes$$THM_ISAv4$E$P$D$K$B$S$7EM$VFPi3$EXTD16$VFPS$VFMA$PE$A:L22UL41UL21$X:L11$S22US41US21$IEEE1$IW$~IW$USESV6$~STKCKD$USESV7$~SHL$OSPACE$ROPI$EBA8$MICROLIB$REQ8$PRES8$EABIv2 0x00000000   Number         0  anon$$obj.o ABSOLUTE
    __cpp_initialize__aeabi_                  - Undefined Weak Reference
    __cxa_finalize                            - Undefined Weak Reference
    __decompress                              - Undefined Weak Reference
    _clock_init                               - Undefined Weak Reference
    _microlib_exit                            - Undefined Weak Reference
    __Vectors_Size                           0x00000198   Number         0  startup_stm32f411xe.o ABSOLUTE
    __Vectors                                0x08000000   Data           4  startup_stm32f411xe.o(RESET)
    __Vectors_End                            0x08000198   Data           0  startup_stm32f411xe.o(RESET)
    __main                                   0x08000199   Thumb Code     0  entry.o(.ARM.Collect$$$$00000000)
    _main_stk                                0x08000199   Thumb Code     0  entry2.o(.ARM.Collect$$$$00000001)
    _main_scatterload                        0x0800019d   Thumb Code     0  entry5.o(.ARM.Collect$$$$00000004)
    __main_after_scatterload                 0x080001a1   Thumb Code     0  entry5.o(.ARM.Collect$$$$00000004)
    _main_clock                              0x080001a1   Thumb Code     0  entry7b.o(.ARM.Collect$$$$00000008)
    _main_cpp_init                           0x080001a1   Thumb Code     0  entry8b.o(.ARM.Collect$$$$0000000A)
    _main_init                               0x080001a1   Thumb Code     0  entry9a.o(.ARM.Collect$$$$0000000B)
    __rt_final_cpp                           0x080001a9   Thumb Code     0  entry10a.o(.ARM.Collect$$$$0000000D)
    __rt_final_exit                          0x080001a9   Thumb Code     0  entry11a.o(.ARM.Collect$$$$0000000F)
    Reset_Handler                            0x080001ad   Thumb Code     8  startup_stm32f411xe.o(.text)
    ADC_IRQHandler                           0x080001c7   Thumb Code     0  startup_stm32f411xe.o(.text)
    DMA1_Stream0_IRQHandler                  0x080001c7   Thumb Code     0  startup_stm32f411xe.o(.text)
    DMA1_Stream1_IRQHandler                  0x080001c7   Thumb Code     0  startup_stm32f411xe.o(.text)
    DMA1_Stream2_IRQHandler                  0x080001c7   Thumb Code     0  startup_stm32f411xe.o(.text)
    DMA1_Stream3_IRQHandler                  0x080001c7   Thumb Code     0  startup_stm32f411xe.o(.text)
    DMA1_Stream4_IRQHandler                  0x080001c7   Thumb Code     0  startup_stm32f411xe.o(.text)
    DMA1_Stream5_IRQHandler                  0x080001c7   Thumb Code     0  startup_stm32f411xe.o(.text)
    DMA1_Stream6_IRQHandler                  0x080001c7   Thumb Code     0  startup_stm32f411xe.o(.text)
    DMA1_Stream7_IRQHandler                  0x080001c7   Thumb Code     0  startup_stm32f411xe.o(.text)
    DMA2_Stream1_IRQHandler                  0x080001c7   Thumb Code     0  startup_stm32f411xe.o(.text)
    DMA2_Stream2_IRQHandler                  0x080001c7   Thumb Code     0  startup_stm32f411xe.o(.text)
    DMA2_Stream3_IRQHandler                  0x080001c7   Thumb Code     0  startup_stm32f411xe.o(.text)
    DMA2_Stream4_IRQHandler                  0x080001c7   Thumb Code     0  startup_stm32f411xe.o(.text)
    DMA2_Stream5_IRQHandler                  0x080001c7   Thumb Code     0  startup_stm32f411xe.o(.text)
    DMA2_Stream6_IRQHandler                  0x080001c7   Thumb Code     0  startup_stm32f411xe.o(.text)
    DMA2_Stream7_IRQHandler                  0x080001c7   Thumb Code     0  startup_stm32f411xe.o(.text)
    EXTI0_IRQHandler                         0x080001c7   Thumb Code     0  startup_stm32f411xe.o(.text)
    EXTI15_10_IRQHandler                     0x080001c7   Thumb Code     0  startup_stm32f411xe.o(.text)
    EXTI1_IRQHandler                         0x080001c7   Thumb Code     0  startup_stm32f411xe.o(.text)
    EXTI3_IRQHandler                         0x080001c7   Thumb Code     0  startup_stm32f411xe.o(.text)
    EXTI4_IRQHandler                         0x080001c7   Thumb Code     0  startup_stm32f411xe.o(.text)
    EXTI9_5_IRQHandler                       0x080001c7   Thumb Code     0  startup_stm32f411xe.o(.text)
    FLASH_IRQHandler                         0x080001c7   Thumb Code     0  startup_stm32f411xe.o(.text)
    FPU_IRQHandler                           0x080001c7   Thumb Code     0  startup_stm32f411xe.o(.text)
    I2C1_ER_IRQHandler                       0x080001c7   Thumb Code     0  startup_stm32f411xe.o(.text)
    I2C1_EV_IRQHandler                       0x080001c7   Thumb Code     0  startup_stm32f411xe.o(.text)
    I2C2_ER_IRQHandler                       0x080001c7   Thumb Code     0  startup_stm32f411xe.o(.text)
    I2C2_EV_IRQHandler                       0x080001c7   Thumb Code     0  startup_stm32f411xe.o(.text)
    I2C3_ER_IRQHandler                       0x080001c7   Thumb Code     0  startup_stm32f411xe.o(.text)
    I2C3_EV_IRQHandler                       0x080001c7   Thumb Code     0  startup_stm32f411xe.o(.text)
    OTG_FS_IRQHandler                        0x080001c7   Thumb Code     0  startup_stm32f411xe.o(.text)
    OTG_FS_WKUP_IRQHandler                   0x080001c7   Thumb Code     0  startup_stm32f411xe.o(.text)
    PVD_IRQHandler                           0x080001c7   Thumb Code     0  startup_stm32f411xe.o(.text)
    RCC_IRQHandler                           0x080001c7   Thumb Code     0  startup_stm32f411xe.o(.text)
    RTC_WKUP_IRQHandler                      0x080001c7   Thumb Code     0  startup_stm32f411xe.o(.text)
    SDIO_IRQHandler                          0x080001c7   Thumb Code     0  startup_stm32f411xe.o(.text)
    SPI1_IRQHandler                          0x080001c7   Thumb Code     0  startup_stm32f411xe.o(.text)
    SPI2_IRQHandler                          0x080001c7   Thumb Code     0  startup_stm32f411xe.o(.text)
    SPI3_IRQHandler                          0x080001c7   Thumb Code     0  startup_stm32f411xe.o(.text)
    SPI4_IRQHandler                          0x080001c7   Thumb Code     0  startup_stm32f411xe.o(.text)
    SPI5_IRQHandler                          0x080001c7   Thumb Code     0  startup_stm32f411xe.o(.text)
    TAMP_STAMP_IRQHandler                    0x080001c7   Thumb Code     0  startup_stm32f411xe.o(.text)
    TIM1_BRK_TIM9_IRQHandler                 0x080001c7   Thumb Code     0  startup_stm32f411xe.o(.text)
    TIM1_CC_IRQHandler                       0x080001c7   Thumb Code     0  startup_stm32f411xe.o(.text)
    TIM1_TRG_COM_TIM11_IRQHandler            0x080001c7   Thumb Code     0  startup_stm32f411xe.o(.text)
    TIM1_UP_TIM10_IRQHandler                 0x080001c7   Thumb Code     0  startup_stm32f411xe.o(.text)
    TIM2_IRQHandler                          0x080001c7   Thumb Code     0  startup_stm32f411xe.o(.text)
    TIM3_IRQHandler                          0x080001c7   Thumb Code     0  startup_stm32f411xe.o(.text)
    TIM4_IRQHandler                          0x080001c7   Thumb Code     0  startup_stm32f411xe.o(.text)
    TIM5_IRQHandler                          0x080001c7   Thumb Code     0  startup_stm32f411xe.o(.text)
    USART1_IRQHandler                        0x080001c7   Thumb Code     0  startup_stm32f411xe.o(.text)
    USART2_IRQHandler                        0x080001c7   Thumb Code     0  startup_stm32f411xe.o(.text)
    USART6_IRQHandler                        0x080001c7   Thumb Code     0  startup_stm32f411xe.o(.text)
    WWDG_IRQHandler                          0x080001c7   Thumb Code     0  startup_stm32f411xe.o(.text)
    __aeabi_uldivmod                         0x080001d1   Thumb Code    98  uldiv.o(.text)
    __aeabi_memset                           0x08000233   Thumb Code    14  memseta.o(.text)
    __aeabi_memset4                          0x08000233   Thumb Code     0  memseta.o(.text)
    __aeabi_memset8                          0x08000233   Thumb Code     0  memseta.o(.text)
    __aeabi_memclr                           0x08000241   Thumb Code     4  memseta.o(.text)
    __aeabi_memclr4                          0x08000241   Thumb Code     0  memseta.o(.text)
    __aeabi_memclr8                          0x08000241   Thumb Code     0  memseta.o(.text)
    _memset$wrapper                          0x08000245   Thumb Code    18  memseta.o(.text)
    strncpy                                  0x08000257   Thumb Code    24  strncpy.o(.text)
    __aeabi_uidiv                            0x0800026f   Thumb Code     0  uidiv.o(.text)
    __aeabi_uidivmod                         0x0800026f   Thumb Code    44  uidiv.o(.text)
    __aeabi_llsl                             0x0800029b   Thumb Code    30  llshl.o(.text)
    _ll_shift_l                              0x0800029b   Thumb Code     0  llshl.o(.text)
    __aeabi_llsr                             0x080002b9   Thumb Code    32  llushr.o(.text)
    _ll_ushift_r                             0x080002b9   Thumb Code     0  llushr.o(.text)
    __I$use$fp                               0x080002d9   Thumb Code     0  iusefp.o(.text)
    __aeabi_dadd                             0x080002d9   Thumb Code   322  dadd.o(.text)
    __aeabi_dsub                             0x0800041b   Thumb Code     6  dadd.o(.text)
    __aeabi_drsub                            0x08000421   Thumb Code     6  dadd.o(.text)
    __aeabi_dmul                             0x08000427   Thumb Code   228  dmul.o(.text)
    __aeabi_ddiv                             0x0800050b   Thumb Code   222  ddiv.o(.text)
    __aeabi_d2ulz                            0x080005e9   Thumb Code    48  dfixul.o(.text)
    __aeabi_cdrcmple                         0x08000619   Thumb Code    48  cdrcmple.o(.text)
    __scatterload                            0x08000649   Thumb Code    28  init.o(.text)
    __scatterload_rt2                        0x08000649   Thumb Code     0  init.o(.text)
    __aeabi_lasr                             0x0800066d   Thumb Code    36  llsshr.o(.text)
    _ll_sshift_r                             0x0800066d   Thumb Code     0  llsshr.o(.text)
    _double_round                            0x08000691   Thumb Code    30  depilogue.o(.text)
    _double_epilogue                         0x080006af   Thumb Code   156  depilogue.o(.text)
    BusFault_Handler                         0x080009e5   Thumb Code     4  stm32f4xx_it.o(.text.BusFault_Handler)
    DMA2_Stream0_IRQHandler                  0x080009e9   Thumb Code    16  stm32f4xx_it.o(.text.DMA2_Stream0_IRQHandler)
    DebugMon_Handler                         0x08000bb5   Thumb Code     2  stm32f4xx_it.o(.text.DebugMon_Handler)
    EXTI2_IRQHandler                         0x08000bb9   Thumb Code    10  stm32f4xx_it.o(.text.EXTI2_IRQHandler)
    Error_Handler                            0x08000bc5   Thumb Code    14  main.o(.text.Error_Handler)
    HAL_ADC_ConfigChannel                    0x08000bd5   Thumb Code   584  stm32f4xx_hal_adc.o(.text.HAL_ADC_ConfigChannel)
    HAL_ADC_ConvCpltCallback                 0x08000e1d   Thumb Code    48  main.o(.text.HAL_ADC_ConvCpltCallback)
    HAL_ADC_ConvHalfCpltCallback             0x08000e4d   Thumb Code    12  stm32f4xx_hal_adc.o(.text.HAL_ADC_ConvHalfCpltCallback)
    HAL_ADC_ErrorCallback                    0x08000e59   Thumb Code    12  stm32f4xx_hal_adc.o(.text.HAL_ADC_ErrorCallback)
    HAL_ADC_Init                             0x08000e65   Thumb Code   180  stm32f4xx_hal_adc.o(.text.HAL_ADC_Init)
    HAL_ADC_MspInit                          0x08000f19   Thumb Code   234  stm32f4xx_hal_msp.o(.text.HAL_ADC_MspInit)
    HAL_ADC_Start_DMA                        0x08001005   Thumb Code   514  stm32f4xx_hal_adc.o(.text.HAL_ADC_Start_DMA)
    HAL_ADC_Stop_DMA                         0x08001209   Thumb Code   198  stm32f4xx_hal_adc.o(.text.HAL_ADC_Stop_DMA)
    HAL_DMA_Abort                            0x080012d1   Thumb Code   252  stm32f4xx_hal_dma.o(.text.HAL_DMA_Abort)
    HAL_DMA_IRQHandler                       0x080013cd   Thumb Code   854  stm32f4xx_hal_dma.o(.text.HAL_DMA_IRQHandler)
    HAL_DMA_Init                             0x08001725   Thumb Code   386  stm32f4xx_hal_dma.o(.text.HAL_DMA_Init)
    HAL_DMA_Start_IT                         0x080018a9   Thumb Code   218  stm32f4xx_hal_dma.o(.text.HAL_DMA_Start_IT)
    HAL_Delay                                0x08001985   Thumb Code    78  stm32f4xx_hal.o(.text.HAL_Delay)
    HAL_GPIO_DeInit                          0x080019d5   Thumb Code   498  stm32f4xx_hal_gpio.o(.text.HAL_GPIO_DeInit)
    HAL_GPIO_EXTI_Callback                   0x08001bc9   Thumb Code    82  main.o(.text.HAL_GPIO_EXTI_Callback)
    HAL_GPIO_EXTI_IRQHandler                 0x08001c1d   Thumb Code    60  stm32f4xx_hal_gpio.o(.text.HAL_GPIO_EXTI_IRQHandler)
    HAL_GPIO_Init                            0x08001c59   Thumb Code   892  stm32f4xx_hal_gpio.o(.text.HAL_GPIO_Init)
    HAL_GPIO_ReadPin                         0x08001fd5   Thumb Code    54  stm32f4xx_hal_gpio.o(.text.HAL_GPIO_ReadPin)
    HAL_GPIO_WritePin                        0x0800200d   Thumb Code    66  stm32f4xx_hal_gpio.o(.text.HAL_GPIO_WritePin)
    HAL_GetTick                              0x08002051   Thumb Code    12  stm32f4xx_hal.o(.text.HAL_GetTick)
    HAL_IncTick                              0x0800205d   Thumb Code    26  stm32f4xx_hal.o(.text.HAL_IncTick)
    HAL_Init                                 0x08002079   Thumb Code    62  stm32f4xx_hal.o(.text.HAL_Init)
    HAL_InitTick                             0x080020b9   Thumb Code   118  stm32f4xx_hal.o(.text.HAL_InitTick)
    HAL_MspInit                              0x08002131   Thumb Code    78  stm32f4xx_hal_msp.o(.text.HAL_MspInit)
    HAL_NVIC_EnableIRQ                       0x08002181   Thumb Code    24  stm32f4xx_hal_cortex.o(.text.HAL_NVIC_EnableIRQ)
    HAL_NVIC_SetPriority                     0x08002199   Thumb Code    70  stm32f4xx_hal_cortex.o(.text.HAL_NVIC_SetPriority)
    HAL_NVIC_SetPriorityGrouping             0x080021e1   Thumb Code    20  stm32f4xx_hal_cortex.o(.text.HAL_NVIC_SetPriorityGrouping)
    HAL_RCCEx_PeriphCLKConfig                0x080021f5   Thumb Code   630  stm32f4xx_hal_rcc_ex.o(.text.HAL_RCCEx_PeriphCLKConfig)
    HAL_RCC_ClockConfig                      0x0800246d   Thumb Code   630  stm32f4xx_hal_rcc.o(.text.HAL_RCC_ClockConfig)
    HAL_RCC_GetSysClockFreq                  0x080026e5   Thumb Code   232  stm32f4xx_hal_rcc.o(.text.HAL_RCC_GetSysClockFreq)
    HAL_RCC_OscConfig                        0x080027cd   Thumb Code  1792  stm32f4xx_hal_rcc.o(.text.HAL_RCC_OscConfig)
    HAL_RTCEx_AlarmBEventCallback            0x08002ecd   Thumb Code    12  stm32f4xx_hal_rtc_ex.o(.text.HAL_RTCEx_AlarmBEventCallback)
    HAL_RTC_AlarmAEventCallback              0x08002ed9   Thumb Code    12  main.o(.text.HAL_RTC_AlarmAEventCallback)
    HAL_RTC_AlarmIRQHandler                  0x08002ee5   Thumb Code   186  stm32f4xx_hal_rtc.o(.text.HAL_RTC_AlarmIRQHandler)
    HAL_RTC_GetDate                          0x08002fa1   Thumb Code   150  stm32f4xx_hal_rtc.o(.text.HAL_RTC_GetDate)
    HAL_RTC_Init                             0x08003039   Thumb Code   298  stm32f4xx_hal_rtc.o(.text.HAL_RTC_Init)
    HAL_RTC_MspInit                          0x08003165   Thumb Code    66  stm32f4xx_hal_msp.o(.text.HAL_RTC_MspInit)
    HAL_RTC_SetAlarm_IT                      0x080031a9   Thumb Code   742  stm32f4xx_hal_rtc.o(.text.HAL_RTC_SetAlarm_IT)
    HAL_RTC_SetDate                          0x08003491   Thumb Code   414  stm32f4xx_hal_rtc.o(.text.HAL_RTC_SetDate)
    HAL_RTC_SetTime                          0x08003631   Thumb Code   458  stm32f4xx_hal_rtc.o(.text.HAL_RTC_SetTime)
    HAL_RTC_WaitForSynchro                   0x080037fd   Thumb Code    94  stm32f4xx_hal_rtc.o(.text.HAL_RTC_WaitForSynchro)
    HAL_SPI_DeInit                           0x0800385d   Thumb Code    92  stm32f4xx_hal_spi.o(.text.HAL_SPI_DeInit)
    HAL_SPI_Init                             0x080038b9   Thumb Code   264  stm32f4xx_hal_spi.o(.text.HAL_SPI_Init)
    HAL_SPI_MspDeInit                        0x080039c1   Thumb Code   116  stm32f4xx_hal_msp.o(.text.HAL_SPI_MspDeInit)
    HAL_SPI_MspInit                          0x08003a35   Thumb Code   280  stm32f4xx_hal_msp.o(.text.HAL_SPI_MspInit)
    HAL_SPI_Transmit                         0x08003b4d   Thumb Code   704  stm32f4xx_hal_spi.o(.text.HAL_SPI_Transmit)
    HAL_SPI_TransmitReceive                  0x08003e0d   Thumb Code   946  stm32f4xx_hal_spi.o(.text.HAL_SPI_TransmitReceive)
    HAL_SYSTICK_Config                       0x080041c1   Thumb Code    20  stm32f4xx_hal_cortex.o(.text.HAL_SYSTICK_Config)
    HAL_TIMEx_ConfigBreakDeadTime            0x080041d5   Thumb Code   186  stm32f4xx_hal_tim_ex.o(.text.HAL_TIMEx_ConfigBreakDeadTime)
    HAL_TIMEx_MasterConfigSynchronization    0x08004291   Thumb Code   262  stm32f4xx_hal_tim_ex.o(.text.HAL_TIMEx_MasterConfigSynchronization)
    HAL_TIM_MspPostInit                      0x08004399   Thumb Code   196  stm32f4xx_hal_msp.o(.text.HAL_TIM_MspPostInit)
    HAL_TIM_PWM_ConfigChannel                0x0800445d   Thumb Code   350  stm32f4xx_hal_tim.o(.text.HAL_TIM_PWM_ConfigChannel)
    HAL_TIM_PWM_Init                         0x080045bd   Thumb Code   170  stm32f4xx_hal_tim.o(.text.HAL_TIM_PWM_Init)
    HAL_TIM_PWM_MspInit                      0x08004669   Thumb Code   118  stm32f4xx_hal_msp.o(.text.HAL_TIM_PWM_MspInit)
    HAL_TIM_PWM_Start                        0x080046e1   Thumb Code   398  stm32f4xx_hal_tim.o(.text.HAL_TIM_PWM_Start)
    HardFault_Handler                        0x08004871   Thumb Code     4  stm32f4xx_it.o(.text.HardFault_Handler)
    ILI9341_Draw_Char                        0x08004875   Thumb Code   470  ili9341_gfx.o(.text.ILI9341_Draw_Char)
    ILI9341_Draw_Colour_Burst                0x08004a4d   Thumb Code   206  ili9341_gfx.o(.text.ILI9341_Draw_Colour_Burst)
    ILI9341_Draw_Filled_Rectangle_Coord      0x08004b1d   Thumb Code   288  ili9341_gfx.o(.text.ILI9341_Draw_Filled_Rectangle_Coord)
    ILI9341_Draw_Pixel                       0x08004c3d   Thumb Code   824  ili9341_gfx.o(.text.ILI9341_Draw_Pixel)
    ILI9341_Draw_Rectangle                   0x08004f75   Thumb Code   250  ili9341_gfx.o(.text.ILI9341_Draw_Rectangle)
    ILI9341_Fill_Screen                      0x08005071   Thumb Code    80  ili9341_gfx.o(.text.ILI9341_Fill_Screen)
    ILI9341_Init                             0x080050c1   Thumb Code   578  ili9341_gfx.o(.text.ILI9341_Init)
    ILI9341_Reset                            0x08005305   Thumb Code    66  ili9341_gfx.o(.text.ILI9341_Reset)
    ILI9341_Set_Address                      0x08005349   Thumb Code   664  ili9341_gfx.o(.text.ILI9341_Set_Address)
    ILI9341_Set_Rotation                     0x080055e1   Thumb Code   308  ili9341_gfx.o(.text.ILI9341_Set_Rotation)
    ILI9341_TouchGetCoordinates              0x08005715   Thumb Code   428  xpt2046_touch.o(.text.ILI9341_TouchGetCoordinates)
    ILI9341_WriteString                      0x080059b1   Thumb Code   462  ili9341_gfx.o(.text.ILI9341_WriteString)
    ILI9341_WriteStringLen                   0x08005b81   Thumb Code   214  ili9341_gfx.o(.text.ILI9341_WriteStringLen)
    ILI9341_Write_Command                    0x08005c59   Thumb Code   126  ili9341_gfx.o(.text.ILI9341_Write_Command)
    ILI9341_Write_Data                       0x08005cd9   Thumb Code   124  ili9341_gfx.o(.text.ILI9341_Write_Data)
    MemManage_Handler                        0x080063b9   Thumb Code     4  stm32f4xx_it.o(.text.MemManage_Handler)
    NMI_Handler                              0x080063bd   Thumb Code     4  stm32f4xx_it.o(.text.NMI_Handler)
    PendSV_Handler                           0x08006441   Thumb Code     2  stm32f4xx_it.o(.text.PendSV_Handler)
    RTC_Alarm_IRQHandler                     0x08006445   Thumb Code    16  stm32f4xx_it.o(.text.RTC_Alarm_IRQHandler)
    RTC_Bcd2ToByte                           0x08006455   Thumb Code    46  stm32f4xx_hal_rtc.o(.text.RTC_Bcd2ToByte)
    RTC_ByteToBcd2                           0x08006485   Thumb Code    62  stm32f4xx_hal_rtc.o(.text.RTC_ByteToBcd2)
    RTC_EnterInitMode                        0x080064c5   Thumb Code   108  stm32f4xx_hal_rtc.o(.text.RTC_EnterInitMode)
    SVC_Handler                              0x08006739   Thumb Code     2  stm32f4xx_it.o(.text.SVC_Handler)
    SysTick_Handler                          0x08006799   Thumb Code     8  stm32f4xx_it.o(.text.SysTick_Handler)
    SystemClock_Config                       0x080067a1   Thumb Code   236  main.o(.text.SystemClock_Config)
    SystemInit                               0x0800688d   Thumb Code    18  system_stm32f4xx.o(.text.SystemInit)
    TIM_Base_SetConfig                       0x080068a1   Thumb Code   322  stm32f4xx_hal_tim.o(.text.TIM_Base_SetConfig)
    TIM_CCxChannelCmd                        0x080069e5   Thumb Code    74  stm32f4xx_hal_tim.o(.text.TIM_CCxChannelCmd)
    TIM_OC2_SetConfig                        0x08006b05   Thumb Code   220  stm32f4xx_hal_tim.o(.text.TIM_OC2_SetConfig)
    UsageFault_Handler                       0x08006d59   Thumb Code     4  stm32f4xx_it.o(.text.UsageFault_Handler)
    getTouch                                 0x08006e31   Thumb Code   376  touch.o(.text.getTouch)
    initDevice                               0x08006fa9   Thumb Code   142  init.o(.text.initDevice)
    initTFT                                  0x08007039   Thumb Code    98  init.o(.text.initTFT)
    ledTFTInit                               0x0800709d   Thumb Code    44  init.o(.text.ledTFTInit)
    lineAlignment                            0x080070c9   Thumb Code   264  popupwindow.o(.text.lineAlignment)
    main                                     0x080071d1   Thumb Code   144  main.o(.text.main)
    menuChangeState                          0x08007261   Thumb Code   322  menu_main.o(.text.menuChangeState)
    notification                             0x080073a5   Thumb Code   606  popupwindow.o(.text.notification)
    outputInit                               0x08007605   Thumb Code   148  init.o(.text.outputInit)
    resetErrors                              0x08007699   Thumb Code    76  warn_err.o(.text.resetErrors)
    resetWarning                             0x080076e5   Thumb Code    76  warn_err.o(.text.resetWarning)
    __0snprintf                              0x08007731   Thumb Code    44  printfa.o(i.__0snprintf)
    __1snprintf                              0x08007731   Thumb Code     0  printfa.o(i.__0snprintf)
    __2snprintf                              0x08007731   Thumb Code     0  printfa.o(i.__0snprintf)
    __c89snprintf                            0x08007731   Thumb Code     0  printfa.o(i.__0snprintf)
    snprintf                                 0x08007731   Thumb Code     0  printfa.o(i.__0snprintf)
    __scatterload_copy                       0x08007761   Thumb Code    14  handlers.o(i.__scatterload_copy)
    __scatterload_null                       0x0800776f   Thumb Code     2  handlers.o(i.__scatterload_null)
    __scatterload_zeroinit                   0x08007771   Thumb Code    14  handlers.o(i.__scatterload_zeroinit)
    AHBPrescTable                            0x08008048   Data          16  system_stm32f4xx.o(.rodata.AHBPrescTable)
    Font11x18                                0x08008060   Data        6048  fonts.o(.rodata.Font11x18)
    Font16x26                                0x08009800   Data        8736  fonts.o(.rodata.Font16x26)
    Region$$Table$$Base                      0x0800ba88   Number         0  anon$$obj.o(Region$$Table)
    Region$$Table$$Limit                     0x0800baa8   Number         0  anon$$obj.o(Region$$Table)
    Font_11x18                               0x20000000   Data           8  fonts.o(.data.Font_11x18)
    Font_16x26                               0x20000008   Data           8  fonts.o(.data.Font_16x26)
    LCD_HEIGHT                               0x20000010   Data           2  ili9341_gfx.o(.data.LCD_HEIGHT)
    LCD_WIDTH                                0x20000012   Data           2  ili9341_gfx.o(.data.LCD_WIDTH)
    SystemCoreClock                          0x20000014   Data           4  system_stm32f4xx.o(.data.SystemCoreClock)
    pAVR                                     0x20000018   Data           4  main.o(.data.pAVR)
    uwTickFreq                               0x2000001c   Data           1  stm32f4xx_hal.o(.data.uwTickFreq)
    uwTickPrio                               0x20000020   Data           4  stm32f4xx_hal.o(.data.uwTickPrio)
    AVR                                      0x20000028   Data         132  main.o(.bss.AVR)
    DateToUpdate                             0x200000ac   Data           4  main.o(.bss.DateToUpdate)
    hadc1                                    0x200000b4   Data          72  main.o(.bss.hadc1)
    hdma_adc1                                0x200000fc   Data          96  main.o(.bss.hdma_adc1)
    hrtc                                     0x2000015c   Data          32  main.o(.bss.hrtc)
    hspi1                                    0x2000017c   Data          88  main.o(.bss.hspi1)
    hspi2                                    0x200001d4   Data          88  main.o(.bss.hspi2)
    htim1                                    0x2000022c   Data          72  main.o(.bss.htim1)
    htim2                                    0x20000274   Data          72  main.o(.bss.htim2)
    uwTick                                   0x200002c0   Data           4  stm32f4xx_hal.o(.bss.uwTick)
    __initial_sp                             0x200006c8   Data           0  startup_stm32f411xe.o(STACK)



==============================================================================

Memory Map of the image

  Image Entry point : 0x08000199

  Load Region LR_IROM1 (Base: 0x08000000, Size: 0x0000bad0, Max: 0x00080000, ABSOLUTE)

    Execution Region ER_IROM1 (Exec base: 0x08000000, Load base: 0x08000000, Size: 0x0000baa8, Max: 0x00080000, ABSOLUTE)

    Exec Addr    Load Addr    Size         Type   Attr      Idx    E Section Name        Object

    0x08000000   0x08000000   0x00000198   Data   RO            3    RESET               startup_stm32f411xe.o
    0x08000198   0x08000198   0x00000000   Code   RO         1647  * .ARM.Collect$$$$00000000  mc_w.l(entry.o)
    0x08000198   0x08000198   0x00000004   Code   RO         1692    .ARM.Collect$$$$00000001  mc_w.l(entry2.o)
    0x0800019c   0x0800019c   0x00000004   Code   RO         1695    .ARM.Collect$$$$00000004  mc_w.l(entry5.o)
    0x080001a0   0x080001a0   0x00000000   Code   RO         1697    .ARM.Collect$$$$00000008  mc_w.l(entry7b.o)
    0x080001a0   0x080001a0   0x00000000   Code   RO         1699    .ARM.Collect$$$$0000000A  mc_w.l(entry8b.o)
    0x080001a0   0x080001a0   0x00000008   Code   RO         1700    .ARM.Collect$$$$0000000B  mc_w.l(entry9a.o)
    0x080001a8   0x080001a8   0x00000000   Code   RO         1702    .ARM.Collect$$$$0000000D  mc_w.l(entry10a.o)
    0x080001a8   0x080001a8   0x00000000   Code   RO         1704    .ARM.Collect$$$$0000000F  mc_w.l(entry11a.o)
    0x080001a8   0x080001a8   0x00000004   Code   RO         1693    .ARM.Collect$$$$00002712  mc_w.l(entry2.o)
    0x080001ac   0x080001ac   0x00000024   Code   RO            4    .text               startup_stm32f411xe.o
    0x080001d0   0x080001d0   0x00000062   Code   RO         1650    .text               mc_w.l(uldiv.o)
    0x08000232   0x08000232   0x00000024   Code   RO         1656    .text               mc_w.l(memseta.o)
    0x08000256   0x08000256   0x00000018   Code   RO         1658    .text               mc_w.l(strncpy.o)
    0x0800026e   0x0800026e   0x0000002c   Code   RO         1711    .text               mc_w.l(uidiv.o)
    0x0800029a   0x0800029a   0x0000001e   Code   RO         1713    .text               mc_w.l(llshl.o)
    0x080002b8   0x080002b8   0x00000020   Code   RO         1715    .text               mc_w.l(llushr.o)
    0x080002d8   0x080002d8   0x00000000   Code   RO         1717    .text               mc_w.l(iusefp.o)
    0x080002d8   0x080002d8   0x0000014e   Code   RO         1718    .text               mf_w.l(dadd.o)
    0x08000426   0x08000426   0x000000e4   Code   RO         1720    .text               mf_w.l(dmul.o)
    0x0800050a   0x0800050a   0x000000de   Code   RO         1722    .text               mf_w.l(ddiv.o)
    0x080005e8   0x080005e8   0x00000030   Code   RO         1724    .text               mf_w.l(dfixul.o)
    0x08000618   0x08000618   0x00000030   Code   RO         1726    .text               mf_w.l(cdrcmple.o)
    0x08000648   0x08000648   0x00000024   Code   RO         1728    .text               mc_w.l(init.o)
    0x0800066c   0x0800066c   0x00000024   Code   RO         1731    .text               mc_w.l(llsshr.o)
    0x08000690   0x08000690   0x000000ba   Code   RO         1734    .text               mf_w.l(depilogue.o)
    0x0800074a   0x0800074a   0x00000002   PAD
    0x0800074c   0x0800074c   0x000000be   Code   RO          157    .text.ADC_DMAConvCplt  stm32f4xx_hal_adc.o
    0x0800080a   0x0800080a   0x00000002   PAD
    0x0800080c   0x0800080c   0x0000002a   Code   RO          161    .text.ADC_DMAError  stm32f4xx_hal_adc.o
    0x08000836   0x08000836   0x00000002   PAD
    0x08000838   0x08000838   0x0000001a   Code   RO          159    .text.ADC_DMAHalfConvCplt  stm32f4xx_hal_adc.o
    0x08000852   0x08000852   0x00000002   PAD
    0x08000854   0x08000854   0x00000190   Code   RO          129    .text.ADC_Init      stm32f4xx_hal_adc.o
    0x080009e4   0x080009e4   0x00000004   Code   RO           67    .text.BusFault_Handler  stm32f4xx_it.o
    0x080009e8   0x080009e8   0x00000010   Code   RO           83    .text.DMA2_Stream0_IRQHandler  stm32f4xx_it.o
    0x080009f8   0x080009f8   0x0000005c   Code   RO          455    .text.DMA_CalcBaseAndBitshift  stm32f4xx_hal_dma.o
    0x08000a54   0x08000a54   0x000000f6   Code   RO          453    .text.DMA_CheckFifoParam  stm32f4xx_hal_dma.o
    0x08000b4a   0x08000b4a   0x00000002   PAD
    0x08000b4c   0x08000b4c   0x00000066   Code   RO          461    .text.DMA_SetConfig  stm32f4xx_hal_dma.o
    0x08000bb2   0x08000bb2   0x00000002   PAD
    0x08000bb4   0x08000bb4   0x00000002   Code   RO           73    .text.DebugMon_Handler  stm32f4xx_it.o
    0x08000bb6   0x08000bb6   0x00000002   PAD
    0x08000bb8   0x08000bb8   0x0000000a   Code   RO           79    .text.EXTI2_IRQHandler  stm32f4xx_it.o
    0x08000bc2   0x08000bc2   0x00000002   PAD
    0x08000bc4   0x08000bc4   0x0000000e   Code   RO           31    .text.Error_Handler  main.o
    0x08000bd2   0x08000bd2   0x00000002   PAD
    0x08000bd4   0x08000bd4   0x00000248   Code   RO          169    .text.HAL_ADC_ConfigChannel  stm32f4xx_hal_adc.o
    0x08000e1c   0x08000e1c   0x00000030   Code   RO           33    .text.HAL_ADC_ConvCpltCallback  main.o
    0x08000e4c   0x08000e4c   0x0000000c   Code   RO          167    .text.HAL_ADC_ConvHalfCpltCallback  stm32f4xx_hal_adc.o
    0x08000e58   0x08000e58   0x0000000c   Code   RO          153    .text.HAL_ADC_ErrorCallback  stm32f4xx_hal_adc.o
    0x08000e64   0x08000e64   0x000000b4   Code   RO          125    .text.HAL_ADC_Init  stm32f4xx_hal_adc.o
    0x08000f18   0x08000f18   0x000000ea   Code   RO           97    .text.HAL_ADC_MspInit  stm32f4xx_hal_msp.o
    0x08001002   0x08001002   0x00000002   PAD
    0x08001004   0x08001004   0x00000202   Code   RO          155    .text.HAL_ADC_Start_DMA  stm32f4xx_hal_adc.o
    0x08001206   0x08001206   0x00000002   PAD
    0x08001208   0x08001208   0x000000c6   Code   RO          163    .text.HAL_ADC_Stop_DMA  stm32f4xx_hal_adc.o
    0x080012ce   0x080012ce   0x00000002   PAD
    0x080012d0   0x080012d0   0x000000fc   Code   RO          465    .text.HAL_DMA_Abort  stm32f4xx_hal_dma.o
    0x080013cc   0x080013cc   0x00000356   Code   RO          471    .text.HAL_DMA_IRQHandler  stm32f4xx_hal_dma.o
    0x08001722   0x08001722   0x00000002   PAD
    0x08001724   0x08001724   0x00000182   Code   RO          451    .text.HAL_DMA_Init  stm32f4xx_hal_dma.o
    0x080018a6   0x080018a6   0x00000002   PAD
    0x080018a8   0x080018a8   0x000000da   Code   RO          463    .text.HAL_DMA_Start_IT  stm32f4xx_hal_dma.o
    0x08001982   0x08001982   0x00000002   PAD
    0x08001984   0x08001984   0x0000004e   Code   RO          660    .text.HAL_Delay     stm32f4xx_hal.o
    0x080019d2   0x080019d2   0x00000002   PAD
    0x080019d4   0x080019d4   0x000001f2   Code   RO          409    .text.HAL_GPIO_DeInit  stm32f4xx_hal_gpio.o
    0x08001bc6   0x08001bc6   0x00000002   PAD
    0x08001bc8   0x08001bc8   0x00000052   Code   RO           35    .text.HAL_GPIO_EXTI_Callback  main.o
    0x08001c1a   0x08001c1a   0x00000002   PAD
    0x08001c1c   0x08001c1c   0x0000003c   Code   RO          419    .text.HAL_GPIO_EXTI_IRQHandler  stm32f4xx_hal_gpio.o
    0x08001c58   0x08001c58   0x0000037c   Code   RO          407    .text.HAL_GPIO_Init  stm32f4xx_hal_gpio.o
    0x08001fd4   0x08001fd4   0x00000036   Code   RO          411    .text.HAL_GPIO_ReadPin  stm32f4xx_hal_gpio.o
    0x0800200a   0x0800200a   0x00000002   PAD
    0x0800200c   0x0800200c   0x00000042   Code   RO          413    .text.HAL_GPIO_WritePin  stm32f4xx_hal_gpio.o
    0x0800204e   0x0800204e   0x00000002   PAD
    0x08002050   0x08002050   0x0000000c   Code   RO          652    .text.HAL_GetTick   stm32f4xx_hal.o
    0x0800205c   0x0800205c   0x0000001a   Code   RO          650    .text.HAL_IncTick   stm32f4xx_hal.o
    0x08002076   0x08002076   0x00000002   PAD
    0x08002078   0x08002078   0x0000003e   Code   RO          640    .text.HAL_Init      stm32f4xx_hal.o
    0x080020b6   0x080020b6   0x00000002   PAD
    0x080020b8   0x080020b8   0x00000076   Code   RO          642    .text.HAL_InitTick  stm32f4xx_hal.o
    0x0800212e   0x0800212e   0x00000002   PAD
    0x08002130   0x08002130   0x0000004e   Code   RO           95    .text.HAL_MspInit   stm32f4xx_hal_msp.o
    0x0800217e   0x0800217e   0x00000002   PAD
    0x08002180   0x08002180   0x00000018   Code   RO          578    .text.HAL_NVIC_EnableIRQ  stm32f4xx_hal_cortex.o
    0x08002198   0x08002198   0x00000046   Code   RO          570    .text.HAL_NVIC_SetPriority  stm32f4xx_hal_cortex.o
    0x080021de   0x080021de   0x00000002   PAD
    0x080021e0   0x080021e0   0x00000014   Code   RO          566    .text.HAL_NVIC_SetPriorityGrouping  stm32f4xx_hal_cortex.o
    0x080021f4   0x080021f4   0x00000276   Code   RO          266    .text.HAL_RCCEx_PeriphCLKConfig  stm32f4xx_hal_rcc_ex.o
    0x0800246a   0x0800246a   0x00000002   PAD
    0x0800246c   0x0800246c   0x00000276   Code   RO          232    .text.HAL_RCC_ClockConfig  stm32f4xx_hal_rcc.o
    0x080026e2   0x080026e2   0x00000002   PAD
    0x080026e4   0x080026e4   0x000000e8   Code   RO          234    .text.HAL_RCC_GetSysClockFreq  stm32f4xx_hal_rcc.o
    0x080027cc   0x080027cc   0x00000700   Code   RO          230    .text.HAL_RCC_OscConfig  stm32f4xx_hal_rcc.o
    0x08002ecc   0x08002ecc   0x0000000c   Code   RO          861    .text.HAL_RTCEx_AlarmBEventCallback  stm32f4xx_hal_rtc_ex.o
    0x08002ed8   0x08002ed8   0x0000000c   Code   RO           37    .text.HAL_RTC_AlarmAEventCallback  main.o
    0x08002ee4   0x08002ee4   0x000000ba   Code   RO          767    .text.HAL_RTC_AlarmIRQHandler  stm32f4xx_hal_rtc.o
    0x08002f9e   0x08002f9e   0x00000002   PAD
    0x08002fa0   0x08002fa0   0x00000096   Code   RO          757    .text.HAL_RTC_GetDate  stm32f4xx_hal_rtc.o
    0x08003036   0x08003036   0x00000002   PAD
    0x08003038   0x08003038   0x0000012a   Code   RO          735    .text.HAL_RTC_Init  stm32f4xx_hal_rtc.o
    0x08003162   0x08003162   0x00000002   PAD
    0x08003164   0x08003164   0x00000042   Code   RO          101    .text.HAL_RTC_MspInit  stm32f4xx_hal_msp.o
    0x080031a6   0x080031a6   0x00000002   PAD
    0x080031a8   0x080031a8   0x000002e6   Code   RO          761    .text.HAL_RTC_SetAlarm_IT  stm32f4xx_hal_rtc.o
    0x0800348e   0x0800348e   0x00000002   PAD
    0x08003490   0x08003490   0x0000019e   Code   RO          755    .text.HAL_RTC_SetDate  stm32f4xx_hal_rtc.o
    0x0800362e   0x0800362e   0x00000002   PAD
    0x08003630   0x08003630   0x000001ca   Code   RO          747    .text.HAL_RTC_SetTime  stm32f4xx_hal_rtc.o
    0x080037fa   0x080037fa   0x00000002   PAD
    0x080037fc   0x080037fc   0x0000005e   Code   RO          741    .text.HAL_RTC_WaitForSynchro  stm32f4xx_hal_rtc.o
    0x0800385a   0x0800385a   0x00000002   PAD
    0x0800385c   0x0800385c   0x0000005c   Code   RO          879    .text.HAL_SPI_DeInit  stm32f4xx_hal_spi.o
    0x080038b8   0x080038b8   0x00000108   Code   RO          875    .text.HAL_SPI_Init  stm32f4xx_hal_spi.o
    0x080039c0   0x080039c0   0x00000074   Code   RO          107    .text.HAL_SPI_MspDeInit  stm32f4xx_hal_msp.o
    0x08003a34   0x08003a34   0x00000118   Code   RO          105    .text.HAL_SPI_MspInit  stm32f4xx_hal_msp.o
    0x08003b4c   0x08003b4c   0x000002c0   Code   RO          883    .text.HAL_SPI_Transmit  stm32f4xx_hal_spi.o
    0x08003e0c   0x08003e0c   0x000003b2   Code   RO          889    .text.HAL_SPI_TransmitReceive  stm32f4xx_hal_spi.o
    0x080041be   0x080041be   0x00000002   PAD
    0x080041c0   0x080041c0   0x00000014   Code   RO          590    .text.HAL_SYSTICK_Config  stm32f4xx_hal_cortex.o
    0x080041d4   0x080041d4   0x000000ba   Code   RO         1313    .text.HAL_TIMEx_ConfigBreakDeadTime  stm32f4xx_hal_tim_ex.o
    0x0800428e   0x0800428e   0x00000002   PAD
    0x08004290   0x08004290   0x00000106   Code   RO         1311    .text.HAL_TIMEx_MasterConfigSynchronization  stm32f4xx_hal_tim_ex.o
    0x08004396   0x08004396   0x00000002   PAD
    0x08004398   0x08004398   0x000000c4   Code   RO          111    .text.HAL_TIM_MspPostInit  stm32f4xx_hal_msp.o
    0x0800445c   0x0800445c   0x0000015e   Code   RO         1161    .text.HAL_TIM_PWM_ConfigChannel  stm32f4xx_hal_tim.o
    0x080045ba   0x080045ba   0x00000002   PAD
    0x080045bc   0x080045bc   0x000000aa   Code   RO         1049    .text.HAL_TIM_PWM_Init  stm32f4xx_hal_tim.o
    0x08004666   0x08004666   0x00000002   PAD
    0x08004668   0x08004668   0x00000076   Code   RO          109    .text.HAL_TIM_PWM_MspInit  stm32f4xx_hal_msp.o
    0x080046de   0x080046de   0x00000002   PAD
    0x080046e0   0x080046e0   0x0000018e   Code   RO         1057    .text.HAL_TIM_PWM_Start  stm32f4xx_hal_tim.o
    0x0800486e   0x0800486e   0x00000002   PAD
    0x08004870   0x08004870   0x00000004   Code   RO           63    .text.HardFault_Handler  stm32f4xx_it.o
    0x08004874   0x08004874   0x000001d6   Code   RO         1424    .text.ILI9341_Draw_Char  ili9341_gfx.o
    0x08004a4a   0x08004a4a   0x00000002   PAD
    0x08004a4c   0x08004a4c   0x000000ce   Code   RO         1398    .text.ILI9341_Draw_Colour_Burst  ili9341_gfx.o
    0x08004b1a   0x08004b1a   0x00000002   PAD
    0x08004b1c   0x08004b1c   0x00000120   Code   RO         1416    .text.ILI9341_Draw_Filled_Rectangle_Coord  ili9341_gfx.o
    0x08004c3c   0x08004c3c   0x00000338   Code   RO         1402    .text.ILI9341_Draw_Pixel  ili9341_gfx.o
    0x08004f74   0x08004f74   0x000000fa   Code   RO         1404    .text.ILI9341_Draw_Rectangle  ili9341_gfx.o
    0x0800506e   0x0800506e   0x00000002   PAD
    0x08005070   0x08005070   0x00000050   Code   RO         1400    .text.ILI9341_Fill_Screen  ili9341_gfx.o
    0x080050c0   0x080050c0   0x00000242   Code   RO         1394    .text.ILI9341_Init  ili9341_gfx.o
    0x08005302   0x08005302   0x00000002   PAD
    0x08005304   0x08005304   0x00000042   Code   RO         1390    .text.ILI9341_Reset  ili9341_gfx.o
    0x08005346   0x08005346   0x00000002   PAD
    0x08005348   0x08005348   0x00000298   Code   RO         1388    .text.ILI9341_Set_Address  ili9341_gfx.o
    0x080055e0   0x080055e0   0x00000134   Code   RO         1392    .text.ILI9341_Set_Rotation  ili9341_gfx.o
    0x08005714   0x08005714   0x000001ac   Code   RO         1446    .text.ILI9341_TouchGetCoordinates  xpt2046_touch.o
    0x080058c0   0x080058c0   0x000000f0   Code   RO         1426    .text.ILI9341_WriteChar  ili9341_gfx.o
    0x080059b0   0x080059b0   0x000001ce   Code   RO         1422    .text.ILI9341_WriteString  ili9341_gfx.o
    0x08005b7e   0x08005b7e   0x00000002   PAD
    0x08005b80   0x08005b80   0x000000d6   Code   RO         1428    .text.ILI9341_WriteStringLen  ili9341_gfx.o
    0x08005c56   0x08005c56   0x00000002   PAD
    0x08005c58   0x08005c58   0x0000007e   Code   RO         1384    .text.ILI9341_Write_Command  ili9341_gfx.o
    0x08005cd6   0x08005cd6   0x00000002   PAD
    0x08005cd8   0x08005cd8   0x0000007c   Code   RO         1386    .text.ILI9341_Write_Data  ili9341_gfx.o
    0x08005d54   0x08005d54   0x00000136   Code   RO           19    .text.MX_ADC1_Init  main.o
    0x08005e8a   0x08005e8a   0x00000002   PAD
    0x08005e8c   0x08005e8c   0x00000040   Code   RO           17    .text.MX_DMA_Init   main.o
    0x08005ecc   0x08005ecc   0x00000178   Code   RO           15    .text.MX_GPIO_Init  main.o
    0x08006044   0x08006044   0x00000156   Code   RO           27    .text.MX_RTC_Init   main.o
    0x0800619a   0x0800619a   0x00000002   PAD
    0x0800619c   0x0800619c   0x00000048   Code   RO           21    .text.MX_SPI1_Init  main.o
    0x080061e4   0x080061e4   0x00000048   Code   RO           23    .text.MX_SPI2_Init  main.o
    0x0800622c   0x0800622c   0x000000e4   Code   RO           29    .text.MX_TIM1_Init  main.o
    0x08006310   0x08006310   0x000000a8   Code   RO           25    .text.MX_TIM2_Init  main.o
    0x080063b8   0x080063b8   0x00000004   Code   RO           65    .text.MemManage_Handler  stm32f4xx_it.o
    0x080063bc   0x080063bc   0x00000004   Code   RO           61    .text.NMI_Handler   stm32f4xx_it.o
    0x080063c0   0x080063c0   0x00000080   Code   RO          576    .text.NVIC_EncodePriority  stm32f4xx_hal_cortex.o
    0x08006440   0x08006440   0x00000002   Code   RO           75    .text.PendSV_Handler  stm32f4xx_it.o
    0x08006442   0x08006442   0x00000002   PAD
    0x08006444   0x08006444   0x00000010   Code   RO           81    .text.RTC_Alarm_IRQHandler  stm32f4xx_it.o
    0x08006454   0x08006454   0x0000002e   Code   RO          753    .text.RTC_Bcd2ToByte  stm32f4xx_hal_rtc.o
    0x08006482   0x08006482   0x00000002   PAD
    0x08006484   0x08006484   0x0000003e   Code   RO          749    .text.RTC_ByteToBcd2  stm32f4xx_hal_rtc.o
    0x080064c2   0x080064c2   0x00000002   PAD
    0x080064c4   0x080064c4   0x0000006c   Code   RO          739    .text.RTC_EnterInitMode  stm32f4xx_hal_rtc.o
    0x08006530   0x08006530   0x000000c0   Code   RO          885    .text.SPI_EndRxTxTransaction  stm32f4xx_hal_spi.o
    0x080065f0   0x080065f0   0x00000146   Code   RO          983    .text.SPI_WaitFlagStateUntilTimeout  stm32f4xx_hal_spi.o
    0x08006736   0x08006736   0x00000002   PAD
    0x08006738   0x08006738   0x00000002   Code   RO           71    .text.SVC_Handler   stm32f4xx_it.o
    0x0800673a   0x0800673a   0x00000002   PAD
    0x0800673c   0x0800673c   0x0000005a   Code   RO          592    .text.SysTick_Config  stm32f4xx_hal_cortex.o
    0x08006796   0x08006796   0x00000002   PAD
    0x08006798   0x08006798   0x00000008   Code   RO           77    .text.SysTick_Handler  stm32f4xx_it.o
    0x080067a0   0x080067a0   0x000000ec   Code   RO           13    .text.SystemClock_Config  main.o
    0x0800688c   0x0800688c   0x00000012   Code   RO         1337    .text.SystemInit    system_stm32f4xx.o
    0x0800689e   0x0800689e   0x00000002   PAD
    0x080068a0   0x080068a0   0x00000142   Code   RO          999    .text.TIM_Base_SetConfig  stm32f4xx_hal_tim.o
    0x080069e2   0x080069e2   0x00000002   PAD
    0x080069e4   0x080069e4   0x0000004a   Code   RO         1033    .text.TIM_CCxChannelCmd  stm32f4xx_hal_tim.o
    0x08006a2e   0x08006a2e   0x00000002   PAD
    0x08006a30   0x08006a30   0x000000d2   Code   RO         1143    .text.TIM_OC1_SetConfig  stm32f4xx_hal_tim.o
    0x08006b02   0x08006b02   0x00000002   PAD
    0x08006b04   0x08006b04   0x000000dc   Code   RO         1145    .text.TIM_OC2_SetConfig  stm32f4xx_hal_tim.o
    0x08006be0   0x08006be0   0x000000da   Code   RO         1147    .text.TIM_OC3_SetConfig  stm32f4xx_hal_tim.o
    0x08006cba   0x08006cba   0x00000002   PAD
    0x08006cbc   0x08006cbc   0x0000009c   Code   RO         1149    .text.TIM_OC4_SetConfig  stm32f4xx_hal_tim.o
    0x08006d58   0x08006d58   0x00000004   Code   RO           69    .text.UsageFault_Handler  stm32f4xx_it.o
    0x08006d5c   0x08006d5c   0x00000036   Code   RO          580    .text.__NVIC_EnableIRQ  stm32f4xx_hal_cortex.o
    0x08006d92   0x08006d92   0x00000002   PAD
    0x08006d94   0x08006d94   0x00000010   Code   RO          572    .text.__NVIC_GetPriorityGrouping  stm32f4xx_hal_cortex.o
    0x08006da4   0x08006da4   0x0000004a   Code   RO          574    .text.__NVIC_SetPriority  stm32f4xx_hal_cortex.o
    0x08006dee   0x08006dee   0x00000002   PAD
    0x08006df0   0x08006df0   0x00000040   Code   RO          568    .text.__NVIC_SetPriorityGrouping  stm32f4xx_hal_cortex.o
    0x08006e30   0x08006e30   0x00000178   Code   RO         1549    .text.getTouch      touch.o
    0x08006fa8   0x08006fa8   0x0000008e   Code   RO         1354    .text.initDevice    init.o
    0x08007036   0x08007036   0x00000002   PAD
    0x08007038   0x08007038   0x00000062   Code   RO         1356    .text.initTFT       init.o
    0x0800709a   0x0800709a   0x00000002   PAD
    0x0800709c   0x0800709c   0x0000002c   Code   RO         1360    .text.ledTFTInit    init.o
    0x080070c8   0x080070c8   0x00000108   Code   RO         1629    .text.lineAlignment  popupwindow.o
    0x080071d0   0x080071d0   0x00000090   Code   RO           11    .text.main          main.o
    0x08007260   0x08007260   0x00000142   Code   RO         1505    .text.menuChangeState  menu_main.o
    0x080073a2   0x080073a2   0x00000002   PAD
    0x080073a4   0x080073a4   0x0000025e   Code   RO         1631    .text.notification  popupwindow.o
    0x08007602   0x08007602   0x00000002   PAD
    0x08007604   0x08007604   0x00000094   Code   RO         1358    .text.outputInit    init.o
    0x08007698   0x08007698   0x0000004c   Code   RO         1480    .text.resetErrors   warn_err.o
    0x080076e4   0x080076e4   0x0000004c   Code   RO         1482    .text.resetWarning  warn_err.o
    0x08007730   0x08007730   0x00000030   Code   RO         1664    i.__0snprintf       mc_w.l(printfa.o)
    0x08007760   0x08007760   0x0000000e   Code   RO         1738    i.__scatterload_copy  mc_w.l(handlers.o)
    0x0800776e   0x0800776e   0x00000002   Code   RO         1739    i.__scatterload_null  mc_w.l(handlers.o)
    0x08007770   0x08007770   0x0000000e   Code   RO         1740    i.__scatterload_zeroinit  mc_w.l(handlers.o)
    0x0800777e   0x0800777e   0x00000002   PAD
    0x08007780   0x08007780   0x00000184   Code   RO         1670    i._fp_digits        mc_w.l(printfa.o)
    0x08007904   0x08007904   0x000006dc   Code   RO         1671    i._printf_core      mc_w.l(printfa.o)
    0x08007fe0   0x08007fe0   0x00000024   Code   RO         1672    i._printf_post_padding  mc_w.l(printfa.o)
    0x08008004   0x08008004   0x0000002e   Code   RO         1673    i._printf_pre_padding  mc_w.l(printfa.o)
    0x08008032   0x08008032   0x00000016   Code   RO         1674    i._snputc           mc_w.l(printfa.o)
    0x08008048   0x08008048   0x00000010   Data   RO         1342    .rodata.AHBPrescTable  system_stm32f4xx.o
    0x08008058   0x08008058   0x00000008   Data   RO          481    .rodata.DMA_CalcBaseAndBitshift.flagBitshiftOffset  stm32f4xx_hal_dma.o
    0x08008060   0x08008060   0x000017a0   Data   RO         1463    .rodata.Font11x18   fonts.o
    0x08009800   0x08009800   0x00002220   Data   RO         1464    .rodata.Font16x26   fonts.o
    0x0800ba20   0x0800ba20   0x00000001   Data   RO         1450    .rodata.cmd_read_x  xpt2046_touch.o
    0x0800ba21   0x0800ba21   0x00000001   Data   RO         1448    .rodata.cmd_read_y  xpt2046_touch.o
    0x0800ba22   0x0800ba22   0x00000059   Data   RO           43    .rodata.str1.1      main.o
    0x0800ba7b   0x0800ba7b   0x00000008   Data   RO         1634    .rodata.str1.1      popupwindow.o
    0x0800ba83   0x0800ba83   0x00000002   Data   RO         1449    .rodata.zeroes_tx   xpt2046_touch.o
    0x0800ba85   0x0800ba85   0x00000003   PAD
    0x0800ba88   0x0800ba88   0x00000020   Data   RO         1736    Region$$Table       anon$$obj.o


    Execution Region RW_IRAM1 (Exec base: 0x20000000, Load base: 0x0800baa8, Size: 0x000006c8, Max: 0x00020000, ABSOLUTE)

    Exec Addr    Load Addr    Size         Type   Attr      Idx    E Section Name        Object

    0x20000000   0x0800baa8   0x00000008   Data   RW         1468    .data.Font_11x18    fonts.o
    0x20000008   0x0800bab0   0x00000008   Data   RW         1469    .data.Font_16x26    fonts.o
    0x20000010   0x0800bab8   0x00000002   Data   RW         1430    .data.LCD_HEIGHT    ili9341_gfx.o
    0x20000012   0x0800baba   0x00000002   Data   RW         1431    .data.LCD_WIDTH     ili9341_gfx.o
    0x20000014   0x0800babc   0x00000004   Data   RW         1341    .data.SystemCoreClock  system_stm32f4xx.o
    0x20000018   0x0800bac0   0x00000004   Data   RW           42    .data.pAVR          main.o
    0x2000001c   0x0800bac4   0x00000001   Data   RW          695    .data.uwTickFreq    stm32f4xx_hal.o
    0x2000001d   0x0800bac5   0x00000003   PAD
    0x20000020   0x0800bac8   0x00000004   Data   RW          694    .data.uwTickPrio    stm32f4xx_hal.o
    0x20000024   0x0800bacc   0x00000004   PAD
    0x20000028        -       0x00000084   Zero   RW           41    .bss.AVR            main.o
    0x200000ac        -       0x00000004   Zero   RW           40    .bss.DateToUpdate   main.o
    0x200000b0        -       0x00000004   Zero   RW         1551    .bss.getTouch.time_press  touch.o
    0x200000b4        -       0x00000048   Zero   RW           44    .bss.hadc1          main.o
    0x200000fc        -       0x00000060   Zero   RW           45    .bss.hdma_adc1      main.o
    0x2000015c        -       0x00000020   Zero   RW           46    .bss.hrtc           main.o
    0x2000017c        -       0x00000058   Zero   RW           47    .bss.hspi1          main.o
    0x200001d4        -       0x00000058   Zero   RW           48    .bss.hspi2          main.o
    0x2000022c        -       0x00000048   Zero   RW           49    .bss.htim1          main.o
    0x20000274        -       0x00000048   Zero   RW           50    .bss.htim2          main.o
    0x200002bc        -       0x00000001   Zero   RW         1635    .bss.notification.flag_block  popupwindow.o
    0x200002bd        -       0x00000001   Zero   RW         1636    .bss.notification.menuReturn  popupwindow.o
    0x200002be   0x0800bacc   0x00000002   PAD
    0x200002c0        -       0x00000004   Zero   RW          696    .bss.uwTick         stm32f4xx_hal.o
    0x200002c4   0x0800bacc   0x00000004   PAD
    0x200002c8        -       0x00000400   Zero   RW            1    STACK               startup_stm32f411xe.o


==============================================================================

Image component sizes


      Code (inc. data)   RO Data    RW Data    ZI Data      Debug   Object Name

         0          0      14784         16          0       1178   fonts.o
      4900          4          0          4          0      11039   ili9341_gfx.o
       432          0          0          0          0       2049   init.o
      2168          0         89          4        656      17815   main.o
       322          0          0          0          0       5380   menu_main.o
       870          0          8          0          2       2790   popupwindow.o
        36          8        408          0       1024        820   startup_stm32f411xe.o
       296          0          0          5          4       7543   stm32f4xx_hal.o
      2158          0          0          0          0      10612   stm32f4xx_hal_adc.o
       560          0          0          0          0       9954   stm32f4xx_hal_cortex.o
      2150          8          8          0          0       8977   stm32f4xx_hal_dma.o
      1570          0          0          0          0       5476   stm32f4xx_hal_gpio.o
      1088          0          0          0          0      12464   stm32f4xx_hal_msp.o
      2654          0          0          0          0       7685   stm32f4xx_hal_rcc.o
       630          0          0          0          0       4543   stm32f4xx_hal_rcc_ex.o
      2558          0          0          0          0      10648   stm32f4xx_hal_rtc.o
        12          0          0          0          0      12878   stm32f4xx_hal_rtc_ex.o
      2524          0          0          0          0      20884   stm32f4xx_hal_spi.o
      2118         14          0          0          0      38588   stm32f4xx_hal_tim.o
       448          0          0          0          0      16725   stm32f4xx_hal_tim_ex.o
        76          0          0          0          0       1767   stm32f4xx_it.o
        18          0         16          4          0       2746   system_stm32f4xx.o
       376          0          0          0          4       1638   touch.o
       152          0          0          0          0        805   warn_err.o
       428          0          4          0          0       1761   xpt2046_touch.o

    ----------------------------------------------------------------------
     28680         34      15352         36       1700     216765   Object Totals
         0          0         32          0          0          0   (incl. Generated)
       136          0          3          3         10          0   (incl. Padding)

    ----------------------------------------------------------------------

      Code (inc. data)   RO Data    RW Data    ZI Data      Debug   Library Member Name

         0          0          0          0          0          0   entry.o
         0          0          0          0          0          0   entry10a.o
         0          0          0          0          0          0   entry11a.o
         8          4          0          0          0          0   entry2.o
         4          0          0          0          0          0   entry5.o
         0          0          0          0          0          0   entry7b.o
         0          0          0          0          0          0   entry8b.o
         8          4          0          0          0          0   entry9a.o
        30          0          0          0          0          0   handlers.o
        36          8          0          0          0         68   init.o
         0          0          0          0          0          0   iusefp.o
        30          0          0          0          0         68   llshl.o
        36          0          0          0          0         68   llsshr.o
        32          0          0          0          0         68   llushr.o
        36          0          0          0          0        108   memseta.o
      2296         84          0          0          0        520   printfa.o
        24          0          0          0          0         76   strncpy.o
        44          0          0          0          0         80   uidiv.o
        98          0          0          0          0         92   uldiv.o
        48          0          0          0          0         68   cdrcmple.o
       334          0          0          0          0        148   dadd.o
       222          0          0          0          0        100   ddiv.o
       186          0          0          0          0        176   depilogue.o
        48          0          0          0          0         68   dfixul.o
       228          0          0          0          0         96   dmul.o

    ----------------------------------------------------------------------
      3752        100          0          0          0       1804   Library Totals
         4          0          0          0          0          0   (incl. Padding)

    ----------------------------------------------------------------------

      Code (inc. data)   RO Data    RW Data    ZI Data      Debug   Library Name

      2682        100          0          0          0       1148   mc_w.l
      1066          0          0          0          0        656   mf_w.l

    ----------------------------------------------------------------------
      3752        100          0          0          0       1804   Library Totals

    ----------------------------------------------------------------------

==============================================================================


      Code (inc. data)   RO Data    RW Data    ZI Data      Debug   

     32432        134      15352         36       1700     217485   Grand Totals
     32432        134      15352         36       1700     217485   ELF Image Totals
     32432        134      15352         36          0          0   ROM Totals

==============================================================================

    Total RO  Size (Code + RO Data)                47784 (  46.66kB)
    Total RW  Size (RW Data + ZI Data)              1736 (   1.70kB)
    Total ROM Size (Code + RO Data + RW Data)      47820 (  46.70kB)

==============================================================================

