Component: ARM Compiler 6.10.1 Tool: armlink [5d142800]

==============================================================================

Section Cross References

    startup_stm32f411xe.o(RESET) refers to startup_stm32f411xe.o(STACK) for __initial_sp
    startup_stm32f411xe.o(RESET) refers to startup_stm32f411xe.o(.text) for Reset_Handler
    startup_stm32f411xe.o(RESET) refers to stm32f4xx_it.o(.text.NMI_Handler) for NMI_Handler
    startup_stm32f411xe.o(RESET) refers to stm32f4xx_it.o(.text.HardFault_Handler) for HardFault_Handler
    startup_stm32f411xe.o(RESET) refers to stm32f4xx_it.o(.text.MemManage_Handler) for MemManage_Handler
    startup_stm32f411xe.o(RESET) refers to stm32f4xx_it.o(.text.BusFault_Handler) for BusFault_Handler
    startup_stm32f411xe.o(RESET) refers to stm32f4xx_it.o(.text.UsageFault_Handler) for UsageFault_Handler
    startup_stm32f411xe.o(RESET) refers to stm32f4xx_it.o(.text.SVC_Handler) for SVC_Handler
    startup_stm32f411xe.o(RESET) refers to stm32f4xx_it.o(.text.DebugMon_Handler) for DebugMon_Handler
    startup_stm32f411xe.o(RESET) refers to stm32f4xx_it.o(.text.PendSV_Handler) for PendSV_Handler
    startup_stm32f411xe.o(RESET) refers to stm32f4xx_it.o(.text.SysTick_Handler) for SysTick_Handler
    startup_stm32f411xe.o(RESET) refers to stm32f4xx_it.o(.text.EXTI2_IRQHandler) for EXTI2_IRQHandler
    startup_stm32f411xe.o(RESET) refers to stm32f4xx_it.o(.text.RTC_Alarm_IRQHandler) for RTC_Alarm_IRQHandler
    startup_stm32f411xe.o(RESET) refers to stm32f4xx_it.o(.text.DMA2_Stream0_IRQHandler) for DMA2_Stream0_IRQHandler
    startup_stm32f411xe.o(.text) refers to system_stm32f4xx.o(.text.SystemInit) for SystemInit
    startup_stm32f411xe.o(.text) refers to entry.o(.ARM.Collect$$$$00000000) for __main
    main.o(.text.main) refers to stm32f4xx_hal.o(.text.HAL_Init) for HAL_Init
    main.o(.text.main) refers to main.o(.text.SystemClock_Config) for SystemClock_Config
    main.o(.text.main) refers to stm32f4xx_hal_cortex.o(.text.HAL_NVIC_SetPriority) for HAL_NVIC_SetPriority
    main.o(.text.main) refers to stm32f4xx_hal_cortex.o(.text.HAL_NVIC_EnableIRQ) for HAL_NVIC_EnableIRQ
    main.o(.text.main) refers to stm32f4xx_hal_adc.o(.text.HAL_ADC_Init) for HAL_ADC_Init
    main.o(.text.main) refers to stm32f4xx_hal_adc.o(.text.HAL_ADC_ConfigChannel) for HAL_ADC_ConfigChannel
    main.o(.text.main) refers to stm32f4xx_hal_spi.o(.text.HAL_SPI_Init) for HAL_SPI_Init
    main.o(.text.main) refers to memseta.o(.text) for __aeabi_memclr4
    main.o(.text.main) refers to stm32f4xx_hal_tim.o(.text.HAL_TIM_PWM_Init) for HAL_TIM_PWM_Init
    main.o(.text.main) refers to stm32f4xx_hal_tim_ex.o(.text.HAL_TIMEx_MasterConfigSynchronization) for HAL_TIMEx_MasterConfigSynchronization
    main.o(.text.main) refers to stm32f4xx_hal_tim.o(.text.HAL_TIM_PWM_ConfigChannel) for HAL_TIM_PWM_ConfigChannel
    main.o(.text.main) refers to stm32f4xx_hal_msp.o(.text.HAL_TIM_MspPostInit) for HAL_TIM_MspPostInit
    main.o(.text.main) refers to stm32f4xx_hal_rtc.o(.text.HAL_RTC_Init) for HAL_RTC_Init
    main.o(.text.main) refers to stm32f4xx_hal_rtc.o(.text.HAL_RTC_SetAlarm_IT) for HAL_RTC_SetAlarm_IT
    main.o(.text.main) refers to stm32f4xx_hal_rtc.o(.text.HAL_RTC_GetDate) for HAL_RTC_GetDate
    main.o(.text.main) refers to stm32f4xx_hal_rtc.o(.text.HAL_RTC_SetTime) for HAL_RTC_SetTime
    main.o(.text.main) refers to stm32f4xx_hal_rtc.o(.text.HAL_RTC_SetDate) for HAL_RTC_SetDate
    main.o(.text.main) refers to stm32f4xx_hal_tim_ex.o(.text.HAL_TIMEx_ConfigBreakDeadTime) for HAL_TIMEx_ConfigBreakDeadTime
    main.o(.text.main) refers to fatfs.o(.text.MX_FATFS_Init) for MX_FATFS_Init
    main.o(.text.main) refers to init.o(.text.initDevice) for initDevice
    main.o(.text.main) refers to work.o(.text.work) for work
    main.o(.text.main) refers to main.o(.text.Error_Handler) for Error_Handler
    main.o(.text.main) refers to stm32f4xx_hal_gpio.o(.text.HAL_GPIO_WritePin) for HAL_GPIO_WritePin
    main.o(.text.main) refers to stm32f4xx_hal_gpio.o(.text.HAL_GPIO_Init) for HAL_GPIO_Init
    main.o(.text.main) refers to main.o(.bss..L_MergedGlobals) for [Anonymous Symbol]
    main.o(.text.main) refers to main.o(.bss..L_MergedGlobals.3) for [Anonymous Symbol]
    main.o(.text.main) refers to main.o(.bss..L_MergedGlobals.4) for [Anonymous Symbol]
    main.o(.text.main) refers to main.o(.bss..L_MergedGlobals.2) for [Anonymous Symbol]
    main.o(.text.main) refers to main.o(.bss..L_MergedGlobals.1) for [Anonymous Symbol]
    main.o(.ARM.exidx.text.main) refers to main.o(.text.main) for [Anonymous Symbol]
    main.o(.text.SystemClock_Config) refers to memseta.o(.text) for __aeabi_memclr4
    main.o(.text.SystemClock_Config) refers to stm32f4xx_hal_rcc.o(.text.HAL_RCC_OscConfig) for HAL_RCC_OscConfig
    main.o(.text.SystemClock_Config) refers to stm32f4xx_hal_rcc.o(.text.HAL_RCC_ClockConfig) for HAL_RCC_ClockConfig
[...]
    [Anonymous Symbol]                       0x200001b8   Section        0  settdatatime.o(.bss..L_MergedGlobals)
    flagFirst                                0x200001b8   Data           1  settdatatime.o(.bss..L_MergedGlobals)
    Hours                                    0x200001b9   Data           1  settdatatime.o(.bss..L_MergedGlobals)
    Minutes                                  0x200001ba   Data           1  settdatatime.o(.bss..L_MergedGlobals)
    Seconds                                  0x200001bb   Data           1  settdatatime.o(.bss..L_MergedGlobals)
    flagSave                                 0x200001bc   Data           1  settdatatime.o(.bss..L_MergedGlobals)
    flagExit                                 0x200001bd   Data           1  settdatatime.o(.bss..L_MergedGlobals)
    WeekDay                                  0x200001be   Data           1  settdatatime.o(.bss..L_MergedGlobals)
    Month                                    0x200001bf   Data           1  settdatatime.o(.bss..L_MergedGlobals)
    Date                                     0x200001c0   Data           1  settdatatime.o(.bss..L_MergedGlobals)
    Year                                     0x200001c1   Data           1  settdatatime.o(.bss..L_MergedGlobals)
    [Anonymous Symbol]                       0x200001c4   Section        0  menu_second.o(.bss..L_MergedGlobals)
    flagTO                                   0x200001c4   Data           1  menu_second.o(.bss..L_MergedGlobals)
    flag_exit                                0x200001c5   Data           1  menu_second.o(.bss..L_MergedGlobals)
    flag_main_rele                           0x200001c6   Data           1  menu_second.o(.bss..L_MergedGlobals)
    flag_zazhig_rele                         0x200001c7   Data           1  menu_second.o(.bss..L_MergedGlobals)
    flag_starter_rele                        0x200001c8   Data           1  menu_second.o(.bss..L_MergedGlobals)
    flag_podsos_rele                         0x200001c9   Data           1  menu_second.o(.bss..L_MergedGlobals)
    flag_change                              0x200001ca   Data           1  menu_second.o(.bss..L_MergedGlobals)
    time_update                              0x200001cc   Data           4  menu_second.o(.bss..L_MergedGlobals)
    [Anonymous Symbol]                       0x200001d0   Section        0  menu_warn_err.o(.bss..L_MergedGlobals)
    flag_clear                               0x200001d0   Data           1  menu_warn_err.o(.bss..L_MergedGlobals)
    time_update                              0x200001d4   Data           4  menu_warn_err.o(.bss..L_MergedGlobals)
    [Anonymous Symbol]                       0x200001d8   Section        0  popupwindow.o(.bss..L_MergedGlobals)
    flag_block                               0x200001d8   Data           1  popupwindow.o(.bss..L_MergedGlobals)
    timeDelay                                0x200001dc   Data           4  popupwindow.o(.bss..L_MergedGlobals)
    menuReturn                               0x200001e0   Data           4  popupwindow.o(.bss..L_MergedGlobals)
    [Anonymous Symbol]                       0x200001e4   Section        0  fatfs.o(.bss..L_MergedGlobals)
    [Anonymous Symbol]                       0x200001ec   Section        0  ff.o(.bss..L_MergedGlobals)
    Fsid                                     0x200001ec   Data           2  ff.o(.bss..L_MergedGlobals)
    FatFs                                    0x200001f0   Data           4  ff.o(.bss..L_MergedGlobals)
    [Anonymous Symbol]                       0x20000200   Section        0  main.o(.bss..L_MergedGlobals.1)
    [Anonymous Symbol]                       0x20000250   Section        0  main.o(.bss..L_MergedGlobals.2)
    [Anonymous Symbol]                       0x200002a0   Section        0  main.o(.bss..L_MergedGlobals.3)
    [Anonymous Symbol]                       0x20000300   Section        0  init.o(.bss..L_MergedGlobals.34)
    historyParamBuf                          0x20000300   Data         125  init.o(.bss..L_MergedGlobals.34)
    [Anonymous Symbol]                       0x20000380   Section        0  main.o(.bss..L_MergedGlobals.4)
    [Anonymous Symbol]                       0x200003d8   Section        0  menu_main.o(.bss..L_MergedGlobals.57)
    flagSetTime                              0x200003d8   Data           1  menu_main.o(.bss..L_MergedGlobals.57)
    flagSetData                              0x200003d9   Data           1  menu_main.o(.bss..L_MergedGlobals.57)
    flagPowerAutoManual                      0x200003da   Data           1  menu_main.o(.bss..L_MergedGlobals.57)
    flagStatusEngine                         0x200003db   Data           1  menu_main.o(.bss..L_MergedGlobals.57)
    flagCharge                               0x200003dc   Data           1  menu_main.o(.bss..L_MergedGlobals.57)
    flag_block                               0x200003dd   Data           1  menu_main.o(.bss..L_MergedGlobals.57)
    power_grid_mode                          0x200003de   Data           1  menu_main.o(.bss..L_MergedGlobals.57)
    flag_status_block                        0x200003df   Data           1  menu_main.o(.bss..L_MergedGlobals.57)
    time_update                              0x200003e0   Data           4  menu_main.o(.bss..L_MergedGlobals.57)
    [Anonymous Symbol]                       0x200003e4   Section        0  fatfs_sd.o(.bss..L_MergedGlobals.9)
    CardType                                 0x200003e4   Data           1  fatfs_sd.o(.bss..L_MergedGlobals.9)
    PowerFlag                                0x200003e5   Data           1  fatfs_sd.o(.bss..L_MergedGlobals.9)
    [Anonymous Symbol]                       0x20002540   Section        0  ff.o(.bss.Files)
    Files                                    0x20002540   Data          32  ff.o(.bss.Files)
    [Anonymous Symbol]                       0x20002560   Section        0  ff.o(.bss.LfnBuf)
    LfnBuf                                   0x20002560   Data         512  ff.o(.bss.LfnBuf)
    [Anonymous Symbol]                       0x20003034   Section        0  popupwindow.o(.bss.popUpWinBuf)
    popUpWinBuf                              0x20003034   Data         200  popupwindow.o(.bss.popUpWinBuf)
    [Anonymous Symbol]                       0x20003130   Section        0  touch.o(.bss.time_press)
    time_press                               0x20003130   Data           4  touch.o(.bss.time_press)
    STACK                                    0x20003138   Section     1024  startup_stm32f411xe.o(STACK)

    Global Symbols

    Symbol Name                              Value     Ov Type        Size  Object(Section)

    BuildAttributes$$THM_ISAv4$E$P$D$K$B$S$7EM$VFPi3$EXTD16$VFPS$VFMA$PE$A:L22UL41UL21$X:L11$S22US41US21$IEEE1$IW$~IW$USESV6$~STKCKD$USESV7$~SHL$OTIME$ROPI$EBA8$MICROLIB$REQ8$PRES8$EABIv2 0x00000000   Number         0  anon$$obj.o ABSOLUTE
    _printf_a                                0x00000000   Number         0  stubs.o ABSOLUTE
    _printf_c                                0x00000000   Number         0  stubs.o ABSOLUTE
    _printf_charcount                        0x00000000   Number         0  stubs.o ABSOLUTE
    _printf_d                                0x00000000   Number         0  stubs.o ABSOLUTE
    _printf_e                                0x00000000   Number         0  stubs.o ABSOLUTE
    _printf_f                                0x00000000   Number         0  stubs.o ABSOLUTE
    _printf_flags                            0x00000000   Number         0  stubs.o ABSOLUTE
    _printf_fp_dec                           0x00000000   Number         0  stubs.o ABSOLUTE
    _printf_fp_hex                           0x00000000   Number         0  stubs.o ABSOLUTE
    _printf_g                                0x00000000   Number         0  stubs.o ABSOLUTE
    _printf_i                                0x00000000   Number         0  stubs.o ABSOLUTE
    _printf_int_dec                          0x00000000   Number         0  stubs.o ABSOLUTE
    _printf_l                                0x00000000   Number         0  stubs.o ABSOLUTE
    _printf_lc                               0x00000000   Number         0  stubs.o ABSOLUTE
    _printf_ll                               0x00000000   Number         0  stubs.o ABSOLUTE
    _printf_lld                              0x00000000   Number         0  stubs.o ABSOLUTE
    _printf_lli                              0x00000000   Number         0  stubs.o ABSOLUTE
    _printf_llo                              0x00000000   Number         0  stubs.o ABSOLUTE
    _printf_llu                              0x00000000   Number         0  stubs.o ABSOLUTE
    _printf_llx                              0x00000000   Number         0  stubs.o ABSOLUTE
    _printf_longlong_dec                     0x00000000   Number         0  stubs.o ABSOLUTE
    _printf_longlong_hex                     0x00000000   Number         0  stubs.o ABSOLUTE
    _printf_longlong_oct                     0x00000000   Number         0  stubs.o ABSOLUTE
    _printf_ls                               0x00000000   Number         0  stubs.o ABSOLUTE
    _printf_mbtowc                           0x00000000   Number         0  stubs.o ABSOLUTE
    _printf_n                                0x00000000   Number         0  stubs.o ABSOLUTE
    _printf_o                                0x00000000   Number         0  stubs.o ABSOLUTE
    _printf_p                                0x00000000   Number         0  stubs.o ABSOLUTE
    _printf_percent                          0x00000000   Number         0  stubs.o ABSOLUTE
    _printf_pre_padding                      0x00000000   Number         0  stubs.o ABSOLUTE
    _printf_return_value                     0x00000000   Number         0  stubs.o ABSOLUTE
    _printf_s                                0x00000000   Number         0  stubs.o ABSOLUTE
    _printf_sizespec                         0x00000000   Number         0  stubs.o ABSOLUTE
    _printf_str                              0x00000000   Number         0  stubs.o ABSOLUTE
    _printf_truncate_signed                  0x00000000   Number         0  stubs.o ABSOLUTE
    _printf_truncate_unsigned                0x00000000   Number         0  stubs.o ABSOLUTE
    _printf_u                                0x00000000   Number         0  stubs.o ABSOLUTE
    _printf_wc                               0x00000000   Number         0  stubs.o ABSOLUTE
    _printf_wctomb                           0x00000000   Number         0  stubs.o ABSOLUTE
    _printf_widthprec                        0x00000000   Number         0  stubs.o ABSOLUTE
    _printf_x                                0x00000000   Number         0  stubs.o ABSOLUTE
    __cpp_initialize__aeabi_                  - Undefined Weak Reference
    __cxa_finalize                            - Undefined Weak Reference
    __decompress                              - Undefined Weak Reference
    _clock_init                               - Undefined Weak Reference
    _microlib_exit                            - Undefined Weak Reference
    __Vectors_Size                           0x00000198   Number         0  startup_stm32f411xe.o ABSOLUTE
    __Vectors                                0x08000000   Data           4  startup_stm32f411xe.o(RESET)
    __Vectors_End                            0x08000198   Data           0  startup_stm32f411xe.o(RESET)
    __main                                   0x08000199   Thumb Code     0  entry.o(.ARM.Collect$$$$00000000)
    _main_stk                                0x08000199   Thumb Code     0  entry2.o(.ARM.Collect$$$$00000001)
    _main_scatterload                        0x0800019d   Thumb Code     0  entry5.o(.ARM.Collect$$$$00000004)
    __main_after_scatterload                 0x080001a1   Thumb Code     0  entry5.o(.ARM.Collect$$$$00000004)
    _main_clock                              0x080001a1   Thumb Code     0  entry7b.o(.ARM.Collect$$$$00000008)
    _main_cpp_init                           0x080001a1   Thumb Code     0  entry8b.o(.ARM.Collect$$$$0000000A)
    _main_init                               0x080001a1   Thumb Code     0  entry9a.o(.ARM.Collect$$$$0000000B)
    __rt_final_cpp                           0x080001a9   Thumb Code     0  entry10a.o(.ARM.Collect$$$$0000000D)
    __rt_final_exit                          0x080001a9   Thumb Code     0  entry11a.o(.ARM.Collect$$$$0000000F)
    Reset_Handler                            0x080001ad   Thumb Code     8  startup_stm32f411xe.o(.text)
    ADC_IRQHandler                           0x080001c7   Thumb Code     0  startup_stm32f411xe.o(.text)
    DMA1_Stream0_IRQHandler                  0x080001c7   Thumb Code     0  startup_stm32f411xe.o(.text)
    DMA1_Stream1_IRQHandler                  0x080001c7   Thumb Code     0  startup_stm32f411xe.o(.text)
    DMA1_Stream2_IRQHandler                  0x080001c7   Thumb Code     0  startup_stm32f411xe.o(.text)
    DMA1_Stream3_IRQHandler                  0x080001c7   Thumb Code     0  startup_stm32f411xe.o(.text)
    DMA1_Stream4_IRQHandler                  0x080001c7   Thumb Code     0  startup_stm32f411xe.o(.text)
    DMA1_Stream5_IRQHandler                  0x080001c7   Thumb Code     0  startup_stm32f411xe.o(.text)
    DMA1_Stream6_IRQHandler                  0x080001c7   Thumb Code     0  startup_stm32f411xe.o(.text)
    DMA1_Stream7_IRQHandler                  0x080001c7   Thumb Code     0  startup_stm32f411xe.o(.text)
    DMA2_Stream1_IRQHandler                  0x080001c7   Thumb Code     0  startup_stm32f411xe.o(.text)
    DMA2_Stream2_IRQHandler                  0x080001c7   Thumb Code     0  startup_stm32f411xe.o(.text)
    DMA2_Stream3_IRQHandler                  0x080001c7   Thumb Code     0  startup_stm32f411xe.o(.text)
    DMA2_Stream4_IRQHandler                  0x080001c7   Thumb Code     0  startup_stm32f411xe.o(.text)
    DMA2_Stream5_IRQHandler                  0x080001c7   Thumb Code     0  startup_stm32f411xe.o(.text)
    DMA2_Stream6_IRQHandler                  0x080001c7   Thumb Code     0  startup_stm32f411xe.o(.text)
    DMA2_Stream7_IRQHandler                  0x080001c7   Thumb Code     0  startup_stm32f411xe.o(.text)
    EXTI0_IRQHandler                         0x080001c7   Thumb Code     0  startup_stm32f411xe.o(.text)
    EXTI15_10_IRQHandler                     0x080001c7   Thumb Code     0  startup_stm32f411xe.o(.text)
    EXTI1_IRQHandler                         0x080001c7   Thumb Code     0  startup_stm32f411xe.o(.text)
    EXTI3_IRQHandler                         0x080001c7   Thumb Code     0  startup_stm32f411xe.o(.text)
    EXTI4_IRQHandler                         0x080001c7   Thumb Code     0  startup_stm32f411xe.o(.text)
    EXTI9_5_IRQHandler                       0x080001c7   Thumb Code     0  startup_stm32f411xe.o(.text)
    FLASH_IRQHandler                         0x080001c7   Thumb Code     0  startup_stm32f411xe.o(.text)
    FPU_IRQHandler                           0x080001c7   Thumb Code     0  startup_stm32f411xe.o(.text)
    I2C1_ER_IRQHandler                       0x080001c7   Thumb Code     0  startup_stm32f411xe.o(.text)
    I2C1_EV_IRQHandler                       0x080001c7   Thumb Code     0  startup_stm32f411xe.o(.text)
    I2C2_ER_IRQHandler                       0x080001c7   Thumb Code     0  startup_stm32f411xe.o(.text)
    I2C2_EV_IRQHandler                       0x080001c7   Thumb Code     0  startup_stm32f411xe.o(.text)
    I2C3_ER_IRQHandler                       0x080001c7   Thumb Code     0  startup_stm32f411xe.o(.text)
    I2C3_EV_IRQHandler                       0x080001c7   Thumb Code     0  startup_stm32f411xe.o(.text)
    OTG_FS_IRQHandler                        0x080001c7   Thumb Code     0  startup_stm32f411xe.o(.text)
    OTG_FS_WKUP_IRQHandler                   0x080001c7   Thumb Code     0  startup_stm32f411xe.o(.text)
    PVD_IRQHandler                           0x080001c7   Thumb Code     0  startup_stm32f411xe.o(.text)
    RCC_IRQHandler                           0x080001c7   Thumb Code     0  startup_stm32f411xe.o(.text)
    RTC_WKUP_IRQHandler                      0x080001c7   Thumb Code     0  startup_stm32f411xe.o(.text)
    SDIO_IRQHandler                          0x080001c7   Thumb Code     0  startup_stm32f411xe.o(.text)
    SPI1_IRQHandler                          0x080001c7   Thumb Code     0  startup_stm32f411xe.o(.text)
    SPI2_IRQHandler                          0x080001c7   Thumb Code     0  startup_stm32f411xe.o(.text)
    SPI3_IRQHandler                          0x080001c7   Thumb Code     0  startup_stm32f411xe.o(.text)
    SPI4_IRQHandler                          0x080001c7   Thumb Code     0  startup_stm32f411xe.o(.text)
    SPI5_IRQHandler                          0x080001c7   Thumb Code     0  startup_stm32f411xe.o(.text)
    TAMP_STAMP_IRQHandler                    0x080001c7   Thumb Code     0  startup_stm32f411xe.o(.text)
    TIM1_BRK_TIM9_IRQHandler                 0x080001c7   Thumb Code     0  startup_stm32f411xe.o(.text)
    TIM1_CC_IRQHandler                       0x080001c7   Thumb Code     0  startup_stm32f411xe.o(.text)
    TIM1_TRG_COM_TIM11_IRQHandler            0x080001c7   Thumb Code     0  startup_stm32f411xe.o(.text)
    TIM1_UP_TIM10_IRQHandler                 0x080001c7   Thumb Code     0  startup_stm32f411xe.o(.text)
    TIM2_IRQHandler                          0x080001c7   Thumb Code     0  startup_stm32f411xe.o(.text)
    TIM3_IRQHandler                          0x080001c7   Thumb Code     0  startup_stm32f411xe.o(.text)
    TIM4_IRQHandler                          0x080001c7   Thumb Code     0  startup_stm32f411xe.o(.text)
    TIM5_IRQHandler                          0x080001c7   Thumb Code     0  startup_stm32f411xe.o(.text)
    USART1_IRQHandler                        0x080001c7   Thumb Code     0  startup_stm32f411xe.o(.text)
    USART2_IRQHandler                        0x080001c7   Thumb Code     0  startup_stm32f411xe.o(.text)
    USART6_IRQHandler                        0x080001c7   Thumb Code     0  startup_stm32f411xe.o(.text)
    WWDG_IRQHandler                          0x080001c7   Thumb Code     0  startup_stm32f411xe.o(.text)
    __aeabi_uldivmod                         0x080001d1   Thumb Code    98  uldiv.o(.text)
    __aeabi_memcpy                           0x08000233   Thumb Code    36  memcpya.o(.text)
    __aeabi_memcpy4                          0x08000233   Thumb Code     0  memcpya.o(.text)
    __aeabi_memcpy8                          0x08000233   Thumb Code     0  memcpya.o(.text)
    __aeabi_memset                           0x08000257   Thumb Code    14  memseta.o(.text)
    __aeabi_memset4                          0x08000257   Thumb Code     0  memseta.o(.text)
    __aeabi_memset8                          0x08000257   Thumb Code     0  memseta.o(.text)
    __aeabi_memclr                           0x08000265   Thumb Code     4  memseta.o(.text)
    __aeabi_memclr4                          0x08000265   Thumb Code     0  memseta.o(.text)
    __aeabi_memclr8                          0x08000265   Thumb Code     0  memseta.o(.text)
    _memset$wrapper                          0x08000269   Thumb Code    18  memseta.o(.text)
    strncpy                                  0x0800027b   Thumb Code    24  strncpy.o(.text)
    strlen                                   0x08000293   Thumb Code    14  strlen.o(.text)
    strtol                                   0x080002a1   Thumb Code   112  strtol.o(.text)
    __aeabi_dadd                             0x08000311   Thumb Code   322  dadd.o(.text)
    __aeabi_dsub                             0x08000453   Thumb Code     6  dadd.o(.text)
    __aeabi_drsub                            0x08000459   Thumb Code     6  dadd.o(.text)
    __aeabi_dmul                             0x0800045f   Thumb Code   228  dmul.o(.text)
    __aeabi_ui2d                             0x08000543   Thumb Code    26  dfltui.o(.text)
    __aeabi_d2uiz                            0x0800055d   Thumb Code    50  dfixui.o(.text)
    __aeabi_f2d                              0x0800058f   Thumb Code    38  f2d.o(.text)
    __aeabi_d2f                              0x080005b5   Thumb Code    56  d2f.o(.text)
    __aeabi_uidiv                            0x080005ed   Thumb Code     0  uidiv.o(.text)
    __aeabi_uidivmod                         0x080005ed   Thumb Code    44  uidiv.o(.text)
    __aeabi_llsl                             0x08000619   Thumb Code    30  llshl.o(.text)
    _ll_shift_l                              0x08000619   Thumb Code     0  llshl.o(.text)
    __aeabi_llsr                             0x08000637   Thumb Code    32  llushr.o(.text)
    _ll_ushift_r                             0x08000637   Thumb Code     0  llushr.o(.text)
    __aeabi_lasr                             0x08000657   Thumb Code    36  llsshr.o(.text)
    _ll_sshift_r                             0x08000657   Thumb Code     0  llsshr.o(.text)
    __rt_ctype_table                         0x0800067d   Thumb Code     4  ctype_o.o(.text)
    _strtoul                                 0x08000685   Thumb Code   158  _strtoul.o(.text)
    __I$use$fp                               0x08000723   Thumb Code     0  iusefp.o(.text)
    _float_round                             0x08000723   Thumb Code    18  fepilogue.o(.text)
    _float_epilogue                          0x08000735   Thumb Code    92  fepilogue.o(.text)
    _double_round                            0x08000791   Thumb Code    30  depilogue.o(.text)
    _double_epilogue                         0x080007af   Thumb Code   156  depilogue.o(.text)
    __aeabi_ddiv                             0x0800084b   Thumb Code   222  ddiv.o(.text)
    __aeabi_d2ulz                            0x08000929   Thumb Code    48  dfixul.o(.text)
    __aeabi_cdrcmple                         0x08000959   Thumb Code    48  cdrcmple.o(.text)
    __scatterload                            0x08000989   Thumb Code    28  init.o(.text)
    __scatterload_rt2                        0x08000989   Thumb Code     0  init.o(.text)
    _chval                                   0x080009ad   Thumb Code    28  _chval.o(.text)
    BusFault_Handler                         0x08000a4d   Thumb Code     2  stm32f4xx_it.o(.text.BusFault_Handler)
    DMA2_Stream0_IRQHandler                  0x08000a6d   Thumb Code    12  stm32f4xx_it.o(.text.DMA2_Stream0_IRQHandler)
    DebugMon_Handler                         0x08000adb   Thumb Code     2  stm32f4xx_it.o(.text.DebugMon_Handler)
    EXTI2_IRQHandler                         0x08000add   Thumb Code     6  stm32f4xx_it.o(.text.EXTI2_IRQHandler)
    Error_Handler                            0x08000ae5   Thumb Code    76  main.o(.text.Error_Handler)
    FATFS_LinkDriver                         0x08000b31   Thumb Code     6  ff_gen_drv.o(.text.FATFS_LinkDriver)
    FATFS_LinkDriverEx                       0x08000b39   Thumb Code    68  ff_gen_drv.o(.text.FATFS_LinkDriverEx)
    HAL_ADC_ConfigChannel                    0x08000b7d   Thumb Code   280  stm32f4xx_hal_adc.o(.text.HAL_ADC_ConfigChannel)
    HAL_ADC_ConvCpltCallback                 0x08000c89   Thumb Code    36  main.o(.text.HAL_ADC_ConvCpltCallback)
    HAL_ADC_ConvHalfCpltCallback             0x08000ca9   Thumb Code     2  stm32f4xx_hal_adc.o(.text.HAL_ADC_ConvHalfCpltCallback)
    HAL_ADC_ErrorCallback                    0x08000cab   Thumb Code     2  stm32f4xx_hal_adc.o(.text.HAL_ADC_ErrorCallback)
    HAL_ADC_Init                             0x08000cad   Thumb Code   328  stm32f4xx_hal_adc.o(.text.HAL_ADC_Init)
    HAL_ADC_MspInit                          0x08000df5   Thumb Code   156  stm32f4xx_hal_msp.o(.text.HAL_ADC_MspInit)
    HAL_ADC_Start_DMA                        0x08000e8d   Thumb Code   304  stm32f4xx_hal_adc.o(.text.HAL_ADC_Start_DMA)
    HAL_ADC_Stop_DMA                         0x08000fbd   Thumb Code   112  stm32f4xx_hal_adc.o(.text.HAL_ADC_Stop_DMA)
    HAL_DMA_Abort                            0x0800102d   Thumb Code   132  stm32f4xx_hal_dma.o(.text.HAL_DMA_Abort)
    HAL_DMA_IRQHandler                       0x080010b1   Thumb Code   384  stm32f4xx_hal_dma.o(.text.HAL_DMA_IRQHandler)
    HAL_DMA_Init                             0x08001231   Thumb Code   300  stm32f4xx_hal_dma.o(.text.HAL_DMA_Init)
    HAL_DMA_Start_IT                         0x0800135d   Thumb Code   100  stm32f4xx_hal_dma.o(.text.HAL_DMA_Start_IT)
    HAL_Delay                                0x080013c1   Thumb Code    36  stm32f4xx_hal.o(.text.HAL_Delay)
    HAL_GPIO_DeInit                          0x080013e1   Thumb Code   228  stm32f4xx_hal_gpio.o(.text.HAL_GPIO_DeInit)
    HAL_GPIO_EXTI_Callback                   0x080014b1   Thumb Code    40  main.o(.text.HAL_GPIO_EXTI_Callback)
    HAL_GPIO_EXTI_IRQHandler                 0x080014d9   Thumb Code    20  stm32f4xx_hal_gpio.o(.text.HAL_GPIO_EXTI_IRQHandler)
    HAL_GPIO_Init                            0x080014ed   Thumb Code   416  stm32f4xx_hal_gpio.o(.text.HAL_GPIO_Init)
    HAL_GPIO_ReadPin                         0x0800168d   Thumb Code    10  stm32f4xx_hal_gpio.o(.text.HAL_GPIO_ReadPin)
    HAL_GPIO_WritePin                        0x08001697   Thumb Code    10  stm32f4xx_hal_gpio.o(.text.HAL_GPIO_WritePin)
    HAL_GetTick                              0x080016a1   Thumb Code    12  stm32f4xx_hal.o(.text.HAL_GetTick)
    HAL_IncTick                              0x080016a9   Thumb Code    16  stm32f4xx_hal.o(.text.HAL_IncTick)
    HAL_Init                                 0x080016b5   Thumb Code    52  stm32f4xx_hal.o(.text.HAL_Init)
    HAL_InitTick                             0x080016e9   Thumb Code    64  stm32f4xx_hal.o(.text.HAL_InitTick)
    HAL_MspInit                              0x08001725   Thumb Code    56  stm32f4xx_hal_msp.o(.text.HAL_MspInit)
    HAL_NVIC_EnableIRQ                       0x0800175d   Thumb Code    28  stm32f4xx_hal_cortex.o(.text.HAL_NVIC_EnableIRQ)
    HAL_NVIC_SetPriority                     0x08001779   Thumb Code    72  stm32f4xx_hal_cortex.o(.text.HAL_NVIC_SetPriority)
    HAL_NVIC_SetPriorityGrouping             0x080017bd   Thumb Code    32  stm32f4xx_hal_cortex.o(.text.HAL_NVIC_SetPriorityGrouping)
    HAL_RCCEx_PeriphCLKConfig                0x080017dd   Thumb Code   332  stm32f4xx_hal_rcc_ex.o(.text.HAL_RCCEx_PeriphCLKConfig)
    HAL_RCC_ClockConfig                      0x08001929   Thumb Code   308  stm32f4xx_hal_rcc.o(.text.HAL_RCC_ClockConfig)
    HAL_RCC_GetSysClockFreq                  0x08001a5d   Thumb Code    96  stm32f4xx_hal_rcc.o(.text.HAL_RCC_GetSysClockFreq)
    HAL_RCC_OscConfig                        0x08001ab9   Thumb Code   896  stm32f4xx_hal_rcc.o(.text.HAL_RCC_OscConfig)
    HAL_RTCEx_AlarmBEventCallback            0x08001e39   Thumb Code     2  stm32f4xx_hal_rtc_ex.o(.text.HAL_RTCEx_AlarmBEventCallback)
    HAL_RTC_AlarmAEventCallback              0x08001e3b   Thumb Code     2  main.o(.text.HAL_RTC_AlarmAEventCallback)
    HAL_RTC_AlarmIRQHandler                  0x08001e3d   Thumb Code    96  stm32f4xx_hal_rtc.o(.text.HAL_RTC_AlarmIRQHandler)
    HAL_RTC_GetDate                          0x08001e9d   Thumb Code    98  stm32f4xx_hal_rtc.o(.text.HAL_RTC_GetDate)
    HAL_RTC_GetTime                          0x08001eff   Thumb Code   114  stm32f4xx_hal_rtc.o(.text.HAL_RTC_GetTime)
    HAL_RTC_Init                             0x08001f71   Thumb Code   152  stm32f4xx_hal_rtc.o(.text.HAL_RTC_Init)
    HAL_RTC_MspInit                          0x08002009   Thumb Code    48  stm32f4xx_hal_msp.o(.text.HAL_RTC_MspInit)
    HAL_RTC_SetAlarm_IT                      0x08002039   Thumb Code   360  stm32f4xx_hal_rtc.o(.text.HAL_RTC_SetAlarm_IT)
    HAL_RTC_SetDate                          0x0800219d   Thumb Code   184  stm32f4xx_hal_rtc.o(.text.HAL_RTC_SetDate)
    HAL_RTC_SetTime                          0x08002251   Thumb Code   228  stm32f4xx_hal_rtc.o(.text.HAL_RTC_SetTime)
    HAL_RTC_WaitForSynchro                   0x08002335   Thumb Code    52  stm32f4xx_hal_rtc.o(.text.HAL_RTC_WaitForSynchro)
    HAL_SPI_DeInit                           0x08002369   Thumb Code    46  stm32f4xx_hal_spi.o(.text.HAL_SPI_DeInit)
    HAL_SPI_Init                             0x08002397   Thumb Code   196  stm32f4xx_hal_spi.o(.text.HAL_SPI_Init)
    HAL_SPI_MspDeInit                        0x0800245d   Thumb Code    76  stm32f4xx_hal_msp.o(.text.HAL_SPI_MspDeInit)
    HAL_SPI_MspInit                          0x0800249d   Thumb Code   192  stm32f4xx_hal_msp.o(.text.HAL_SPI_MspInit)
    HAL_SPI_Transmit                         0x0800255d   Thumb Code   370  stm32f4xx_hal_spi.o(.text.HAL_SPI_Transmit)
    HAL_SPI_TransmitReceive                  0x080026cf   Thumb Code   480  stm32f4xx_hal_spi.o(.text.HAL_SPI_TransmitReceive)
    HAL_SYSTICK_Config                       0x080028b1   Thumb Code    40  stm32f4xx_hal_cortex.o(.text.HAL_SYSTICK_Config)
    HAL_TIMEx_ConfigBreakDeadTime            0x080028d9   Thumb Code    80  stm32f4xx_hal_tim_ex.o(.text.HAL_TIMEx_ConfigBreakDeadTime)
    HAL_TIMEx_MasterConfigSynchronization    0x08002929   Thumb Code   132  stm32f4xx_hal_tim_ex.o(.text.HAL_TIMEx_MasterConfigSynchronization)
    HAL_TIM_MspPostInit                      0x08002999   Thumb Code   128  stm32f4xx_hal_msp.o(.text.HAL_TIM_MspPostInit)
    HAL_TIM_PWM_ConfigChannel                0x08002a15   Thumb Code   154  stm32f4xx_hal_tim.o(.text.HAL_TIM_PWM_ConfigChannel)
    HAL_TIM_PWM_Init                         0x08002aaf   Thumb Code    88  stm32f4xx_hal_tim.o(.text.HAL_TIM_PWM_Init)
    HAL_TIM_PWM_MspInit                      0x08002b09   Thumb Code    80  stm32f4xx_hal_msp.o(.text.HAL_TIM_PWM_MspInit)
    HAL_TIM_PWM_Start                        0x08002b55   Thumb Code   176  stm32f4xx_hal_tim.o(.text.HAL_TIM_PWM_Start)
    HardFault_Handler                        0x08002c05   Thumb Code     8  stm32f4xx_it.o(.text.HardFault_Handler)
    ILI9341_Draw_Char                        0x08002c0d   Thumb Code   216  ili9341_gfx.o(.text.ILI9341_Draw_Char)
    ILI9341_Draw_Colour_Burst                0x08002ce5   Thumb Code   100  ili9341_gfx.o(.text.ILI9341_Draw_Colour_Burst)
    ILI9341_Draw_Filled_Circle               0x08002d49   Thumb Code   190  ili9341_gfx.o(.text.ILI9341_Draw_Filled_Circle)
    ILI9341_Draw_Filled_Rectangle_Coord      0x08002e07   Thumb Code    68  ili9341_gfx.o(.text.ILI9341_Draw_Filled_Rectangle_Coord)
    ILI9341_Draw_Hollow_Circle               0x08002e4d   Thumb Code   248  ili9341_gfx.o(.text.ILI9341_Draw_Hollow_Circle)
    ILI9341_Draw_Hollow_Rectangle_Coord      0x08002f45   Thumb Code   118  ili9341_gfx.o(.text.ILI9341_Draw_Hollow_Rectangle_Coord)
    ILI9341_Draw_Horizontal_Line             0x08002fbd   Thumb Code    68  ili9341_gfx.o(.text.ILI9341_Draw_Horizontal_Line)
    ILI9341_Draw_Pixel                       0x08002ffd   Thumb Code   352  ili9341_gfx.o(.text.ILI9341_Draw_Pixel)
    ILI9341_Draw_Rectangle                   0x08003155   Thumb Code    88  ili9341_gfx.o(.text.ILI9341_Draw_Rectangle)
    ILI9341_Draw_Vertical_Line               0x080031a9   Thumb Code    68  ili9341_gfx.o(.text.ILI9341_Draw_Vertical_Line)
    ILI9341_Fill_Screen                      0x080031e9   Thumb Code    40  ili9341_gfx.o(.text.ILI9341_Fill_Screen)
    ILI9341_Init                             0x08003211   Thumb Code   392  ili9341_gfx.o(.text.ILI9341_Init)
    ILI9341_Reset                            0x08003395   Thumb Code    60  ili9341_gfx.o(.text.ILI9341_Reset)
    ILI9341_Set_Address                      0x080033d1   Thumb Code   288  ili9341_gfx.o(.text.ILI9341_Set_Address)
    ILI9341_Set_Rotation                     0x080034e9   Thumb Code   128  ili9341_gfx.o(.text.ILI9341_Set_Rotation)
    ILI9341_TouchGetCoordinates              0x08003569   Thumb Code   264  xpt2046_touch.o(.text.ILI9341_TouchGetCoordinates)
    ILI9341_WriteString                      0x08003671   Thumb Code   366  ili9341_gfx.o(.text.ILI9341_WriteString)
    ILI9341_WriteStringLen                   0x080037df   Thumb Code   106  ili9341_gfx.o(.text.ILI9341_WriteStringLen)
    ILI9341_Write_Command                    0x08003849   Thumb Code    72  ili9341_gfx.o(.text.ILI9341_Write_Command)
    ILI9341_Write_Data                       0x08003889   Thumb Code    72  ili9341_gfx.o(.text.ILI9341_Write_Data)
    MX_FATFS_Init                            0x080038d1   Thumb Code    24  fatfs.o(.text.MX_FATFS_Init)
    MemManage_Handler                        0x080038e9   Thumb Code     2  stm32f4xx_it.o(.text.MemManage_Handler)
    NMI_Handler                              0x080038eb   Thumb Code     2  stm32f4xx_it.o(.text.NMI_Handler)
    PendSV_Handler                           0x080038ed   Thumb Code     2  stm32f4xx_it.o(.text.PendSV_Handler)
    RTC_Alarm_IRQHandler                     0x080038f1   Thumb Code    12  stm32f4xx_it.o(.text.RTC_Alarm_IRQHandler)
    RTC_ByteToBcd2                           0x080038fd   Thumb Code    42  stm32f4xx_hal_rtc.o(.text.RTC_ByteToBcd2)
    RTC_EnterInitMode                        0x08003927   Thumb Code    58  stm32f4xx_hal_rtc.o(.text.RTC_EnterInitMode)
    SDTimer_Handler                          0x08003961   Thumb Code    36  stm32f4xx_it.o(.text.SDTimer_Handler)
    SD_Init                                  0x08003981   Thumb Code   532  fatfs_sd.o(.text.SD_Init)
    SD_disk_initialize                       0x08003d29   Thumb Code   304  fatfs_sd.o(.text.SD_disk_initialize)
    SD_disk_ioctl                            0x08003e51   Thumb Code   340  fatfs_sd.o(.text.SD_disk_ioctl)
    SD_disk_read                             0x08003fa5   Thumb Code   160  fatfs_sd.o(.text.SD_disk_read)
    SD_disk_status                           0x0800403d   Thumb Code    16  fatfs_sd.o(.text.SD_disk_status)
    SD_disk_write                            0x0800404d   Thumb Code   196  fatfs_sd.o(.text.SD_disk_write)
    SVC_Handler                              0x080042a9   Thumb Code     2  stm32f4xx_it.o(.text.SVC_Handler)
    SysTick_Handler                          0x080042ad   Thumb Code    40  stm32f4xx_it.o(.text.SysTick_Handler)
    SystemClock_Config                       0x080042d5   Thumb Code   180  main.o(.text.SystemClock_Config)
    SystemInit                               0x08004389   Thumb Code    16  system_stm32f4xx.o(.text.SystemInit)
    TIM_Base_SetConfig                       0x08004399   Thumb Code   132  stm32f4xx_hal_tim.o(.text.TIM_Base_SetConfig)
    TIM_CCxChannelCmd                        0x08004419   Thumb Code    30  stm32f4xx_hal_tim.o(.text.TIM_CCxChannelCmd)
    TIM_OC2_SetConfig                        0x08004491   Thumb Code   100  stm32f4xx_hal_tim.o(.text.TIM_OC2_SetConfig)
    USER_initialize                          0x0800459d   Thumb Code     4  user_diskio.o(.text.USER_initialize)
    USER_ioctl                               0x080045a1   Thumb Code     4  user_diskio.o(.text.USER_ioctl)
    USER_read                                0x080045a5   Thumb Code     4  user_diskio.o(.text.USER_read)
    USER_status                              0x080045a9   Thumb Code     4  user_diskio.o(.text.USER_status)
    USER_write                               0x080045ad   Thumb Code     4  user_diskio.o(.text.USER_write)
    UsageFault_Handler                       0x080045b1   Thumb Code     2  stm32f4xx_it.o(.text.UsageFault_Handler)
    checkErr                                 0x080045fd   Thumb Code     2  warn_err.o(.text.checkErr)
    checkWarn                                0x080045ff   Thumb Code     2  warn_err.o(.text.checkWarn)
    confirmClick                             0x08004745   Thumb Code   332  popupwindow.o(.text.confirmClick)
    dataCalcADC                              0x08004959   Thumb Code   372  work.o(.text.dataCalcADC)
    delWarn                                  0x08004b11   Thumb Code   184  warn_err.o(.text.delWarn)
    disk_initialize                          0x080051d9   Thumb Code    32  diskio.o(.text.disk_initialize)
    disk_ioctl                               0x080051f5   Thumb Code    24  diskio.o(.text.disk_ioctl)
    disk_read                                0x08005209   Thumb Code    32  diskio.o(.text.disk_read)
    disk_status                              0x08005225   Thumb Code    20  diskio.o(.text.disk_status)
    disk_write                               0x08005235   Thumb Code    32  diskio.o(.text.disk_write)
    engineHoursGet                           0x08005255   Thumb Code    68  menu_second.o(.text.engineHoursGet)
    exponentialRunningAverage                0x08005299   Thumb Code   112  work.o(.text.exponentialRunningAverage)
    f_close                                  0x08005309   Thumb Code    36  ff.o(.text.f_close)
    f_getfree                                0x0800532d   Thumb Code   234  ff.o(.text.f_getfree)
    f_gets                                   0x08005417   Thumb Code    88  ff.o(.text.f_gets)
    f_lseek                                  0x0800546f   Thumb Code   626  ff.o(.text.f_lseek)
    f_mount                                  0x080056e1   Thumb Code    84  ff.o(.text.f_mount)
    f_open                                   0x08005735   Thumb Code   572  ff.o(.text.f_open)
    f_puts                                   0x08005971   Thumb Code    42  ff.o(.text.f_puts)
    f_read                                   0x0800599b   Thumb Code   384  ff.o(.text.f_read)
    f_sync                                   0x08005b1b   Thumb Code   146  ff.o(.text.f_sync)
    f_write                                  0x08005bad   Thumb Code   430  ff.o(.text.f_write)
    ff_convert                               0x08005d5d   Thumb Code    64  ccsbcs.o(.text.ff_convert)
    ff_wtoupper                              0x08005d9d   Thumb Code   136  ccsbcs.o(.text.ff_wtoupper)
    getFillStructureStoryParameters          0x08006359   Thumb Code   240  init.o(.text.getFillStructureStoryParameters)
    getTouch                                 0x08006445   Thumb Code   208  touch.o(.text.getTouch)
    get_fattime                              0x080065f9   Thumb Code     4  fatfs.o(.text.get_fattime)
    get_v_menu                               0x08006641   Thumb Code   644  menu_second.o(.text.get_v_menu)
    initDevice                               0x08006961   Thumb Code   212  init.o(.text.initDevice)
    initTFT                                  0x08006a35   Thumb Code    72  init.o(.text.initTFT)
    ledTFTInit                               0x08006aa1   Thumb Code    28  init.o(.text.ledTFTInit)
    lineAlignment                            0x08006abd   Thumb Code   154  popupwindow.o(.text.lineAlignment)
    main                                     0x08006b59   Thumb Code  1104  main.o(.text.main)
    manualRelaySwitchMenu                    0x08006fa9   Thumb Code  1384  menu_second.o(.text.manualRelaySwitchMenu)
    menuChangeState                          0x08007521   Thumb Code   164  menu_main.o(.text.menuChangeState)
    menuGetErrors                            0x080075c5   Thumb Code  1252  menu_warn_err.o(.text.menuGetErrors)
    menuGetWarnings                          0x08007aa9   Thumb Code   820  menu_warn_err.o(.text.menuGetWarnings)
    menuMain                                 0x08007ddd   Thumb Code  1648  menu_main.o(.text.menuMain)
    menuSwich                                0x08008449   Thumb Code    92  menu_main.o(.text.menuSwich)
    notification                             0x080084d9   Thumb Code   400  popupwindow.o(.text.notification)
    outputInit                               0x08008669   Thumb Code   112  init.o(.text.outputInit)
    powerOutageGet                           0x080086d9   Thumb Code   124  menu_second.o(.text.powerOutageGet)
    prvGetRegistersFromStack                 0x08008755   Thumb Code    60  main.o(.text.prvGetRegistersFromStack)
    readFileSdCard                           0x08008921   Thumb Code   224  fatfs_sd.o(.text.readFileSdCard)
    recFileSdCard                            0x080089f1   Thumb Code   324  fatfs_sd.o(.text.recFileSdCard)
    recLog                                   0x08008b35   Thumb Code   168  fatfs_sd.o(.text.recLog)
    resetErrors                              0x08008c49   Thumb Code    36  warn_err.o(.text.resetErrors)
    resetWarning                             0x08008c69   Thumb Code    36  warn_err.o(.text.resetWarning)
    secondMain                               0x08008c89   Thumb Code   756  menu_second.o(.text.secondMain)
    serviseTouch                             0x08008f7d   Thumb Code   368  menu_servise.o(.text.serviseTouch)
    serviseWorkGet                           0x080090ed   Thumb Code    88  menu_second.o(.text.serviseWorkGet)
    setData                                  0x08009145   Thumb Code  1652  settdatatime.o(.text.setData)
    setErr                                   0x080097b9   Thumb Code   732  warn_err.o(.text.setErr)
    setFillStructureStoryParameters          0x08009a95   Thumb Code  1844  init.o(.text.setFillStructureStoryParameters)
    setTime                                  0x0800a1c9   Thumb Code  1208  settdatatime.o(.text.setTime)
    setWarn                                  0x0800a681   Thumb Code   304  warn_err.o(.text.setWarn)
    startEngineGet                           0x0800a7d9   Thumb Code   128  menu_second.o(.text.startEngineGet)
    switchAvrAutomatic                       0x0800a875   Thumb Code  1044  menu_main.o(.text.switchAvrAutomatic)
    work                                     0x0800ad81   Thumb Code    22  work.o(.text.work)
    __0snprintf                              0x0800ad99   Thumb Code    44  printfa.o(i.__0snprintf)
    __1snprintf                              0x0800ad99   Thumb Code     0  printfa.o(i.__0snprintf)
    __2snprintf                              0x0800ad99   Thumb Code     0  printfa.o(i.__0snprintf)
    __c89snprintf                            0x0800ad99   Thumb Code     0  printfa.o(i.__0snprintf)
    snprintf                                 0x0800ad99   Thumb Code     0  printfa.o(i.__0snprintf)
    __0sprintf                               0x0800adc9   Thumb Code    34  printfa.o(i.__0sprintf)
    __1sprintf                               0x0800adc9   Thumb Code     0  printfa.o(i.__0sprintf)
    __2sprintf                               0x0800adc9   Thumb Code     0  printfa.o(i.__0sprintf)
    __c89sprintf                             0x0800adc9   Thumb Code     0  printfa.o(i.__0sprintf)
    sprintf                                  0x0800adc9   Thumb Code     0  printfa.o(i.__0sprintf)
    __aeabi_errno_addr                       0x0800adf1   Thumb Code     4  errno.o(i.__aeabi_errno_addr)
    __rt_errno_addr                          0x0800adf1   Thumb Code     0  errno.o(i.__aeabi_errno_addr)
    __scatterload_copy                       0x0800adf9   Thumb Code    14  handlers.o(i.__scatterload_copy)
    __scatterload_null                       0x0800ae07   Thumb Code     2  handlers.o(i.__scatterload_null)
    __scatterload_zeroinit                   0x0800ae09   Thumb Code    14  handlers.o(i.__scatterload_zeroinit)
    __ctype_table                            0x0800b6ea   Data         129  ctype_o.o(.constdata)
    AHBPrescTable                            0x0800b77c   Data          16  system_stm32f4xx.o(.rodata.AHBPrescTable)
    Font11x18                                0x0800b80c   Data        6048  fonts.o(.rodata.Font11x18)
    Font16x26                                0x0800cfac   Data        8736  fonts.o(.rodata.Font16x26)
    Font7x9                                  0x0800f1cc   Data        3024  fonts.o(.rodata.Font7x9)
    Region$$Table$$Base                      0x08011d28   Number         0  anon$$obj.o(Region$$Table)
    Region$$Table$$Limit                     0x08011d48   Number         0  anon$$obj.o(Region$$Table)
    uwTickFreq                               0x20000004   Data           1  stm32f4xx_hal.o(.data..L_MergedGlobals)
    uwTickPrio                               0x20000008   Data           4  stm32f4xx_hal.o(.data..L_MergedGlobals)
    uwTick                                   0x2000000c   Data           4  stm32f4xx_hal.o(.data..L_MergedGlobals)
    LCD_HEIGHT                               0x20000010   Data           2  ili9341_gfx.o(.data..L_MergedGlobals)
    LCD_WIDTH                                0x20000012   Data           2  ili9341_gfx.o(.data..L_MergedGlobals)
    FR_Status                                0x20000020   Data           1  fatfs_sd.o(.data..L_MergedGlobals)
    Timer1                                   0x20000022   Data           2  fatfs_sd.o(.data..L_MergedGlobals)
    FreeClusters                             0x20000024   Data           4  fatfs_sd.o(.data..L_MergedGlobals)
    FS_Ptr                                   0x20000028   Data           4  fatfs_sd.o(.data..L_MergedGlobals)
    TotalSize                                0x2000002c   Data           4  fatfs_sd.o(.data..L_MergedGlobals)
    FreeSpace                                0x20000030   Data           4  fatfs_sd.o(.data..L_MergedGlobals)
    RWC                                      0x20000034   Data           4  fatfs_sd.o(.data..L_MergedGlobals)
    WWC                                      0x20000038   Data           4  fatfs_sd.o(.data..L_MergedGlobals)
    buf                                      0x20000041   Data         100  menu_main.o(.data..L_MergedGlobals)
    Font_11x18                               0x200000a8   Data           8  fonts.o(.data.Font_11x18)
    Font_16x26                               0x200000b0   Data           8  fonts.o(.data.Font_16x26)
    Font_7x9                                 0x200000b8   Data           8  fonts.o(.data.Font_7x9)
    SystemCoreClock                          0x200000c0   Data           4  system_stm32f4xx.o(.data.SystemCoreClock)
    USER_Driver                              0x200000c4   Data          20  user_diskio.o(.data.USER_Driver)
    pAVR                                     0x200000d8   Data           4  main.o(.data.pAVR)
    DateToUpdate                             0x200000e0   Data           4  main.o(.bss..L_MergedGlobals)
    hrtc                                     0x200000e4   Data          32  main.o(.bss..L_MergedGlobals)
    hadc1                                    0x20000104   Data          72  main.o(.bss..L_MergedGlobals)
    retUSER                                  0x200001e4   Data           1  fatfs.o(.bss..L_MergedGlobals)
    USERPath                                 0x200001e5   Data           4  fatfs.o(.bss..L_MergedGlobals)
    htim1                                    0x20000200   Data          72  main.o(.bss..L_MergedGlobals.1)
    htim2                                    0x20000250   Data          72  main.o(.bss..L_MergedGlobals.2)
    hspi1                                    0x200002a0   Data          88  main.o(.bss..L_MergedGlobals.3)
    hspi2                                    0x20000380   Data          88  main.o(.bss..L_MergedGlobals.4)
    AVR                                      0x200003e8   Data         236  main.o(.bss.AVR)
    FatFs                                    0x200004d4   Data        4152  fatfs_sd.o(.bss.FatFs)
    FatFsCnt                                 0x2000150c   Data           1  stm32f4xx_it.o(.bss.FatFsCnt)
    Fil                                      0x20001510   Data        4144  fatfs_sd.o(.bss.Fil)
    RW_Buffer                                0x20002760   Data        1024  fatfs_sd.o(.bss.RW_Buffer)
    Timer2                                   0x20002b60   Data           2  fatfs_sd.o(.bss.Timer2)
    buff                                     0x20002b62   Data        1024  fatfs_sd.o(.bss.buff)
    disk                                     0x20002f64   Data          12  ff_gen_drv.o(.bss.disk)
    hdma_adc1                                0x20002f70   Data          96  main.o(.bss.hdma_adc1)
    header                                   0x20002fd0   Data         100  menu_second.o(.bss.header)
    sTime                                    0x200030fc   Data          20  main.o(.bss.sTime)
    stack                                    0x20003110   Data          32  main.o(.bss.stack)
    __initial_sp                             0x20003538   Data           0  startup_stm32f411xe.o(STACK)



==============================================================================

Memory Map of the image

  Image Entry point : 0x08000199

  Load Region LR_IROM1 (Base: 0x08000000, Size: 0x00011e30, Max: 0x00080000, ABSOLUTE)

    Execution Region ER_IROM1 (Exec base: 0x08000000, Load base: 0x08000000, Size: 0x00011d48, Max: 0x00080000, ABSOLUTE)

    Exec Addr    Load Addr    Size         Type   Attr      Idx    E Section Name        Object

    0x08000000   0x08000000   0x00000198   Data   RO            3    RESET               startup_stm32f411xe.o
    0x08000198   0x08000198   0x00000000   Code   RO         1901  * .ARM.Collect$$$$00000000  mc_w.l(entry.o)
    0x08000198   0x08000198   0x00000004   Code   RO         2191    .ARM.Collect$$$$00000001  mc_w.l(entry2.o)
    0x0800019c   0x0800019c   0x00000004   Code   RO         2194    .ARM.Collect$$$$00000004  mc_w.l(entry5.o)
    0x080001a0   0x080001a0   0x00000000   Code   RO         2196    .ARM.Collect$$$$00000008  mc_w.l(entry7b.o)
    0x080001a0   0x080001a0   0x00000000   Code   RO         2198    .ARM.Collect$$$$0000000A  mc_w.l(entry8b.o)
    0x080001a0   0x080001a0   0x00000008   Code   RO         2199    .ARM.Collect$$$$0000000B  mc_w.l(entry9a.o)
    0x080001a8   0x080001a8   0x00000000   Code   RO         2201    .ARM.Collect$$$$0000000D  mc_w.l(entry10a.o)
    0x080001a8   0x080001a8   0x00000000   Code   RO         2203    .ARM.Collect$$$$0000000F  mc_w.l(entry11a.o)
    0x080001a8   0x080001a8   0x00000004   Code   RO         2192    .ARM.Collect$$$$00002712  mc_w.l(entry2.o)
    0x080001ac   0x080001ac   0x00000024   Code   RO            4    .text               startup_stm32f411xe.o
    0x080001d0   0x080001d0   0x00000062   Code   RO         1904    .text               mc_w.l(uldiv.o)
    0x08000232   0x08000232   0x00000024   Code   RO         1906    .text               mc_w.l(memcpya.o)
    0x08000256   0x08000256   0x00000024   Code   RO         1908    .text               mc_w.l(memseta.o)
    0x0800027a   0x0800027a   0x00000018   Code   RO         1910    .text               mc_w.l(strncpy.o)
    0x08000292   0x08000292   0x0000000e   Code   RO         1912    .text               mc_w.l(strlen.o)
    0x080002a0   0x080002a0   0x00000070   Code   RO         2177    .text               mc_w.l(strtol.o)
    0x08000310   0x08000310   0x0000014e   Code   RO         2179    .text               mf_w.l(dadd.o)
    0x0800045e   0x0800045e   0x000000e4   Code   RO         2181    .text               mf_w.l(dmul.o)
    0x08000542   0x08000542   0x0000001a   Code   RO         2183    .text               mf_w.l(dfltui.o)
    0x0800055c   0x0800055c   0x00000032   Code   RO         2185    .text               mf_w.l(dfixui.o)
    0x0800058e   0x0800058e   0x00000026   Code   RO         2187    .text               mf_w.l(f2d.o)
    0x080005b4   0x080005b4   0x00000038   Code   RO         2189    .text               mf_w.l(d2f.o)
    0x080005ec   0x080005ec   0x0000002c   Code   RO         2210    .text               mc_w.l(uidiv.o)
    0x08000618   0x08000618   0x0000001e   Code   RO         2212    .text               mc_w.l(llshl.o)
    0x08000636   0x08000636   0x00000020   Code   RO         2214    .text               mc_w.l(llushr.o)
    0x08000656   0x08000656   0x00000024   Code   RO         2216    .text               mc_w.l(llsshr.o)
    0x0800067a   0x0800067a   0x00000002   PAD
    0x0800067c   0x0800067c   0x00000008   Code   RO         2218    .text               mc_w.l(ctype_o.o)
    0x08000684   0x08000684   0x0000009e   Code   RO         2253    .text               mc_w.l(_strtoul.o)
    0x08000722   0x08000722   0x00000000   Code   RO         2255    .text               mc_w.l(iusefp.o)
    0x08000722   0x08000722   0x0000006e   Code   RO         2256    .text               mf_w.l(fepilogue.o)
    0x08000790   0x08000790   0x000000ba   Code   RO         2258    .text               mf_w.l(depilogue.o)
    0x0800084a   0x0800084a   0x000000de   Code   RO         2260    .text               mf_w.l(ddiv.o)
    0x08000928   0x08000928   0x00000030   Code   RO         2262    .text               mf_w.l(dfixul.o)
    0x08000958   0x08000958   0x00000030   Code   RO         2264    .text               mf_w.l(cdrcmple.o)
    0x08000988   0x08000988   0x00000024   Code   RO         2266    .text               mc_w.l(init.o)
    0x080009ac   0x080009ac   0x0000001c   Code   RO         2269    .text               mc_w.l(_chval.o)
    0x080009c8   0x080009c8   0x0000006c   Code   RO          151    .text.ADC_DMAConvCplt  stm32f4xx_hal_adc.o
    0x08000a34   0x08000a34   0x00000012   Code   RO          155    .text.ADC_DMAError  stm32f4xx_hal_adc.o
    0x08000a46   0x08000a46   0x00000006   Code   RO          153    .text.ADC_DMAHalfConvCplt  stm32f4xx_hal_adc.o
    0x08000a4c   0x08000a4c   0x00000002   Code   RO           61    .text.BusFault_Handler  stm32f4xx_it.o
    0x08000a4e   0x08000a4e   0x00000002   PAD
    0x08000a50   0x08000a50   0x0000001c   Code   RO         1494    .text.DESELECT      fatfs_sd.o
    0x08000a6c   0x08000a6c   0x0000000c   Code   RO           77    .text.DMA2_Stream0_IRQHandler  stm32f4xx_it.o
    0x08000a78   0x08000a78   0x00000034   Code   RO          432    .text.DMA_CalcBaseAndBitshift  stm32f4xx_hal_dma.o
    0x08000aac   0x08000aac   0x0000002e   Code   RO          438    .text.DMA_SetConfig  stm32f4xx_hal_dma.o
    0x08000ada   0x08000ada   0x00000002   Code   RO           67    .text.DebugMon_Handler  stm32f4xx_it.o
    0x08000adc   0x08000adc   0x00000006   Code   RO           73    .text.EXTI2_IRQHandler  stm32f4xx_it.o
    0x08000ae2   0x08000ae2   0x00000002   PAD
    0x08000ae4   0x08000ae4   0x0000004c   Code   RO           15    .text.Error_Handler  main.o
    0x08000b30   0x08000b30   0x00000006   Code   RO         1864    .text.FATFS_LinkDriver  ff_gen_drv.o
    0x08000b36   0x08000b36   0x00000002   PAD
    0x08000b38   0x08000b38   0x00000044   Code   RO         1862    .text.FATFS_LinkDriverEx  ff_gen_drv.o
    0x08000b7c   0x08000b7c   0x0000010c   Code   RO          163    .text.HAL_ADC_ConfigChannel  stm32f4xx_hal_adc.o
    0x08000c88   0x08000c88   0x00000020   Code   RO           17    .text.HAL_ADC_ConvCpltCallback  main.o
    0x08000ca8   0x08000ca8   0x00000002   Code   RO          161    .text.HAL_ADC_ConvHalfCpltCallback  stm32f4xx_hal_adc.o
    0x08000caa   0x08000caa   0x00000002   Code   RO          147    .text.HAL_ADC_ErrorCallback  stm32f4xx_hal_adc.o
    0x08000cac   0x08000cac   0x00000148   Code   RO          121    .text.HAL_ADC_Init  stm32f4xx_hal_adc.o
    0x08000df4   0x08000df4   0x00000098   Code   RO           92    .text.HAL_ADC_MspInit  stm32f4xx_hal_msp.o
    0x08000e8c   0x08000e8c   0x00000130   Code   RO          149    .text.HAL_ADC_Start_DMA  stm32f4xx_hal_adc.o
    0x08000fbc   0x08000fbc   0x00000070   Code   RO          157    .text.HAL_ADC_Stop_DMA  stm32f4xx_hal_adc.o
    0x0800102c   0x0800102c   0x00000084   Code   RO          442    .text.HAL_DMA_Abort  stm32f4xx_hal_dma.o
    0x080010b0   0x080010b0   0x00000180   Code   RO          448    .text.HAL_DMA_IRQHandler  stm32f4xx_hal_dma.o
    0x08001230   0x08001230   0x0000012c   Code   RO          430    .text.HAL_DMA_Init  stm32f4xx_hal_dma.o
    0x0800135c   0x0800135c   0x00000064   Code   RO          440    .text.HAL_DMA_Start_IT  stm32f4xx_hal_dma.o
    0x080013c0   0x080013c0   0x00000020   Code   RO          616    .text.HAL_Delay     stm32f4xx_hal.o
    0x080013e0   0x080013e0   0x000000d0   Code   RO          388    .text.HAL_GPIO_DeInit  stm32f4xx_hal_gpio.o
    0x080014b0   0x080014b0   0x00000028   Code   RO           19    .text.HAL_GPIO_EXTI_Callback  main.o
    0x080014d8   0x080014d8   0x00000014   Code   RO          398    .text.HAL_GPIO_EXTI_IRQHandler  stm32f4xx_hal_gpio.o
    0x080014ec   0x080014ec   0x000001a0   Code   RO          386    .text.HAL_GPIO_Init  stm32f4xx_hal_gpio.o
    0x0800168c   0x0800168c   0x0000000a   Code   RO          390    .text.HAL_GPIO_ReadPin  stm32f4xx_hal_gpio.o
    0x08001696   0x08001696   0x0000000a   Code   RO          392    .text.HAL_GPIO_WritePin  stm32f4xx_hal_gpio.o
    0x080016a0   0x080016a0   0x00000008   Code   RO          608    .text.HAL_GetTick   stm32f4xx_hal.o
    0x080016a8   0x080016a8   0x0000000c   Code   RO          606    .text.HAL_IncTick   stm32f4xx_hal.o
    0x080016b4   0x080016b4   0x00000034   Code   RO          596    .text.HAL_Init      stm32f4xx_hal.o
    0x080016e8   0x080016e8   0x0000003c   Code   RO          598    .text.HAL_InitTick  stm32f4xx_hal.o
    0x08001724   0x08001724   0x00000038   Code   RO           90    .text.HAL_MspInit   stm32f4xx_hal_msp.o
    0x0800175c   0x0800175c   0x0000001c   Code   RO          551    .text.HAL_NVIC_EnableIRQ  stm32f4xx_hal_cortex.o
    0x08001778   0x08001778   0x00000044   Code   RO          547    .text.HAL_NVIC_SetPriority  stm32f4xx_hal_cortex.o
    0x080017bc   0x080017bc   0x00000020   Code   RO          545    .text.HAL_NVIC_SetPriorityGrouping  stm32f4xx_hal_cortex.o
    0x080017dc   0x080017dc   0x0000014c   Code   RO          263    .text.HAL_RCCEx_PeriphCLKConfig  stm32f4xx_hal_rcc_ex.o
    0x08001928   0x08001928   0x00000134   Code   RO          228    .text.HAL_RCC_ClockConfig  stm32f4xx_hal_rcc.o
    0x08001a5c   0x08001a5c   0x0000005c   Code   RO          230    .text.HAL_RCC_GetSysClockFreq  stm32f4xx_hal_rcc.o
    0x08001ab8   0x08001ab8   0x00000380   Code   RO          226    .text.HAL_RCC_OscConfig  stm32f4xx_hal_rcc.o
    0x08001e38   0x08001e38   0x00000002   Code   RO          818    .text.HAL_RTCEx_AlarmBEventCallback  stm32f4xx_hal_rtc_ex.o
    0x08001e3a   0x08001e3a   0x00000002   Code   RO           21    .text.HAL_RTC_AlarmAEventCallback  main.o
    0x08001e3c   0x08001e3c   0x00000060   Code   RO          723    .text.HAL_RTC_AlarmIRQHandler  stm32f4xx_hal_rtc.o
    0x08001e9c   0x08001e9c   0x00000062   Code   RO          713    .text.HAL_RTC_GetDate  stm32f4xx_hal_rtc.o
    0x08001efe   0x08001efe   0x00000072   Code   RO          707    .text.HAL_RTC_GetTime  stm32f4xx_hal_rtc.o
    0x08001f70   0x08001f70   0x00000098   Code   RO          691    .text.HAL_RTC_Init  stm32f4xx_hal_rtc.o
    0x08002008   0x08002008   0x00000030   Code   RO           96    .text.HAL_RTC_MspInit  stm32f4xx_hal_msp.o
    0x08002038   0x08002038   0x00000164   Code   RO          717    .text.HAL_RTC_SetAlarm_IT  stm32f4xx_hal_rtc.o
    0x0800219c   0x0800219c   0x000000b4   Code   RO          711    .text.HAL_RTC_SetDate  stm32f4xx_hal_rtc.o
    0x08002250   0x08002250   0x000000e4   Code   RO          703    .text.HAL_RTC_SetTime  stm32f4xx_hal_rtc.o
    0x08002334   0x08002334   0x00000034   Code   RO          697    .text.HAL_RTC_WaitForSynchro  stm32f4xx_hal_rtc.o
    0x08002368   0x08002368   0x0000002e   Code   RO          837    .text.HAL_SPI_DeInit  stm32f4xx_hal_spi.o
    0x08002396   0x08002396   0x000000c4   Code   RO          833    .text.HAL_SPI_Init  stm32f4xx_hal_spi.o
    0x0800245a   0x0800245a   0x00000002   PAD
    0x0800245c   0x0800245c   0x00000040   Code   RO          102    .text.HAL_SPI_MspDeInit  stm32f4xx_hal_msp.o
    0x0800249c   0x0800249c   0x000000c0   Code   RO          100    .text.HAL_SPI_MspInit  stm32f4xx_hal_msp.o
    0x0800255c   0x0800255c   0x00000172   Code   RO          841    .text.HAL_SPI_Transmit  stm32f4xx_hal_spi.o
    0x080026ce   0x080026ce   0x000001e0   Code   RO          847    .text.HAL_SPI_TransmitReceive  stm32f4xx_hal_spi.o
    0x080028ae   0x080028ae   0x00000002   PAD
    0x080028b0   0x080028b0   0x00000028   Code   RO          559    .text.HAL_SYSTICK_Config  stm32f4xx_hal_cortex.o
    0x080028d8   0x080028d8   0x00000050   Code   RO         1268    .text.HAL_TIMEx_ConfigBreakDeadTime  stm32f4xx_hal_tim_ex.o
    0x08002928   0x08002928   0x00000070   Code   RO         1266    .text.HAL_TIMEx_MasterConfigSynchronization  stm32f4xx_hal_tim_ex.o
    0x08002998   0x08002998   0x0000007c   Code   RO          106    .text.HAL_TIM_MspPostInit  stm32f4xx_hal_msp.o
    0x08002a14   0x08002a14   0x0000009a   Code   RO         1116    .text.HAL_TIM_PWM_ConfigChannel  stm32f4xx_hal_tim.o
    0x08002aae   0x08002aae   0x00000058   Code   RO         1008    .text.HAL_TIM_PWM_Init  stm32f4xx_hal_tim.o
    0x08002b06   0x08002b06   0x00000002   PAD
    0x08002b08   0x08002b08   0x0000004c   Code   RO          104    .text.HAL_TIM_PWM_MspInit  stm32f4xx_hal_msp.o
    0x08002b54   0x08002b54   0x000000b0   Code   RO         1016    .text.HAL_TIM_PWM_Start  stm32f4xx_hal_tim.o
    0x08002c04   0x08002c04   0x00000008   Code   RO           57    .text.HardFault_Handler  stm32f4xx_it.o
    0x08002c0c   0x08002c0c   0x000000d8   Code   RO         1395    .text.ILI9341_Draw_Char  ili9341_gfx.o
    0x08002ce4   0x08002ce4   0x00000064   Code   RO         1369    .text.ILI9341_Draw_Colour_Burst  ili9341_gfx.o
    0x08002d48   0x08002d48   0x000000be   Code   RO         1383    .text.ILI9341_Draw_Filled_Circle  ili9341_gfx.o
    0x08002e06   0x08002e06   0x00000044   Code   RO         1387    .text.ILI9341_Draw_Filled_Rectangle_Coord  ili9341_gfx.o
    0x08002e4a   0x08002e4a   0x00000002   PAD
    0x08002e4c   0x08002e4c   0x000000f8   Code   RO         1381    .text.ILI9341_Draw_Hollow_Circle  ili9341_gfx.o
    0x08002f44   0x08002f44   0x00000076   Code   RO         1385    .text.ILI9341_Draw_Hollow_Rectangle_Coord  ili9341_gfx.o
    0x08002fba   0x08002fba   0x00000002   PAD
    0x08002fbc   0x08002fbc   0x00000040   Code   RO         1377    .text.ILI9341_Draw_Horizontal_Line  ili9341_gfx.o
    0x08002ffc   0x08002ffc   0x00000158   Code   RO         1373    .text.ILI9341_Draw_Pixel  ili9341_gfx.o
    0x08003154   0x08003154   0x00000054   Code   RO         1375    .text.ILI9341_Draw_Rectangle  ili9341_gfx.o
    0x080031a8   0x080031a8   0x00000040   Code   RO         1379    .text.ILI9341_Draw_Vertical_Line  ili9341_gfx.o
    0x080031e8   0x080031e8   0x00000028   Code   RO         1371    .text.ILI9341_Fill_Screen  ili9341_gfx.o
    0x08003210   0x08003210   0x00000184   Code   RO         1365    .text.ILI9341_Init  ili9341_gfx.o
    0x08003394   0x08003394   0x0000003c   Code   RO         1361    .text.ILI9341_Reset  ili9341_gfx.o
    0x080033d0   0x080033d0   0x00000118   Code   RO         1359    .text.ILI9341_Set_Address  ili9341_gfx.o
    0x080034e8   0x080034e8   0x00000080   Code   RO         1363    .text.ILI9341_Set_Rotation  ili9341_gfx.o
    0x08003568   0x08003568   0x00000108   Code   RO         1415    .text.ILI9341_TouchGetCoordinates  xpt2046_touch.o
    0x08003670   0x08003670   0x0000016e   Code   RO         1393    .text.ILI9341_WriteString  ili9341_gfx.o
    0x080037de   0x080037de   0x0000006a   Code   RO         1397    .text.ILI9341_WriteStringLen  ili9341_gfx.o
    0x08003848   0x08003848   0x00000040   Code   RO         1355    .text.ILI9341_Write_Command  ili9341_gfx.o
    0x08003888   0x08003888   0x00000048   Code   RO         1357    .text.ILI9341_Write_Data  ili9341_gfx.o
    0x080038d0   0x080038d0   0x00000018   Code   RO         1696    .text.MX_FATFS_Init  fatfs.o
    0x080038e8   0x080038e8   0x00000002   Code   RO           59    .text.MemManage_Handler  stm32f4xx_it.o
    0x080038ea   0x080038ea   0x00000002   Code   RO           55    .text.NMI_Handler   stm32f4xx_it.o
    0x080038ec   0x080038ec   0x00000002   Code   RO           69    .text.PendSV_Handler  stm32f4xx_it.o
    0x080038ee   0x080038ee   0x00000002   PAD
    0x080038f0   0x080038f0   0x0000000c   Code   RO           75    .text.RTC_Alarm_IRQHandler  stm32f4xx_it.o
    0x080038fc   0x080038fc   0x0000002a   Code   RO          705    .text.RTC_ByteToBcd2  stm32f4xx_hal_rtc.o
    0x08003926   0x08003926   0x0000003a   Code   RO          695    .text.RTC_EnterInitMode  stm32f4xx_hal_rtc.o
    0x08003960   0x08003960   0x00000020   Code   RO           53    .text.SDTimer_Handler  stm32f4xx_it.o
    0x08003980   0x08003980   0x00000214   Code   RO         1476    .text.SD_Init       fatfs_sd.o
    0x08003b94   0x08003b94   0x0000005c   Code   RO         1486    .text.SD_PowerOn    fatfs_sd.o
    0x08003bf0   0x08003bf0   0x00000024   Code   RO         1508    .text.SD_ReadyWait  fatfs_sd.o
    0x08003c14   0x08003c14   0x00000040   Code   RO         1500    .text.SD_RxDataBlock  fatfs_sd.o
    0x08003c54   0x08003c54   0x0000006c   Code   RO         1490    .text.SD_SendCmd    fatfs_sd.o
    0x08003cc0   0x08003cc0   0x00000068   Code   RO         1504    .text.SD_TxDataBlock  fatfs_sd.o
    0x08003d28   0x08003d28   0x00000128   Code   RO         1484    .text.SD_disk_initialize  fatfs_sd.o
    0x08003e50   0x08003e50   0x00000154   Code   RO         1506    .text.SD_disk_ioctl  fatfs_sd.o
    0x08003fa4   0x08003fa4   0x00000098   Code   RO         1498    .text.SD_disk_read  fatfs_sd.o
    0x0800403c   0x0800403c   0x00000010   Code   RO         1496    .text.SD_disk_status  fatfs_sd.o
    0x0800404c   0x0800404c   0x000000c4   Code   RO         1502    .text.SD_disk_write  fatfs_sd.o
    0x08004110   0x08004110   0x0000001c   Code   RO         1488    .text.SELECT        fatfs_sd.o
    0x0800412c   0x0800412c   0x0000005c   Code   RO          843    .text.SPI_EndRxTxTransaction  stm32f4xx_hal_spi.o
    0x08004188   0x08004188   0x00000030   Code   RO         1492    .text.SPI_RxByte    fatfs_sd.o
    0x080041b8   0x080041b8   0x00000018   Code   RO         1512    .text.SPI_TxBuffer  fatfs_sd.o
    0x080041d0   0x080041d0   0x00000028   Code   RO         1510    .text.SPI_TxByte    fatfs_sd.o
    0x080041f8   0x080041f8   0x000000b0   Code   RO          941    .text.SPI_WaitFlagStateUntilTimeout  stm32f4xx_hal_spi.o
    0x080042a8   0x080042a8   0x00000002   Code   RO           65    .text.SVC_Handler   stm32f4xx_it.o
    0x080042aa   0x080042aa   0x00000002   PAD
    0x080042ac   0x080042ac   0x00000028   Code   RO           71    .text.SysTick_Handler  stm32f4xx_it.o
    0x080042d4   0x080042d4   0x000000b4   Code   RO           13    .text.SystemClock_Config  main.o
    0x08004388   0x08004388   0x00000010   Code   RO         1293    .text.SystemInit    system_stm32f4xx.o
    0x08004398   0x08004398   0x00000080   Code   RO          958    .text.TIM_Base_SetConfig  stm32f4xx_hal_tim.o
    0x08004418   0x08004418   0x0000001e   Code   RO          992    .text.TIM_CCxChannelCmd  stm32f4xx_hal_tim.o
    0x08004436   0x08004436   0x00000002   PAD
    0x08004438   0x08004438   0x00000058   Code   RO         1102    .text.TIM_OC1_SetConfig  stm32f4xx_hal_tim.o
    0x08004490   0x08004490   0x00000060   Code   RO         1104    .text.TIM_OC2_SetConfig  stm32f4xx_hal_tim.o
    0x080044f0   0x080044f0   0x00000060   Code   RO         1106    .text.TIM_OC3_SetConfig  stm32f4xx_hal_tim.o
    0x08004550   0x08004550   0x0000004c   Code   RO         1108    .text.TIM_OC4_SetConfig  stm32f4xx_hal_tim.o
    0x0800459c   0x0800459c   0x00000004   Code   RO         1675    .text.USER_initialize  user_diskio.o
    0x080045a0   0x080045a0   0x00000004   Code   RO         1683    .text.USER_ioctl    user_diskio.o
    0x080045a4   0x080045a4   0x00000004   Code   RO         1679    .text.USER_read     user_diskio.o
    0x080045a8   0x080045a8   0x00000004   Code   RO         1677    .text.USER_status   user_diskio.o
    0x080045ac   0x080045ac   0x00000004   Code   RO         1681    .text.USER_write    user_diskio.o
    0x080045b0   0x080045b0   0x00000002   Code   RO           63    .text.UsageFault_Handler  stm32f4xx_it.o
    0x080045b2   0x080045b2   0x00000002   PAD
    0x080045b4   0x080045b4   0x00000024   Code   RO          549    .text.__NVIC_SetPriority  stm32f4xx_hal_cortex.o
    0x080045d8   0x080045d8   0x00000024   Code   RO           29    .text.__NVIC_SystemReset  main.o
    0x080045fc   0x080045fc   0x00000002   Code   RO         1452    .text.checkErr      warn_err.o
    0x080045fe   0x080045fe   0x00000002   Code   RO         1450    .text.checkWarn     warn_err.o
    0x08004600   0x08004600   0x00000070   Code   RO         1836    .text.check_fs      ff.o
    0x08004670   0x08004670   0x00000070   Code   RO         1748    .text.chk_lock      ff.o
    0x080046e0   0x080046e0   0x00000020   Code   RO         1740    .text.clear_lock    ff.o
    0x08004700   0x08004700   0x0000002c   Code   RO         1774    .text.clmt_clust    ff.o
    0x0800472c   0x0800472c   0x00000016   Code   RO         1768    .text.clust2sect    ff.o
    0x08004742   0x08004742   0x00000002   PAD
    0x08004744   0x08004744   0x00000148   Code   RO         1656    .text.confirmClick  popupwindow.o
    0x0800488c   0x0800488c   0x000000cc   Code   RO         1780    .text.create_chain  ff.o
    0x08004958   0x08004958   0x00000174   Code   RO         1340    .text.dataCalcADC   work.o
    0x08004acc   0x08004acc   0x00000044   Code   RO         1788    .text.dec_lock      ff.o
    0x08004b10   0x08004b10   0x000000b8   Code   RO         1458    .text.delWarn       warn_err.o
    0x08004bc8   0x08004bc8   0x00000188   Code   RO         1838    .text.dir_find      ff.o
    0x08004d50   0x08004d50   0x0000012c   Code   RO         1804    .text.dir_next      ff.o
    0x08004e7c   0x08004e7c   0x000002b8   Code   RO         1750    .text.dir_register  ff.o
    0x08005134   0x08005134   0x000000a4   Code   RO         1794    .text.dir_sdi       ff.o
    0x080051d8   0x080051d8   0x0000001c   Code   RO         1715    .text.disk_initialize  diskio.o
    0x080051f4   0x080051f4   0x00000014   Code   RO         1721    .text.disk_ioctl    diskio.o
    0x08005208   0x08005208   0x0000001c   Code   RO         1717    .text.disk_read     diskio.o
    0x08005224   0x08005224   0x00000010   Code   RO         1713    .text.disk_status   diskio.o
    0x08005234   0x08005234   0x00000020   Code   RO         1719    .text.disk_write    diskio.o
    0x08005254   0x08005254   0x00000044   Code   RO         1613    .text.engineHoursGet  menu_second.o
    0x08005298   0x08005298   0x00000070   Code   RO         1342    .text.exponentialRunningAverage  work.o
    0x08005308   0x08005308   0x00000024   Code   RO         1786    .text.f_close       ff.o
    0x0800532c   0x0800532c   0x000000ea   Code   RO         1808    .text.f_getfree     ff.o
    0x08005416   0x08005416   0x00000058   Code   RO         1824    .text.f_gets        ff.o
    0x0800546e   0x0800546e   0x00000272   Code   RO         1790    .text.f_lseek       ff.o
    0x080056e0   0x080056e0   0x00000054   Code   RO         1736    .text.f_mount       ff.o
    0x08005734   0x08005734   0x0000023c   Code   RO         1744    .text.f_open        ff.o
    0x08005970   0x08005970   0x0000002a   Code   RO         1832    .text.f_puts        ff.o
    0x0800599a   0x0800599a   0x00000180   Code   RO         1770    .text.f_read        ff.o
    0x08005b1a   0x08005b1a   0x00000092   Code   RO         1782    .text.f_sync        ff.o
    0x08005bac   0x08005bac   0x000001ae   Code   RO         1778    .text.f_write       ff.o
    0x08005d5a   0x08005d5a   0x00000002   PAD
    0x08005d5c   0x08005d5c   0x00000040   Code   RO         1885    .text.ff_convert    ccsbcs.o
    0x08005d9c   0x08005d9c   0x00000088   Code   RO         1887    .text.ff_wtoupper   ccsbcs.o
    0x08005e24   0x08005e24   0x00000294   Code   RO         1742    .text.find_volume   ff.o
    0x080060b8   0x080060b8   0x000002a0   Code   RO         1746    .text.follow_path   ff.o
    0x08006358   0x08006358   0x000000ec   Code   RO         1317    .text.getFillStructureStoryParameters  init.o
    0x08006444   0x08006444   0x000000cc   Code   RO         1581    .text.getTouch      touch.o
    0x08006510   0x08006510   0x000000e8   Code   RO         1766    .text.get_fat       ff.o
    0x080065f8   0x080065f8   0x00000004   Code   RO         1698    .text.get_fattime   fatfs.o
    0x080065fc   0x080065fc   0x00000042   Code   RO         1738    .text.get_ldnumber  ff.o
    0x0800663e   0x0800663e   0x00000002   PAD
    0x08006640   0x08006640   0x00000284   Code   RO         1623    .text.get_v_menu    menu_second.o
    0x080068c4   0x080068c4   0x0000009c   Code   RO         1762    .text.inc_lock      ff.o
    0x08006960   0x08006960   0x000000d4   Code   RO         1311    .text.initDevice    init.o
    0x08006a34   0x08006a34   0x00000048   Code   RO         1313    .text.initTFT       init.o
    0x08006a7c   0x08006a7c   0x0000001e   Code   RO         1754    .text.ld_clust      ff.o
    0x08006a9a   0x08006a9a   0x00000004   Code   RO         1764    .text.ld_dword      ff.o
    0x08006a9e   0x08006a9e   0x00000002   PAD
    0x08006aa0   0x08006aa0   0x0000001c   Code   RO         1321    .text.ledTFTInit    init.o
    0x08006abc   0x08006abc   0x0000009a   Code   RO         1658    .text.lineAlignment  popupwindow.o
    0x08006b56   0x08006b56   0x00000002   PAD
    0x08006b58   0x08006b58   0x00000450   Code   RO           11    .text.main          main.o
    0x08006fa8   0x08006fa8   0x00000568   Code   RO         1621    .text.manualRelaySwitchMenu  menu_second.o
    0x08007510   0x08007510   0x00000010   Code   RO         1776    .text.mem_cpy       ff.o
    0x08007520   0x08007520   0x000000a4   Code   RO         1544    .text.menuChangeState  menu_main.o
    0x080075c4   0x080075c4   0x000004e4   Code   RO         1639    .text.menuGetErrors  menu_warn_err.o
    0x08007aa8   0x08007aa8   0x00000334   Code   RO         1641    .text.menuGetWarnings  menu_warn_err.o
    0x08007ddc   0x08007ddc   0x0000066c   Code   RO         1548    .text.menuMain      menu_main.o
    0x08008448   0x08008448   0x00000058   Code   RO         1546    .text.menuSwich     menu_main.o
    0x080084a0   0x080084a0   0x00000038   Code   RO         1760    .text.move_window   ff.o
    0x080084d8   0x080084d8   0x00000190   Code   RO         1660    .text.notification  popupwindow.o
    0x08008668   0x08008668   0x00000070   Code   RO         1315    .text.outputInit    init.o
    0x080086d8   0x080086d8   0x0000007c   Code   RO         1617    .text.powerOutageGet  menu_second.o
    0x08008754   0x08008754   0x0000003c   Code   RO           27    .text.prvGetRegistersFromStack  main.o
    0x08008790   0x08008790   0x00000118   Code   RO         1842    .text.put_fat       ff.o
    0x080088a8   0x080088a8   0x00000046   Code   RO         1828    .text.putc_bfd      ff.o
    0x080088ee   0x080088ee   0x0000002c   Code   RO         1830    .text.putc_flush    ff.o
    0x0800891a   0x0800891a   0x00000006   PAD
    0x08008920   0x08008920   0x000000d0   Code   RO         1482    .text.readFileSdCard  fatfs_sd.o
    0x080089f0   0x080089f0   0x00000144   Code   RO         1480    .text.recFileSdCard  fatfs_sd.o
    0x08008b34   0x08008b34   0x000000a8   Code   RO         1478    .text.recLog        fatfs_sd.o
    0x08008bdc   0x08008bdc   0x0000006c   Code   RO         1758    .text.remove_chain  ff.o
    0x08008c48   0x08008c48   0x00000020   Code   RO         1460    .text.resetErrors   warn_err.o
    0x08008c68   0x08008c68   0x00000020   Code   RO         1462    .text.resetWarning  warn_err.o
    0x08008c88   0x08008c88   0x000002f4   Code   RO         1611    .text.secondMain    menu_second.o
    0x08008f7c   0x08008f7c   0x00000170   Code   RO         1567    .text.serviseTouch  menu_servise.o
    0x080090ec   0x080090ec   0x00000058   Code   RO         1615    .text.serviseWorkGet  menu_second.o
    0x08009144   0x08009144   0x00000674   Code   RO         1596    .text.setData       settdatatime.o
    0x080097b8   0x080097b8   0x000002dc   Code   RO         1456    .text.setErr        warn_err.o
    0x08009a94   0x08009a94   0x00000734   Code   RO         1319    .text.setFillStructureStoryParameters  init.o
    0x0800a1c8   0x0800a1c8   0x000004b8   Code   RO         1594    .text.setTime       settdatatime.o
    0x0800a680   0x0800a680   0x00000130   Code   RO         1454    .text.setWarn       warn_err.o
    0x0800a7b0   0x0800a7b0   0x00000018   Code   RO         1756    .text.st_clust      ff.o
    0x0800a7c8   0x0800a7c8   0x00000010   Code   RO         1752    .text.st_dword      ff.o
    0x0800a7d8   0x0800a7d8   0x00000080   Code   RO         1619    .text.startEngineGet  menu_second.o
    0x0800a858   0x0800a858   0x0000001c   Code   RO         1840    .text.sum_sfn       ff.o
    0x0800a874   0x0800a874   0x00000414   Code   RO         1550    .text.switchAvrAutomatic  menu_main.o
    0x0800ac88   0x0800ac88   0x00000078   Code   RO         1784    .text.sync_fs       ff.o
    0x0800ad00   0x0800ad00   0x0000004e   Code   RO         1818    .text.sync_window   ff.o
    0x0800ad4e   0x0800ad4e   0x00000032   Code   RO         1772    .text.validate      ff.o
    0x0800ad80   0x0800ad80   0x00000016   Code   RO         1338    .text.work          work.o
    0x0800ad96   0x0800ad96   0x00000002   PAD
    0x0800ad98   0x0800ad98   0x00000030   Code   RO         2150    i.__0snprintf       mc_w.l(printfa.o)
    0x0800adc8   0x0800adc8   0x00000028   Code   RO         2151    i.__0sprintf        mc_w.l(printfa.o)
    0x0800adf0   0x0800adf0   0x00000008   Code   RO         2246    i.__aeabi_errno_addr  mc_w.l(errno.o)
    0x0800adf8   0x0800adf8   0x0000000e   Code   RO         2274    i.__scatterload_copy  mc_w.l(handlers.o)
    0x0800ae06   0x0800ae06   0x00000002   Code   RO         2275    i.__scatterload_null  mc_w.l(handlers.o)
    0x0800ae08   0x0800ae08   0x0000000e   Code   RO         2276    i.__scatterload_zeroinit  mc_w.l(handlers.o)
    0x0800ae16   0x0800ae16   0x00000002   PAD
    0x0800ae18   0x0800ae18   0x00000184   Code   RO         2156    i._fp_digits        mc_w.l(printfa.o)
    0x0800af9c   0x0800af9c   0x000006dc   Code   RO         2157    i._printf_core      mc_w.l(printfa.o)
    0x0800b678   0x0800b678   0x00000024   Code   RO         2158    i._printf_post_padding  mc_w.l(printfa.o)
    0x0800b69c   0x0800b69c   0x0000002e   Code   RO         2159    i._printf_pre_padding  mc_w.l(printfa.o)
    0x0800b6ca   0x0800b6ca   0x00000016   Code   RO         2160    i._snputc           mc_w.l(printfa.o)
    0x0800b6e0   0x0800b6e0   0x0000000a   Code   RO         2161    i._sputc            mc_w.l(printfa.o)
    0x0800b6ea   0x0800b6ea   0x00000081   Data   RO         2219    .constdata          mc_w.l(ctype_o.o)
    0x0800b76b   0x0800b76b   0x00000001   PAD
    0x0800b76c   0x0800b76c   0x00000004   Data   RO         2220    .constdata          mc_w.l(ctype_o.o)
    0x0800b770   0x0800b770   0x0000000c   Data   RO         1553    .rodata..Lswitch.table.switchAvrAutomatic.56  menu_main.o
    0x0800b77c   0x0800b77c   0x00000010   Data   RO         1298    .rodata.AHBPrescTable  system_stm32f4xx.o
    0x0800b78c   0x0800b78c   0x00000080   Data   RO         1848    .rodata.ExCvt       ff.o
    0x0800b80c   0x0800b80c   0x000017a0   Data   RO         1433    .rodata.Font11x18   fonts.o
    0x0800cfac   0x0800cfac   0x00002220   Data   RO         1434    .rodata.Font16x26   fonts.o
    0x0800f1cc   0x0800f1cc   0x00000bd0   Data   RO         1432    .rodata.Font7x9     fonts.o
    0x0800fd9c   0x0800fd9c   0x0000000d   Data   RO         1849    .rodata.LfnOfs      ff.o
    0x0800fda9   0x0800fda9   0x00000001   PAD
    0x0800fdaa   0x0800fdaa   0x00000100   Data   RO         1889    .rodata.Tbl         ccsbcs.o
    0x0800feaa   0x0800feaa   0x00000001   Data   RO         1419    .rodata.cmd_read_x  xpt2046_touch.o
    0x0800feab   0x0800feab   0x00000001   Data   RO         1417    .rodata.cmd_read_y  xpt2046_touch.o
    0x0800feac   0x0800feac   0x000004b2   Data   RO         1323    .rodata.str1.1      init.o
    0x0801035e   0x0801035e   0x000004bc   Data   RO         1464    .rodata.str1.1      warn_err.o
    0x0801081a   0x0801081a   0x0000007d   Data   RO         1514    .rodata.str1.1      fatfs_sd.o
    0x08010897   0x08010897   0x00000800   Data   RO         1552    .rodata.str1.1      menu_main.o
    0x08011097   0x08011097   0x0000000f   Data   RO         1569    .rodata.str1.1      menu_servise.o
    0x080110a6   0x080110a6   0x000000f8   Data   RO         1598    .rodata.str1.1      settdatatime.o
    0x0801119e   0x0801119e   0x000005c3   Data   RO         1625    .rodata.str1.1      menu_second.o
    0x08011761   0x08011761   0x000002a6   Data   RO         1643    .rodata.str1.1      menu_warn_err.o
    0x08011a07   0x08011a07   0x00000010   Data   RO         1845    .rodata.str1.1      ff.o
    0x08011a17   0x08011a17   0x00000001   PAD
    0x08011a18   0x08011a18   0x0000005d   Data   RO         1324    .rodata.str1.4      init.o
    0x08011a75   0x08011a75   0x00000001   PAD
    0x08011a76   0x08011a76   0x000002ae   Data   RO         1890    .rodata.str2.2      ccsbcs.o
    0x08011d24   0x08011d24   0x00000002   Data   RO         1418    .rodata.zeroes_tx   xpt2046_touch.o
    0x08011d26   0x08011d26   0x00000002   PAD
    0x08011d28   0x08011d28   0x00000020   Data   RO         2272    Region$$Table       anon$$obj.o


    Execution Region RW_IRAM1 (Exec base: 0x20000000, Load base: 0x08011d50, Size: 0x00003538, Max: 0x00020000, ABSOLUTE)

    Exec Addr    Load Addr    Size         Type   Attr      Idx    E Section Name        Object

    0x20000000   0x08011d50   0x00000004   Data   RW         2249    .data               mc_w.l(errno.o)
    0x20000004   0x08011d54   0x0000000c   Data   RW          650    .data..L_MergedGlobals  stm32f4xx_hal.o
    0x20000010   0x08011d60   0x00000004   Data   RW         1403    .data..L_MergedGlobals  ili9341_gfx.o
    0x20000014   0x08011d64   0x0000000c   PAD
    0x20000020   0x08011d70   0x0000001c   Data   RW         1520    .data..L_MergedGlobals  fatfs_sd.o
    0x2000003c   0x08011d8c   0x00000004   PAD
    0x20000040   0x08011d90   0x00000065   Data   RW         1554    .data..L_MergedGlobals  menu_main.o
    0x200000a5   0x08011df5   0x00000003   PAD
    0x200000a8   0x08011df8   0x00000008   Data   RW         1438    .data.Font_11x18    fonts.o
    0x200000b0   0x08011e00   0x00000008   Data   RW         1439    .data.Font_16x26    fonts.o
    0x200000b8   0x08011e08   0x00000008   Data   RW         1437    .data.Font_7x9      fonts.o
    0x200000c0   0x08011e10   0x00000004   Data   RW         1297    .data.SystemCoreClock  system_stm32f4xx.o
    0x200000c4   0x08011e14   0x00000014   Data   RW         1685    .data.USER_Driver   user_diskio.o
    0x200000d8   0x08011e28   0x00000004   Data   RW           34    .data.pAVR          main.o
    0x200000dc   0x08011e2c   0x00000004   PAD
    0x200000e0        -       0x0000006c   Zero   RW           37    .bss..L_MergedGlobals  main.o
    0x2000014c   0x08011e2c   0x00000004   PAD
    0x20000150        -       0x00000064   Zero   RW         1325    .bss..L_MergedGlobals  init.o
    0x200001b4        -       0x00000002   Zero   RW         1570    .bss..L_MergedGlobals  menu_servise.o
    0x200001b6   0x08011e2c   0x00000002   PAD
    0x200001b8        -       0x0000000a   Zero   RW         1599    .bss..L_MergedGlobals  settdatatime.o
    0x200001c2   0x08011e2c   0x00000002   PAD
    0x200001c4        -       0x0000000c   Zero   RW         1627    .bss..L_MergedGlobals  menu_second.o
    0x200001d0        -       0x00000008   Zero   RW         1644    .bss..L_MergedGlobals  menu_warn_err.o
    0x200001d8        -       0x0000000c   Zero   RW         1663    .bss..L_MergedGlobals  popupwindow.o
    0x200001e4        -       0x00000005   Zero   RW         1702    .bss..L_MergedGlobals  fatfs.o
    0x200001e9   0x08011e2c   0x00000003   PAD
    0x200001ec        -       0x00000008   Zero   RW         1850    .bss..L_MergedGlobals  ff.o
    0x200001f4   0x08011e2c   0x0000000c   PAD
    0x20000200        -       0x00000048   Zero   RW           38    .bss..L_MergedGlobals.1  main.o
    0x20000248   0x08011e2c   0x00000008   PAD
    0x20000250        -       0x00000048   Zero   RW           39    .bss..L_MergedGlobals.2  main.o
    0x20000298   0x08011e2c   0x00000008   PAD
    0x200002a0        -       0x00000058   Zero   RW           40    .bss..L_MergedGlobals.3  main.o
    0x200002f8   0x08011e2c   0x00000008   PAD
    0x20000300        -       0x0000007d   Zero   RW         1326    .bss..L_MergedGlobals.34  init.o
    0x2000037d   0x08011e2c   0x00000003   PAD
    0x20000380        -       0x00000058   Zero   RW           41    .bss..L_MergedGlobals.4  main.o
    0x200003d8        -       0x0000000c   Zero   RW         1555    .bss..L_MergedGlobals.57  menu_main.o
    0x200003e4        -       0x00000002   Zero   RW         1521    .bss..L_MergedGlobals.9  fatfs_sd.o
    0x200003e6   0x08011e2c   0x00000002   PAD
    0x200003e8        -       0x000000ec   Zero   RW           33    .bss.AVR            main.o
    0x200004d4        -       0x00001038   Zero   RW         1516    .bss.FatFs          fatfs_sd.o
    0x2000150c        -       0x00000001   Zero   RW           79    .bss.FatFsCnt       stm32f4xx_it.o
    0x2000150d   0x08011e2c   0x00000003   PAD
    0x20001510        -       0x00001030   Zero   RW         1517    .bss.Fil            fatfs_sd.o
    0x20002540        -       0x00000020   Zero   RW         1846    .bss.Files          ff.o
    0x20002560        -       0x00000200   Zero   RW         1847    .bss.LfnBuf         ff.o
    0x20002760        -       0x00000400   Zero   RW         1518    .bss.RW_Buffer      fatfs_sd.o
    0x20002b60        -       0x00000002   Zero   RW         1519    .bss.Timer2         fatfs_sd.o
    0x20002b62        -       0x00000400   Zero   RW         1515    .bss.buff           fatfs_sd.o
    0x20002f62   0x08011e2c   0x00000002   PAD
    0x20002f64        -       0x0000000c   Zero   RW         1872    .bss.disk           ff_gen_drv.o
    0x20002f70        -       0x00000060   Zero   RW           35    .bss.hdma_adc1      main.o
    0x20002fd0        -       0x00000064   Zero   RW         1626    .bss.header         menu_second.o
    0x20003034        -       0x000000c8   Zero   RW         1662    .bss.popUpWinBuf    popupwindow.o
    0x200030fc        -       0x00000014   Zero   RW           32    .bss.sTime          main.o
    0x20003110        -       0x00000020   Zero   RW           31    .bss.stack          main.o
    0x20003130        -       0x00000004   Zero   RW         1583    .bss.time_press     touch.o
    0x20003134   0x08011e2c   0x00000004   PAD
    0x20003138        -       0x00000400   Zero   RW            1    STACK               startup_stm32f411xe.o


==============================================================================

Image component sizes


      Code (inc. data)   RO Data    RW Data    ZI Data      Debug   Object Name

       200         22        942          0          0       1670   ccsbcs.o
       124          4          0          0          0       2007   diskio.o
        28          8          0          0          5       2161   fatfs.o
      2804        330        125         28      10348      10266   fatfs_sd.o
      7498         80        157          0        552      43434   ff.o
        74          4          0          0         12       2693   ff_gen_drv.o
         0          0      17808         24          0       1194   fonts.o
      3000         60          0          4          0      13107   ili9341_gfx.o
      2504        348       1295          0        225       4372   init.o
      1530        108          0          4        812      20795   main.o
      2940        542       2060        101         12       4598   menu_main.o
      3192        740       1475          0        112       4685   menu_second.o
       368         36         15          0          2       1422   menu_servise.o
      2072        420        678          0          8       2920   menu_warn_err.o
       882         60          0          0        212       3317   popupwindow.o
      2860        416        248          0         10       3226   settdatatime.o
        36          8        408          0       1024        820   startup_stm32f411xe.o
       164          8          0         12          0       7747   stm32f4xx_hal.o
      1148         44          0          0          0      10641   stm32f4xx_hal_adc.o
       204         28          0          0          0      10444   stm32f4xx_hal_cortex.o
      1014         20          0          0          0       8646   stm32f4xx_hal_dma.o
       664         32          0          0          0       5529   stm32f4xx_hal_gpio.o
       712         56          0          0          0      13046   stm32f4xx_hal_msp.o
      1296         40          0          0          0       7955   stm32f4xx_hal_rcc.o
       332         20          0          0          0       4786   stm32f4xx_hal_rcc_ex.o
      1376         28          0          0          0      11403   stm32f4xx_hal_rtc.o
         2          0          0          0          0      13470   stm32f4xx_hal_rtc_ex.o
      1360          8          0          0          0      21386   stm32f4xx_hal_spi.o
       932         52          0          0          0      42483   stm32f4xx_hal_tim.o
       192          0          0          0          0      18289   stm32f4xx_hal_tim_ex.o
       124         16          0          0          1       2059   stm32f4xx_it.o
        16          4         16          4          0       2812   system_stm32f4xx.o
       204         16          0          0          4       1599   touch.o
        20          0          0         20          0       1941   user_diskio.o
      1288        448       1212          0          0       2792   warn_err.o
       506         56          0          0          0       1713   work.o
       264         28          4          0          0       1879   xpt2046_touch.o

    ----------------------------------------------------------------------
     41972       4090      26480        216      13404     313307   Object Totals
         0          0         32          0          0          0   (incl. Generated)
        42          0          5         19         65          0   (incl. Padding)

    ----------------------------------------------------------------------

      Code (inc. data)   RO Data    RW Data    ZI Data      Debug   Library Member Name

        28          0          0          0          0         68   _chval.o
       158          0          0          0          0         92   _strtoul.o
         8          4        133          0          0         68   ctype_o.o
         0          0          0          0          0          0   entry.o
         0          0          0          0          0          0   entry10a.o
         0          0          0          0          0          0   entry11a.o
         8          4          0          0          0          0   entry2.o
         4          0          0          0          0          0   entry5.o
         0          0          0          0          0          0   entry7b.o
         0          0          0          0          0          0   entry8b.o
         8          4          0          0          0          0   entry9a.o
         8          4          0          4          0         68   errno.o
        30          0          0          0          0          0   handlers.o
        36          8          0          0          0         68   init.o
         0          0          0          0          0          0   iusefp.o
        30          0          0          0          0         68   llshl.o
        36          0          0          0          0         68   llsshr.o
        32          0          0          0          0         68   llushr.o
        36          0          0          0          0         68   memcpya.o
        36          0          0          0          0        108   memseta.o
      2346         90          0          0          0        672   printfa.o
        14          0          0          0          0         68   strlen.o
        24          0          0          0          0         76   strncpy.o
       112          0          0          0          0         88   strtol.o
        44          0          0          0          0         80   uidiv.o
        98          0          0          0          0         92   uldiv.o
        48          0          0          0          0         68   cdrcmple.o
        56          0          0          0          0         88   d2f.o
       334          0          0          0          0        148   dadd.o
       222          0          0          0          0        100   ddiv.o
       186          0          0          0          0        176   depilogue.o
        50          0          0          0          0         76   dfixui.o
        48          0          0          0          0         68   dfixul.o
        26          0          0          0          0         76   dfltui.o
       228          0          0          0          0         96   dmul.o
        38          0          0          0          0         68   f2d.o
       110          0          0          0          0        168   fepilogue.o

    ----------------------------------------------------------------------
      4446        114        134          4          0       2952   Library Totals
         4          0          1          0          0          0   (incl. Padding)

    ----------------------------------------------------------------------

      Code (inc. data)   RO Data    RW Data    ZI Data      Debug   Library Name

      3096        114        133          4          0       1820   mc_w.l
      1346          0          0          0          0       1132   mf_w.l

    ----------------------------------------------------------------------
      4446        114        134          4          0       2952   Library Totals

    ----------------------------------------------------------------------

==============================================================================


      Code (inc. data)   RO Data    RW Data    ZI Data      Debug   

     46418       4204      26614        220      13404     314359   Grand Totals
     46418       4204      26614        220      13404     314359   ELF Image Totals
     46418       4204      26614        220          0          0   ROM Totals

==============================================================================

    Total RO  Size (Code + RO Data)                73032 (  71.32kB)
    Total RW  Size (RW Data + ZI Data)             13624 (  13.30kB)
    Total ROM Size (Code + RO Data + RW Data)      73252 (  71.54kB)

==============================================================================

